Component: ARM Compiler 5.06 update 7 (build 960) Tool: armlink [4d3601]

==============================================================================

Section Cross References

    main.o(i.handerLowPowerConsumption) refers to nrf_pwr_mgmt.o(i.nrf_pwr_mgmt_init) for nrf_pwr_mgmt_init
    main.o(i.handerLowPowerConsumption) refers to nrf_pwr_mgmt.o(i.nrf_pwr_mgmt_run) for nrf_pwr_mgmt_run
    main.o(i.initPeripherals) refers to port.o(i.initNRF52Port) for initNRF52Port
    main.o(i.initPeripherals) refers to port.o(i.initComoPort) for initComoPort
    main.o(i.initPeripherals) refers to uart.o(i.initUART) for initUART
    main.o(i.initPeripherals) refers to rtt.o(i.initSeggerRTT) for initSeggerRTT
    main.o(i.initPeripherals) refers to i2c.o(i.initI2C) for initI2C
    main.o(i.initPeripherals) refers to spi.o(i.initSPI) for initSPI
    main.o(i.initPeripherals) refers to adc.o(i.initADC) for initADC
    main.o(i.initPeripherals) refers to pinchangeinterrupt.o(i.initPinChangeInterrupt) for initPinChangeInterrupt
    main.o(i.initPeripherals) refers to nrf_log_frontend.o(i.nrf_log_frontend_std_0) for nrf_log_frontend_std_0
    main.o(i.initPeripherals) refers to nrf_log_frontend.o(i.nrf_log_frontend_dequeue) for nrf_log_frontend_dequeue
    main.o(i.initPeripherals) refers to main.o(.constdata) for .constdata
    main.o(i.initPeripherals) refers to nrf_log_frontend.o(log_const_data) for m_nrf_log_app_logs_data_const
    main.o(i.initSensors) refers to bma400.o(i.initBMA400Tap) for initBMA400Tap
    main.o(i.initSensors) refers to nrf_log_frontend.o(i.nrf_log_frontend_std_0) for nrf_log_frontend_std_0
    main.o(i.initSensors) refers to nrf_log_frontend.o(i.nrf_log_frontend_dequeue) for nrf_log_frontend_dequeue
    main.o(i.initSensors) refers to nrf_log_frontend.o(log_const_data) for m_nrf_log_app_logs_data_const
    main.o(i.main) refers to port.o(i.initPowerHold) for initPowerHold
    main.o(i.main) refers to main.o(i.initPeripherals) for initPeripherals
    main.o(i.main) refers to main.o(i.initSensors) for initSensors
    main.o(i.main) refers to main.o(i.handerLowPowerConsumption) for handerLowPowerConsumption
    main.o(i.main) refers to pinchangeinterrupt.o(i.isBMA400Tap) for isBMA400Tap
    main.o(i.main) refers to nrf_log_frontend.o(i.nrf_log_frontend_std_0) for nrf_log_frontend_std_0
    main.o(i.main) refers to nrf_log_frontend.o(i.nrf_log_frontend_dequeue) for nrf_log_frontend_dequeue
    main.o(i.main) refers to pinchangeinterrupt.o(i.disableBMA400Tap) for disableBMA400Tap
    main.o(i.main) refers to bma400.o(i.BMA400Tap) for BMA400Tap
    main.o(i.main) refers to nrf_log_frontend.o(log_const_data) for m_nrf_log_app_logs_data_const
    boards.o(i.bsp_board_button_idx_to_pin) refers to boards.o(.constdata) for .constdata
    boards.o(i.bsp_board_button_state_get) refers to boards.o(.constdata) for .constdata
    boards.o(i.bsp_board_init) refers to boards.o(i.nrf_gpio_cfg) for nrf_gpio_cfg
    boards.o(i.bsp_board_init) refers to boards.o(i.bsp_board_leds_off) for bsp_board_leds_off
    boards.o(i.bsp_board_init) refers to boards.o(.constdata) for .constdata
    boards.o(i.bsp_board_led_idx_to_pin) refers to boards.o(.constdata) for .constdata
    boards.o(i.bsp_board_led_invert) refers to boards.o(.constdata) for .constdata
    boards.o(i.bsp_board_led_off) refers to boards.o(i.nrf_gpio_pin_write) for nrf_gpio_pin_write
    boards.o(i.bsp_board_led_off) refers to boards.o(.constdata) for .constdata
    boards.o(i.bsp_board_led_on) refers to boards.o(i.nrf_gpio_pin_write) for nrf_gpio_pin_write
    boards.o(i.bsp_board_led_on) refers to boards.o(.constdata) for .constdata
    boards.o(i.bsp_board_led_state_get) refers to boards.o(.constdata) for .constdata
    boards.o(i.bsp_board_leds_off) refers to boards.o(i.bsp_board_led_off) for bsp_board_led_off
    boards.o(i.bsp_board_leds_on) refers to boards.o(i.bsp_board_led_on) for bsp_board_led_on
    boards.o(i.bsp_board_pin_to_button_idx) refers to boards.o(.constdata) for .constdata
    boards.o(i.bsp_board_pin_to_led_idx) refers to boards.o(.constdata) for .constdata
    nrf_drv_ppi.o(i.nrf_drv_ppi_init) refers to nrf_drv_ppi.o(.data) for .data
    nrf_drv_ppi.o(i.nrf_drv_ppi_uninit) refers to nrfx_ppi.o(i.nrfx_ppi_free_all) for nrfx_ppi_free_all
    nrf_drv_ppi.o(i.nrf_drv_ppi_uninit) refers to nrf_drv_ppi.o(.data) for .data
    nrfx_atomic.o(i.nrfx_atomic_flag_clear) refers to nrfx_atomic.o(i.nrfx_atomic_u32_and) for nrfx_atomic_u32_and
    nrfx_atomic.o(i.nrfx_atomic_flag_clear_fetch) refers to nrfx_atomic.o(i.nrfx_atomic_u32_fetch_and) for nrfx_atomic_u32_fetch_and
    nrfx_atomic.o(i.nrfx_atomic_flag_set) refers to nrfx_atomic.o(i.nrfx_atomic_u32_or) for nrfx_atomic_u32_or
    nrfx_atomic.o(i.nrfx_atomic_flag_set_fetch) refers to nrfx_atomic.o(i.nrfx_atomic_u32_fetch_or) for nrfx_atomic_u32_fetch_or
    nrfx_atomic.o(i.nrfx_atomic_u32_add) refers to nrfx_atomic.o(.emb_text) for __asm___13_nrfx_atomic_c_3bd32246__nrfx_atomic_internal_add
[...]
    m_cb                                     0x20000180   Data          52  nrfx_twim.o(.bss)
    .bss                                     0x200001b4   Section       36  nrfx_uarte.o(.bss)
    m_cb                                     0x200001b4   Data          36  nrfx_uarte.o(.bss)
    .bss                                     0x200001d8   Section       44  nrfx_uart.o(.bss)
    m_cb                                     0x200001d8   Data          44  nrfx_uart.o(.bss)
    .bss                                     0x20000204   Section       48  nrfx_saadc.o(.bss)
    m_cb                                     0x20000204   Data          48  nrfx_saadc.o(.bss)
    .bss                                     0x20000234   Section       36  nrfx_spim.o(.bss)
    m_cb                                     0x20000234   Data          36  nrfx_spim.o(.bss)
    .bss                                     0x20000258   Section       24  nrf_drv_spi.o(.bss)
    m_handlers                               0x20000258   Data          12  nrf_drv_spi.o(.bss)
    m_contexts                               0x20000264   Data          12  nrf_drv_spi.o(.bss)
    .bss                                     0x20000270   Section       12  nrf_pwr_mgmt.o(.bss)
    m_handlers_iter                          0x20000270   Data          12  nrf_pwr_mgmt.o(.bss)
    .bss                                     0x2000027c   Section       32  app_uart_fifo.o(.bss)
    m_rx_fifo                                0x2000027c   Data          16  app_uart_fifo.o(.bss)
    m_tx_fifo                                0x2000028c   Data          16  app_uart_fifo.o(.bss)
    .bss                                     0x2000029c   Section       64  nrf_log_backend_rtt.o(.bss)
    m_string_buff                            0x2000029c   Data          64  nrf_log_backend_rtt.o(.bss)
    .bss                                     0x200002dc   Section      192  nrf_log_frontend.o(.bss)
    log_mempool_nrf_balloc_pool_mem          0x200002dc   Data         192  nrf_log_frontend.o(.bss)
    .bss                                     0x2000039c   Section      128  nrf_log_frontend.o(.bss)
    m_log_push_ringbuf_buf                   0x2000039c   Data         128  nrf_log_frontend.o(.bss)
    .bss                                     0x2000041c   Section       24  nrf_log_frontend.o(.bss)
    m_log_push_ringbuf_cb                    0x2000041c   Data          24  nrf_log_frontend.o(.bss)
    .bss                                     0x20000434   Section     1056  nrf_log_frontend.o(.bss)
    m_log_data                               0x20000434   Data        1056  nrf_log_frontend.o(.bss)
    .bss                                     0x20000854   Section      648  segger_rtt.o(.bss)
    _acUpBuffer                              0x200008cc   Data         512  segger_rtt.o(.bss)
    _acDownBuffer                            0x20000acc   Data          16  segger_rtt.o(.bss)
    .bss                                     0x20000adc   Section      512  uart.o(.bss)
    rx_buf                                   0x20000adc   Data         256  uart.o(.bss)
    tx_buf                                   0x20000bdc   Data         256  uart.o(.bss)
    .bss                                     0x20000cdc   Section       96  libspace.o(.bss)
    HEAP                                     0x20000d40   Section     4096  arm_startup_nrf52.o(HEAP)
    Heap_Mem                                 0x20000d40   Data        4096  arm_startup_nrf52.o(HEAP)
    STACK                                    0x20001d40   Section     4096  arm_startup_nrf52.o(STACK)
    Stack_Mem                                0x20001d40   Data        4096  arm_startup_nrf52.o(STACK)
    __initial_sp                             0x20002d40   Data           0  arm_startup_nrf52.o(STACK)

    Global Symbols

    Symbol Name                              Value     Ov Type        Size  Object(Section)

    BuildAttributes$$THM_ISAv4$E$P$D$K$B$S$7EM$VFPi3$EXTD16$VFPS$VFMA$PE$A:L22UL41UL21$X:L11$S22US41US21$IEEE1$IW$USESV6$~STKCKD$USESV7$~SHL$OSPACE$ROPI$EBA8$UX$STANDARDLIB$REQ8$EABIv2 0x00000000   Number         0  anon$$obj.o ABSOLUTE
    __ARM_use_no_argv                        0x00000000   Number         0  main.o ABSOLUTE
    __Vectors                                0x00000000   Data           4  arm_startup_nrf52.o(RESET)
    __ARM_exceptions_init                     - Undefined Weak Reference
    __alloca_initialize                       - Undefined Weak Reference
    __arm_fini_                               - Undefined Weak Reference
    __arm_preinit_                            - Undefined Weak Reference
    __cpp_initialize__aeabi_                  - Undefined Weak Reference
    __cxa_finalize                            - Undefined Weak Reference
    __sigvec_lookup                           - Undefined Weak Reference
    _atexit_init                              - Undefined Weak Reference
    _call_atexit_fns                          - Undefined Weak Reference
    _clock_init                               - Undefined Weak Reference
    _fp_trap_init                             - Undefined Weak Reference
    _fp_trap_shutdown                         - Undefined Weak Reference
    _get_lc_collate                           - Undefined Weak Reference
    _get_lc_monetary                          - Undefined Weak Reference
    _get_lc_numeric                           - Undefined Weak Reference
    _get_lc_time                              - Undefined Weak Reference
    _getenv_init                              - Undefined Weak Reference
    _handle_redirection                       - Undefined Weak Reference
    _init_alloc                               - Undefined Weak Reference
    _init_user_alloc                          - Undefined Weak Reference
    _initio                                   - Undefined Weak Reference
    _rand_init                                - Undefined Weak Reference
    _signal_finish                            - Undefined Weak Reference
    _signal_init                              - Undefined Weak Reference
    _terminate_alloc                          - Undefined Weak Reference
    _terminate_user_alloc                     - Undefined Weak Reference
    _terminateio                              - Undefined Weak Reference
    log_dynamic_data$$Base                    - Undefined Reference
    pwr_mgmt_data0$$Base                      - Undefined Reference
    pwr_mgmt_data0$$Limit                     - Undefined Reference
    pwr_mgmt_data1$$Base                      - Undefined Reference
    pwr_mgmt_data1$$Limit                     - Undefined Reference
    pwr_mgmt_data2$$Base                      - Undefined Reference
    pwr_mgmt_data2$$Limit                     - Undefined Reference
    __Vectors_End                            0x00000200   Data           0  arm_startup_nrf52.o(RESET)
    __Vectors_Size                           0x00000200   Number         0  arm_startup_nrf52.o ABSOLUTE
    __main                                   0x00000201   Thumb Code     8  __main.o(!!!main)
    __scatterload                            0x00000209   Thumb Code     0  __scatter.o(!!!scatter)
    __scatterload_rt2                        0x00000209   Thumb Code    44  __scatter.o(!!!scatter)
    __scatterload_rt2_thumb_only             0x00000209   Thumb Code     0  __scatter.o(!!!scatter)
    __scatterload_null                       0x00000217   Thumb Code     0  __scatter.o(!!!scatter)
    __scatterload_copy                       0x0000023d   Thumb Code    26  __scatter_copy.o(!!handler_copy)
    __scatterload_zeroinit                   0x00000259   Thumb Code    28  __scatter_zi.o(!!handler_zi)
    __rt_lib_init                            0x00000275   Thumb Code     0  libinit.o(.ARM.Collect$$libinit$$00000000)
    __rt_lib_init_fp_1                       0x00000277   Thumb Code     0  libinit2.o(.ARM.Collect$$libinit$$00000001)
    __rt_lib_init_heap_1                     0x0000027b   Thumb Code     0  libinit2.o(.ARM.Collect$$libinit$$0000000A)
    __rt_lib_init_lc_common                  0x0000027b   Thumb Code     0  libinit2.o(.ARM.Collect$$libinit$$0000000F)
    __rt_lib_init_preinit_1                  0x0000027b   Thumb Code     0  libinit2.o(.ARM.Collect$$libinit$$00000004)
    __rt_lib_init_rand_1                     0x0000027b   Thumb Code     0  libinit2.o(.ARM.Collect$$libinit$$0000000E)
    __rt_lib_init_user_alloc_1               0x0000027b   Thumb Code     0  libinit2.o(.ARM.Collect$$libinit$$0000000C)
    __rt_lib_init_lc_collate_1               0x00000281   Thumb Code     0  libinit2.o(.ARM.Collect$$libinit$$00000011)
    __rt_lib_init_lc_ctype_2                 0x00000281   Thumb Code     0  libinit2.o(.ARM.Collect$$libinit$$00000012)
    __rt_lib_init_alloca_1                   0x0000028d   Thumb Code     0  libinit2.o(.ARM.Collect$$libinit$$0000002E)
    __rt_lib_init_argv_1                     0x0000028d   Thumb Code     0  libinit2.o(.ARM.Collect$$libinit$$0000002C)
    __rt_lib_init_atexit_1                   0x0000028d   Thumb Code     0  libinit2.o(.ARM.Collect$$libinit$$0000001B)
    __rt_lib_init_clock_1                    0x0000028d   Thumb Code     0  libinit2.o(.ARM.Collect$$libinit$$00000021)
    __rt_lib_init_cpp_1                      0x0000028d   Thumb Code     0  libinit2.o(.ARM.Collect$$libinit$$00000032)
    __rt_lib_init_exceptions_1               0x0000028d   Thumb Code     0  libinit2.o(.ARM.Collect$$libinit$$00000030)
    __rt_lib_init_fp_trap_1                  0x0000028d   Thumb Code     0  libinit2.o(.ARM.Collect$$libinit$$0000001F)
    __rt_lib_init_getenv_1                   0x0000028d   Thumb Code     0  libinit2.o(.ARM.Collect$$libinit$$00000023)
    __rt_lib_init_lc_ctype_1                 0x0000028d   Thumb Code     0  libinit2.o(.ARM.Collect$$libinit$$00000013)
    __rt_lib_init_lc_monetary_1              0x0000028d   Thumb Code     0  libinit2.o(.ARM.Collect$$libinit$$00000015)
    __rt_lib_init_lc_numeric_1               0x0000028d   Thumb Code     0  libinit2.o(.ARM.Collect$$libinit$$00000017)
    __rt_lib_init_lc_time_1                  0x0000028d   Thumb Code     0  libinit2.o(.ARM.Collect$$libinit$$00000019)
    __rt_lib_init_return                     0x0000028d   Thumb Code     0  libinit2.o(.ARM.Collect$$libinit$$00000033)
    __rt_lib_init_signal_1                   0x0000028d   Thumb Code     0  libinit2.o(.ARM.Collect$$libinit$$0000001D)
    __rt_lib_init_stdio_1                    0x0000028d   Thumb Code     0  libinit2.o(.ARM.Collect$$libinit$$00000025)
    __rt_lib_shutdown                        0x0000028f   Thumb Code     0  libshutdown.o(.ARM.Collect$$libshutdown$$00000000)
    __rt_lib_shutdown_cpp_1                  0x00000291   Thumb Code     0  libshutdown2.o(.ARM.Collect$$libshutdown$$00000004)
    __rt_lib_shutdown_fini_1                 0x00000291   Thumb Code     0  libshutdown2.o(.ARM.Collect$$libshutdown$$00000002)
    __rt_lib_shutdown_fp_trap_1              0x00000291   Thumb Code     0  libshutdown2.o(.ARM.Collect$$libshutdown$$00000009)
    __rt_lib_shutdown_heap_1                 0x00000291   Thumb Code     0  libshutdown2.o(.ARM.Collect$$libshutdown$$00000011)
    __rt_lib_shutdown_return                 0x00000291   Thumb Code     0  libshutdown2.o(.ARM.Collect$$libshutdown$$00000012)
    __rt_lib_shutdown_signal_1               0x00000291   Thumb Code     0  libshutdown2.o(.ARM.Collect$$libshutdown$$0000000C)
    __rt_lib_shutdown_stdio_1                0x00000291   Thumb Code     0  libshutdown2.o(.ARM.Collect$$libshutdown$$00000006)
    __rt_lib_shutdown_user_alloc_1           0x00000291   Thumb Code     0  libshutdown2.o(.ARM.Collect$$libshutdown$$0000000E)
    __rt_entry                               0x00000293   Thumb Code     0  __rtentry.o(.ARM.Collect$$rtentry$$00000000)
    __rt_entry_presh_1                       0x00000293   Thumb Code     0  __rtentry2.o(.ARM.Collect$$rtentry$$00000002)
    __rt_entry_sh                            0x00000293   Thumb Code     0  __rtentry4.o(.ARM.Collect$$rtentry$$00000004)
    __rt_entry_li                            0x00000299   Thumb Code     0  __rtentry2.o(.ARM.Collect$$rtentry$$0000000A)
    __rt_entry_postsh_1                      0x00000299   Thumb Code     0  __rtentry2.o(.ARM.Collect$$rtentry$$00000009)
    __rt_entry_main                          0x0000029d   Thumb Code     0  __rtentry2.o(.ARM.Collect$$rtentry$$0000000D)
    __rt_entry_postli_1                      0x0000029d   Thumb Code     0  __rtentry2.o(.ARM.Collect$$rtentry$$0000000C)
    __rt_exit                                0x000002a5   Thumb Code     0  rtexit.o(.ARM.Collect$$rtexit$$00000000)
    __rt_exit_ls                             0x000002a7   Thumb Code     0  rtexit2.o(.ARM.Collect$$rtexit$$00000003)
    __rt_exit_prels_1                        0x000002a7   Thumb Code     0  rtexit2.o(.ARM.Collect$$rtexit$$00000002)
    __rt_exit_exit                           0x000002ab   Thumb Code     0  rtexit2.o(.ARM.Collect$$rtexit$$00000004)
    __asm___12_nrf_atomic_c_85ca2469__nrf_atomic_internal_mov 0x000002b1   Thumb Code    24  nrf_atomic.o(.emb_text)
    __asm___12_nrf_atomic_c_85ca2469__nrf_atomic_internal_orr 0x000002c9   Thumb Code    26  nrf_atomic.o(.emb_text)
    __asm___12_nrf_atomic_c_85ca2469__nrf_atomic_internal_and 0x000002e3   Thumb Code    26  nrf_atomic.o(.emb_text)
    __asm___12_nrf_atomic_c_85ca2469__nrf_atomic_internal_eor 0x000002fd   Thumb Code    26  nrf_atomic.o(.emb_text)
    __asm___12_nrf_atomic_c_85ca2469__nrf_atomic_internal_add 0x00000317   Thumb Code    26  nrf_atomic.o(.emb_text)
    __asm___12_nrf_atomic_c_85ca2469__nrf_atomic_internal_sub 0x00000331   Thumb Code    26  nrf_atomic.o(.emb_text)
    __asm___12_nrf_atomic_c_85ca2469__nrf_atomic_internal_cmp_exch 0x0000034b   Thumb Code    42  nrf_atomic.o(.emb_text)
    __asm___12_nrf_atomic_c_85ca2469__nrf_atomic_internal_sub_hs 0x00000375   Thumb Code    30  nrf_atomic.o(.emb_text)
    Reset_Handler                            0x00000395   Thumb Code     8  arm_startup_nrf52.o(.text)
    NMI_Handler                              0x0000039d   Thumb Code     2  arm_startup_nrf52.o(.text)
    HardFault_Handler                        0x0000039f   Thumb Code     2  arm_startup_nrf52.o(.text)
    MemoryManagement_Handler                 0x000003a1   Thumb Code     2  arm_startup_nrf52.o(.text)
    BusFault_Handler                         0x000003a3   Thumb Code     2  arm_startup_nrf52.o(.text)
    UsageFault_Handler                       0x000003a5   Thumb Code     2  arm_startup_nrf52.o(.text)
    SVC_Handler                              0x000003a7   Thumb Code     2  arm_startup_nrf52.o(.text)
    DebugMon_Handler                         0x000003a9   Thumb Code     2  arm_startup_nrf52.o(.text)
    PendSV_Handler                           0x000003ab   Thumb Code     2  arm_startup_nrf52.o(.text)
    SysTick_Handler                          0x000003ad   Thumb Code     2  arm_startup_nrf52.o(.text)
    CCM_AAR_IRQHandler                       0x000003af   Thumb Code     0  arm_startup_nrf52.o(.text)
    COMP_LPCOMP_IRQHandler                   0x000003af   Thumb Code     0  arm_startup_nrf52.o(.text)
    ECB_IRQHandler                           0x000003af   Thumb Code     0  arm_startup_nrf52.o(.text)
    FPU_IRQHandler                           0x000003af   Thumb Code     0  arm_startup_nrf52.o(.text)
    I2S_IRQHandler                           0x000003af   Thumb Code     0  arm_startup_nrf52.o(.text)
    MWU_IRQHandler                           0x000003af   Thumb Code     0  arm_startup_nrf52.o(.text)
    NFCT_IRQHandler                          0x000003af   Thumb Code     0  arm_startup_nrf52.o(.text)
    PDM_IRQHandler                           0x000003af   Thumb Code     0  arm_startup_nrf52.o(.text)
    POWER_CLOCK_IRQHandler                   0x000003af   Thumb Code     0  arm_startup_nrf52.o(.text)
    PWM0_IRQHandler                          0x000003af   Thumb Code     0  arm_startup_nrf52.o(.text)
    PWM1_IRQHandler                          0x000003af   Thumb Code     0  arm_startup_nrf52.o(.text)
    PWM2_IRQHandler                          0x000003af   Thumb Code     0  arm_startup_nrf52.o(.text)
    QDEC_IRQHandler                          0x000003af   Thumb Code     0  arm_startup_nrf52.o(.text)
    RADIO_IRQHandler                         0x000003af   Thumb Code     0  arm_startup_nrf52.o(.text)
    RNG_IRQHandler                           0x000003af   Thumb Code     0  arm_startup_nrf52.o(.text)
    RTC0_IRQHandler                          0x000003af   Thumb Code     0  arm_startup_nrf52.o(.text)
    RTC2_IRQHandler                          0x000003af   Thumb Code     0  arm_startup_nrf52.o(.text)
    SPIM2_SPIS2_SPI2_IRQHandler              0x000003af   Thumb Code     0  arm_startup_nrf52.o(.text)
    SWI0_EGU0_IRQHandler                     0x000003af   Thumb Code     0  arm_startup_nrf52.o(.text)
    SWI1_EGU1_IRQHandler                     0x000003af   Thumb Code     0  arm_startup_nrf52.o(.text)
    SWI2_EGU2_IRQHandler                     0x000003af   Thumb Code     0  arm_startup_nrf52.o(.text)
    SWI3_EGU3_IRQHandler                     0x000003af   Thumb Code     0  arm_startup_nrf52.o(.text)
    SWI4_EGU4_IRQHandler                     0x000003af   Thumb Code     0  arm_startup_nrf52.o(.text)
    SWI5_EGU5_IRQHandler                     0x000003af   Thumb Code     0  arm_startup_nrf52.o(.text)
    TEMP_IRQHandler                          0x000003af   Thumb Code     0  arm_startup_nrf52.o(.text)
    TIMER0_IRQHandler                        0x000003af   Thumb Code     0  arm_startup_nrf52.o(.text)
    WDT_IRQHandler                           0x000003af   Thumb Code     0  arm_startup_nrf52.o(.text)
    __user_initial_stackheap                 0x000003b1   Thumb Code    10  arm_startup_nrf52.o(.text)
    __rt_ctype_table                         0x000003d5   Thumb Code    16  rt_ctype_table.o(.text)
    __aeabi_llsr                             0x000003e5   Thumb Code     0  llushr.o(.text)
    _ll_ushift_r                             0x000003e5   Thumb Code    38  llushr.o(.text)
    strcpy                                   0x0000040b   Thumb Code    72  strcpy.o(.text)
    strlen                                   0x00000453   Thumb Code    62  strlen.o(.text)
    __aeabi_memcpy                           0x00000491   Thumb Code     0  rt_memcpy_v6.o(.text)
    __rt_memcpy                              0x00000491   Thumb Code   138  rt_memcpy_v6.o(.text)
    _memcpy_lastbytes                        0x000004f7   Thumb Code     0  rt_memcpy_v6.o(.text)
    __aeabi_memcpy4                          0x0000051b   Thumb Code     0  rt_memcpy_w.o(.text)
    __aeabi_memcpy8                          0x0000051b   Thumb Code     0  rt_memcpy_w.o(.text)
    __rt_memcpy_w                            0x0000051b   Thumb Code   100  rt_memcpy_w.o(.text)
    _memcpy_lastbytes_aligned                0x00000563   Thumb Code     0  rt_memcpy_w.o(.text)
    __aeabi_memclr4                          0x0000057f   Thumb Code     0  rt_memclr_w.o(.text)
    __aeabi_memclr8                          0x0000057f   Thumb Code     0  rt_memclr_w.o(.text)
    __rt_memclr_w                            0x0000057f   Thumb Code    78  rt_memclr_w.o(.text)
    _memset_w                                0x00000583   Thumb Code     0  rt_memclr_w.o(.text)
    __use_two_region_memory                  0x000005cd   Thumb Code     2  heapauxi.o(.text)
    __rt_heap_escrow$2region                 0x000005cf   Thumb Code     2  heapauxi.o(.text)
    __rt_heap_expand$2region                 0x000005d1   Thumb Code     2  heapauxi.o(.text)
    __rt_locale                              0x000005d5   Thumb Code     8  rt_locale_intlibspace.o(.text)
    __user_libspace                          0x000005dd   Thumb Code     8  libspace.o(.text)
    __user_perproc_libspace                  0x000005dd   Thumb Code     0  libspace.o(.text)
    __user_perthread_libspace                0x000005dd   Thumb Code     0  libspace.o(.text)
    strcmp                                   0x000005e5   Thumb Code   128  strcmpv7m.o(.text)
    __user_setup_stackheap                   0x00000665   Thumb Code    74  sys_stackheap_outer.o(.text)
    exit                                     0x000006af   Thumb Code    18  exit.o(.text)
    _sys_exit                                0x000006c1   Thumb Code     8  sys_exit.o(.text)
    __I$use$semihosting                      0x000006cd   Thumb Code     0  use_no_semi.o(.text)
    __use_no_semihosting_swi                 0x000006cd   Thumb Code     2  use_no_semi.o(.text)
    __semihosting_library_function           0x000006cf   Thumb Code     0  indicate_semi.o(.text)
    BMA400Tap                                0x000006d1   Thumb Code    62  bma400.o(i.BMA400Tap)
    GPIOTE_IRQHandler                        0x00000735   Thumb Code   154  nrfx_gpiote.o(i.GPIOTE_IRQHandler)
    HandlerI2C                               0x000007d9   Thumb Code    14  i2c.o(i.HandlerI2C)
    RTC1_IRQHandler                          0x000007ed   Thumb Code    12  drv_rtc.o(i.RTC1_IRQHandler)
    SAADC_IRQHandler                         0x000007fd   Thumb Code   320  nrfx_saadc.o(i.SAADC_IRQHandler)
    SEGGER_RTT_Init                          0x00000945   Thumb Code     4  segger_rtt.o(i.SEGGER_RTT_Init)
    SEGGER_RTT_WriteNoLock                   0x00000949   Thumb Code    86  segger_rtt.o(i.SEGGER_RTT_WriteNoLock)
    SPIM0_SPIS0_TWIM0_TWIS0_SPI0_TWI0_IRQHandler 0x000009a5   Thumb Code     8  nrfx_twim.o(i.SPIM0_SPIS0_TWIM0_TWIS0_SPI0_TWI0_IRQHandler)
    SPIM1_SPIS1_TWIM1_TWIS1_SPI1_TWI1_IRQHandler 0x000009b5   Thumb Code    78  nrfx_spim.o(i.SPIM1_SPIS1_TWIM1_TWIS1_SPI1_TWI1_IRQHandler)
    SystemInit                               0x00000a09   Thumb Code   660  system_nrf52.o(i.SystemInit)
    TIMER1_IRQHandler                        0x00000ce1   Thumb Code    10  nrfx_timer.o(i.TIMER1_IRQHandler)
    TIMER2_IRQHandler                        0x00000cf5   Thumb Code    10  nrfx_timer.o(i.TIMER2_IRQHandler)
    TIMER3_IRQHandler                        0x00000d09   Thumb Code    10  nrfx_timer.o(i.TIMER3_IRQHandler)
    TIMER4_IRQHandler                        0x00000d1d   Thumb Code    10  nrfx_timer.o(i.TIMER4_IRQHandler)
    UARTE0_UART0_IRQHandler                  0x00000d31   Thumb Code     6  nrfx_prs.o(i.UARTE0_UART0_IRQHandler)
    app_error_fault_handler                  0x00000e71   Thumb Code    86  app_error_weak.o(i.app_error_fault_handler)
    app_error_handler_bare                   0x00000ef5   Thumb Code    22  app_error.o(i.app_error_handler_bare)
    app_fifo_get                             0x00000f0b   Thumb Code    22  app_fifo.o(i.app_fifo_get)
    app_fifo_init                            0x00000f21   Thumb Code    32  app_fifo.o(i.app_fifo_init)
    app_fifo_put                             0x00000f41   Thumb Code    26  app_fifo.o(i.app_fifo_put)
    app_uart_init                            0x00000f5d   Thumb Code   148  app_uart_fifo.o(i.app_uart_init)
    app_util_critical_region_enter           0x00001001   Thumb Code     4  app_util_platform.o(i.app_util_critical_region_enter)
    app_util_critical_region_exit            0x00001005   Thumb Code     4  app_util_platform.o(i.app_util_critical_region_exit)
    app_util_disable_irq                     0x00001009   Thumb Code    12  app_util_platform.o(i.app_util_disable_irq)
    app_util_enable_irq                      0x00001019   Thumb Code    14  app_util_platform.o(i.app_util_enable_irq)
    buffer_is_empty                          0x000011f9   Thumb Code    18  nrf_log_frontend.o(i.buffer_is_empty)
    disableBMA400Tap                         0x00001285   Thumb Code     8  pinchangeinterrupt.o(i.disableBMA400Tap)
    handerLowPowerConsumption                0x000012cd   Thumb Code    18  main.o(i.handerLowPowerConsumption)
    handlerBMA400Tap                         0x000012e5   Thumb Code    32  pinchangeinterrupt.o(i.handlerBMA400Tap)
    handlerTimer2                            0x00001309   Thumb Code     2  adc.o(i.handlerTimer2)
    initADC                                  0x0000130d   Thumb Code    64  adc.o(i.initADC)
    initBMA400Tap                            0x00001359   Thumb Code    80  bma400.o(i.initBMA400Tap)
    initComoPort                             0x000013a9   Thumb Code    40  port.o(i.initComoPort)
    initI2C                                  0x000013d1   Thumb Code    38  i2c.o(i.initI2C)
    initNRF52Port                            0x00001405   Thumb Code    70  port.o(i.initNRF52Port)
    initPeripherals                          0x0000144d   Thumb Code    88  main.o(i.initPeripherals)
    initPinChangeInterrupt                   0x000014cd   Thumb Code    20  pinchangeinterrupt.o(i.initPinChangeInterrupt)
    initPortOutSet                           0x000014e1   Thumb Code    24  port.o(i.initPortOutSet)
    initPowerHold                            0x000014f9   Thumb Code    32  port.o(i.initPowerHold)
    initRDYPinBMA400Tap                      0x0000151d   Thumb Code    40  pinchangeinterrupt.o(i.initRDYPinBMA400Tap)
    initSPI                                  0x0000154d   Thumb Code    62  spi.o(i.initSPI)
    initSeggerRTT                            0x00001591   Thumb Code    26  rtt.o(i.initSeggerRTT)
    initSensors                              0x000015ad   Thumb Code    38  main.o(i.initSensors)
    initUART                                 0x000015f5   Thumb Code    54  uart.o(i.initUART)
    isBMA400Tap                              0x000017e9   Thumb Code     6  pinchangeinterrupt.o(i.isBMA400Tap)
    log_pending_hook                         0x00001819   Thumb Code     2  nrf_log_frontend.o(i.log_pending_hook)
    main                                     0x000018c1   Thumb Code    66  main.o(i.main)
    nrf_atomic_flag_clear_fetch              0x000019c9   Thumb Code     6  nrf_atomic.o(i.nrf_atomic_flag_clear_fetch)
    nrf_atomic_flag_set                      0x000019cf   Thumb Code     6  nrf_atomic.o(i.nrf_atomic_flag_set)
    nrf_atomic_u32_add                       0x000019d5   Thumb Code    12  nrf_atomic.o(i.nrf_atomic_u32_add)
    nrf_atomic_u32_fetch_and                 0x000019e1   Thumb Code    10  nrf_atomic.o(i.nrf_atomic_u32_fetch_and)
    nrf_atomic_u32_fetch_store               0x000019eb   Thumb Code    10  nrf_atomic.o(i.nrf_atomic_u32_fetch_store)
    nrf_atomic_u32_or                        0x000019f5   Thumb Code    12  nrf_atomic.o(i.nrf_atomic_u32_or)
    nrf_atomic_u32_sub                       0x00001a01   Thumb Code    12  nrf_atomic.o(i.nrf_atomic_u32_sub)
    nrf_balloc_alloc                         0x00001a0d   Thumb Code    62  nrf_balloc.o(i.nrf_balloc_alloc)
    nrf_balloc_free                          0x00001a4b   Thumb Code    42  nrf_balloc.o(i.nrf_balloc_free)
    nrf_balloc_init                          0x00001a75   Thumb Code    48  nrf_balloc.o(i.nrf_balloc_init)
    nrf_drv_ppi_init                         0x00001acd   Thumb Code    18  nrf_drv_ppi.o(i.nrf_drv_ppi_init)
    nrf_drv_spi_init                         0x00001ae5   Thumb Code    98  nrf_drv_spi.o(i.nrf_drv_spi_init)
    nrf_drv_twi_init                         0x00001b55   Thumb Code    56  nrf_drv_twi.o(i.nrf_drv_twi_init)
    nrf_drv_uart_init                        0x00001ba5   Thumb Code    90  nrf_drv_uart.o(i.nrf_drv_uart_init)
    nrf_fprintf                              0x00001c4d   Thumb Code    26  nrf_fprintf.o(i.nrf_fprintf)
    nrf_fprintf_buffer_flush                 0x00001c67   Thumb Code    24  nrf_fprintf.o(i.nrf_fprintf_buffer_flush)
    nrf_fprintf_fmt                          0x00001c7f   Thumb Code   474  nrf_fprintf_format.o(i.nrf_fprintf_fmt)
    nrf_log_backend_add                      0x00002081   Thumb Code    86  nrf_log_frontend.o(i.nrf_log_backend_add)
    nrf_log_backend_rtt_init                 0x000020df   Thumb Code     4  nrf_log_backend_rtt.o(i.nrf_log_backend_rtt_init)
    nrf_log_backend_serial_put               0x000020fd   Thumb Code   194  nrf_log_backend_serial.o(i.nrf_log_backend_serial_put)
    nrf_log_color_id_get                     0x000021c1   Thumb Code    42  nrf_log_frontend.o(i.nrf_log_color_id_get)
    nrf_log_default_backends_init            0x000021f1   Thumb Code    24  nrf_log_default_backends.o(i.nrf_log_default_backends_init)
    nrf_log_frontend_dequeue                 0x0000220d   Thumb Code   518  nrf_log_frontend.o(i.nrf_log_frontend_dequeue)
    nrf_log_frontend_std_0                   0x0000243d   Thumb Code     8  nrf_log_frontend.o(i.nrf_log_frontend_std_0)
    nrf_log_frontend_std_1                   0x00002445   Thumb Code    14  nrf_log_frontend.o(i.nrf_log_frontend_std_1)
    nrf_log_hexdump_entry_process            0x00002455   Thumb Code   150  nrf_log_str_formatter.o(i.nrf_log_hexdump_entry_process)
    nrf_log_init                             0x00002505   Thumb Code    28  nrf_log_frontend.o(i.nrf_log_init)
    nrf_log_module_cnt_get                   0x0000252d   Thumb Code    10  nrf_log_frontend.o(i.nrf_log_module_cnt_get)
    nrf_log_module_name_get                  0x00002541   Thumb Code    24  nrf_log_frontend.o(i.nrf_log_module_name_get)
    nrf_log_panic                            0x0000255d   Thumb Code    36  nrf_log_frontend.o(i.nrf_log_panic)
    nrf_log_std_entry_process                0x00002585   Thumb Code   182  nrf_log_str_formatter.o(i.nrf_log_std_entry_process)
    nrf_memobj_alloc                         0x0000263b   Thumb Code    96  nrf_memobj.o(i.nrf_memobj_alloc)
    nrf_memobj_free                          0x0000269b   Thumb Code    50  nrf_memobj.o(i.nrf_memobj_free)
    nrf_memobj_get                           0x000026cd   Thumb Code     8  nrf_memobj.o(i.nrf_memobj_get)
    nrf_memobj_pool_init                     0x000026d5   Thumb Code     4  nrf_memobj.o(i.nrf_memobj_pool_init)
    nrf_memobj_put                           0x000026d9   Thumb Code    30  nrf_memobj.o(i.nrf_memobj_put)
    nrf_memobj_read                          0x000026f7   Thumb Code    16  nrf_memobj.o(i.nrf_memobj_read)
    nrf_memobj_write                         0x00002707   Thumb Code    16  nrf_memobj.o(i.nrf_memobj_write)
    nrf_pwr_mgmt_init                        0x00002719   Thumb Code    28  nrf_pwr_mgmt.o(i.nrf_pwr_mgmt_init)
    nrf_pwr_mgmt_run                         0x00002741   Thumb Code    46  nrf_pwr_mgmt.o(i.nrf_pwr_mgmt_run)
    nrf_ringbuf_init                         0x00002775   Thumb Code    28  nrf_ringbuf.o(i.nrf_ringbuf_init)
    nrf_section_iter_init                    0x000027d9   Thumb Code    10  nrf_section_iter.o(i.nrf_section_iter_init)
    nrfx_gpiote_in_event_enable              0x0000288d   Thumb Code   152  nrfx_gpiote.o(i.nrfx_gpiote_in_event_enable)
    nrfx_gpiote_in_init                      0x0000292d   Thumb Code   190  nrfx_gpiote.o(i.nrfx_gpiote_in_init)
    nrfx_gpiote_init                         0x000029f9   Thumb Code   102  nrfx_gpiote.o(i.nrfx_gpiote_init)
    nrfx_ppi_channel_alloc                   0x00002a8d   Thumb Code    88  nrfx_ppi.o(i.nrfx_ppi_channel_alloc)
    nrfx_ppi_channel_assign                  0x00002aed   Thumb Code    62  nrfx_ppi.o(i.nrfx_ppi_channel_assign)
    nrfx_ppi_channel_enable                  0x00002b31   Thumb Code    36  nrfx_ppi.o(i.nrfx_ppi_channel_enable)
    nrfx_prs_acquire                         0x00002b59   Thumb Code    48  nrfx_prs.o(i.nrfx_prs_acquire)
    nrfx_saadc_buffer_convert                0x00002b89   Thumb Code   154  nrfx_saadc.o(i.nrfx_saadc_buffer_convert)
    nrfx_saadc_channel_init                  0x00002c2d   Thumb Code   160  nrfx_saadc.o(i.nrfx_saadc_channel_init)
    nrfx_saadc_init                          0x00002cd9   Thumb Code   130  nrfx_saadc.o(i.nrfx_saadc_init)
    nrfx_saadc_sample_task_get               0x00002d6d   Thumb Code    20  nrfx_saadc.o(i.nrfx_saadc_sample_task_get)
    nrfx_spim_init                           0x00002d89   Thumb Code   356  nrfx_spim.o(i.nrfx_spim_init)
    nrfx_timer_compare                       0x00002ef5   Thumb Code    58  nrfx_timer.o(i.nrfx_timer_compare)
    nrfx_timer_enable                        0x00002f31   Thumb Code    24  nrfx_timer.o(i.nrfx_timer_enable)
    nrfx_timer_extended_compare              0x00002f4d   Thumb Code    42  nrfx_timer.o(i.nrfx_timer_extended_compare)
    nrfx_timer_init                          0x00002f79   Thumb Code   188  nrfx_timer.o(i.nrfx_timer_init)
    nrfx_twim_enable                         0x00003039   Thumb Code    32  nrfx_twim.o(i.nrfx_twim_enable)
    nrfx_twim_init                           0x0000305d   Thumb Code   218  nrfx_twim.o(i.nrfx_twim_init)
    nrfx_twim_rx                             0x00003141   Thumb Code    44  nrfx_twim.o(i.nrfx_twim_rx)
    nrfx_twim_tx                             0x00003171   Thumb Code    54  nrfx_twim.o(i.nrfx_twim_tx)
    nrfx_twim_xfer                           0x000031a9   Thumb Code    34  nrfx_twim.o(i.nrfx_twim_xfer)
    nrfx_uart_0_irq_handler                  0x000031d1   Thumb Code     8  nrfx_uart.o(i.nrfx_uart_0_irq_handler)
    nrfx_uart_init                           0x000031e1   Thumb Code   200  nrfx_uart.o(i.nrfx_uart_init)
    nrfx_uart_rx                             0x000032b5   Thumb Code   230  nrfx_uart.o(i.nrfx_uart_rx)
    nrfx_uart_tx                             0x000033a1   Thumb Code   162  nrfx_uart.o(i.nrfx_uart_tx)
    nrfx_uart_tx_in_progress                 0x00003449   Thumb Code    26  nrfx_uart.o(i.nrfx_uart_tx_in_progress)
    nrfx_uarte_0_irq_handler                 0x00003469   Thumb Code     8  nrfx_uarte.o(i.nrfx_uarte_0_irq_handler)
    nrfx_uarte_init                          0x00003479   Thumb Code   100  nrfx_uarte.o(i.nrfx_uarte_init)
    nrfx_uarte_rx                            0x000034e5   Thumb Code   256  nrfx_uarte.o(i.nrfx_uarte_rx)
    nrfx_uarte_tx                            0x000035e9   Thumb Code   166  nrfx_uarte.o(i.nrfx_uarte_tx)
    nrfx_uarte_tx_in_progress                0x00003695   Thumb Code    22  nrfx_uarte.o(i.nrfx_uarte_tx_in_progress)
    nvmc_config                              0x000036b1   Thumb Code    14  system_nrf52.o(i.nvmc_config)
    printerConectCheckBMA400                 0x000038ad   Thumb Code    58  bma400.o(i.printerConectCheckBMA400)
    readADC                                  0x00003931   Thumb Code    30  adc.o(i.readADC)
    readTapDetection                         0x00003951   Thumb Code    22  bma400.o(i.readTapDetection)
    saadc_sampling_event_enable              0x000039f1   Thumb Code    24  adc.o(i.saadc_sampling_event_enable)
    saadc_sampling_event_init                0x00003a0d   Thumb Code   136  adc.o(i.saadc_sampling_event_init)
    setAccConfig0                            0x00003af1   Thumb Code    24  bma400.o(i.setAccConfig0)
    setAccConfig1Tap                         0x00003b09   Thumb Code    22  bma400.o(i.setAccConfig1Tap)
    setInt12Map                              0x00003b1f   Thumb Code    24  bma400.o(i.setInt12Map)
    setIntConfig1                            0x00003b37   Thumb Code    24  bma400.o(i.setIntConfig1)
    setSoftResetBMA400                       0x00003b4f   Thumb Code    24  bma400.o(i.setSoftResetBMA400)
    setTapConfig0                            0x00003b67   Thumb Code    24  bma400.o(i.setTapConfig0)
    setTapConfig1                            0x00003b7f   Thumb Code    24  bma400.o(i.setTapConfig1)
    uart_error_handle                        0x000041d5   Thumb Code    18  uart.o(i.uart_error_handle)
    writeBMA400                              0x000045e1   Thumb Code    10  bma400.o(i.writeBMA400)
    writeI2C                                 0x000045ed   Thumb Code    42  i2c.o(i.writeI2C)
    writeReadBMA400                          0x0000461d   Thumb Code    22  bma400.o(i.writeReadBMA400)
    writeReadI2C                             0x00004635   Thumb Code    86  i2c.o(i.writeReadI2C)
    _get_lc_ctype                            0x000046f5   Thumb Code    44  lc_ctype_c.o(locale$$code)
    _fp_init                                 0x00004721   Thumb Code    10  fpinit.o(x$fpl$fpinit)
    __fplib_config_fpu_vfp                   0x00004729   Thumb Code     0  fpinit.o(x$fpl$fpinit)
    __fplib_config_pureend_doubles           0x00004729   Thumb Code     0  fpinit.o(x$fpl$fpinit)
    nrf_log_backend_rtt_api                  0x000047d0   Data          12  nrf_log_backend_rtt.o(.constdata)
    timerSelect2                             0x00004854   Data           8  adc.o(.constdata)
    Region$$Table$$Base                      0x00004974   Number         0  anon$$obj.o(Region$$Table)
    Region$$Table$$Limit                     0x00004994   Number         0  anon$$obj.o(Region$$Table)
    __ctype                                  0x000049a1   Data           0  lc_ctype_c.o(locale$$data)
    log_const_data$$Base                     0x00004ab4   Number         0  nrfx_gpiote.o(log_const_data)
    m_nrf_log_GPIOTE_logs_data_const         0x00004ab4   Data           8  nrfx_gpiote.o(log_const_data)
    m_nrf_log_PPI_logs_data_const            0x00004abc   Data           8  nrfx_ppi.o(log_const_data)
    m_nrf_log_TIMER_logs_data_const          0x00004ac4   Data           8  nrfx_timer.o(log_const_data)
    m_nrf_log_TWIM_logs_data_const           0x00004acc   Data           8  nrfx_twim.o(log_const_data)
    m_nrf_log_UARTE_logs_data_const          0x00004ad4   Data           8  nrfx_uarte.o(log_const_data)
    m_nrf_log_UART_logs_data_const           0x00004adc   Data           8  nrfx_uart.o(log_const_data)
    m_nrf_log_PRS_logs_data_const            0x00004ae4   Data           8  nrfx_prs.o(log_const_data)
    m_nrf_log_SAADC_logs_data_const          0x00004aec   Data           8  nrfx_saadc.o(log_const_data)
    m_nrf_log_SPIM_logs_data_const           0x00004af4   Data           8  nrfx_spim.o(log_const_data)
    m_nrf_log_pwr_mgmt_logs_data_const       0x00004afc   Data           8  nrf_pwr_mgmt.o(log_const_data)
    m_nrf_log_app_button_logs_data_const     0x00004b04   Data           8  app_button.o(log_const_data)
    m_nrf_log_sortlist_logs_data_const       0x00004b0c   Data           8  nrf_sortlist.o(log_const_data)
    m_nrf_log_app_timer_logs_data_const      0x00004b14   Data           8  app_timer2.o(log_const_data)
    m_nrf_log_app_logs_data_const            0x00004b1c   Data           8  nrf_log_frontend.o(log_const_data)
    log_const_data$$Limit                    0x00004b24   Number         0  nrf_log_frontend.o(log_const_data)
    log_mempool                              0x00004b24   Data          20  nrf_log_frontend.o(nrf_balloc)
    nrf_drv_uart_use_easy_dma                0x2000001c   Data           1  nrf_drv_uart.o(.data)
    flag50HzBMA400                           0x200000ec   Data           1  pinchangeinterrupt.o(.data)
    flagBMA400Tap                            0x200000ed   Data           1  pinchangeinterrupt.o(.data)
    SystemCoreClock                          0x200000f0   Data           4  system_nrf52.o(.data)
    _SEGGER_RTT                              0x20000854   Data         120  segger_rtt.o(.bss)
    __libspace_start                         0x20000cdc   Data          96  libspace.o(.bss)
    __temporary_stack_top$libspace           0x20000d3c   Data           0  libspace.o(.bss)



==============================================================================

Memory Map of the image

  Image Entry point : 0x00000201

  Load Region LR_IROM1 (Base: 0x00000000, Size: 0x00004c2c, Max: 0x00080000, ABSOLUTE)

    Execution Region ER_IROM1 (Exec base: 0x00000000, Load base: 0x00000000, Size: 0x00004b38, Max: 0x00080000, ABSOLUTE)

    Exec Addr    Load Addr    Size         Type   Attr      Idx    E Section Name        Object

    0x00000000   0x00000000   0x00000200   Data   RO         5356    RESET               arm_startup_nrf52.o
    0x00000200   0x00000200   0x00000008   Code   RO         5437  * !!!main             c_w.l(__main.o)
    0x00000208   0x00000208   0x00000034   Code   RO         5606    !!!scatter          c_w.l(__scatter.o)
    0x0000023c   0x0000023c   0x0000001a   Code   RO         5608    !!handler_copy      c_w.l(__scatter_copy.o)
    0x00000256   0x00000256   0x00000002   PAD
    0x00000258   0x00000258   0x0000001c   Code   RO         5610    !!handler_zi        c_w.l(__scatter_zi.o)
    0x00000274   0x00000274   0x00000002   Code   RO         5524    .ARM.Collect$$libinit$$00000000  c_w.l(libinit.o)
    0x00000276   0x00000276   0x00000004   Code   RO         5468    .ARM.Collect$$libinit$$00000001  c_w.l(libinit2.o)
    0x0000027a   0x0000027a   0x00000000   Code   RO         5471    .ARM.Collect$$libinit$$00000004  c_w.l(libinit2.o)
    0x0000027a   0x0000027a   0x00000000   Code   RO         5474    .ARM.Collect$$libinit$$0000000A  c_w.l(libinit2.o)
    0x0000027a   0x0000027a   0x00000000   Code   RO         5476    .ARM.Collect$$libinit$$0000000C  c_w.l(libinit2.o)
    0x0000027a   0x0000027a   0x00000000   Code   RO         5478    .ARM.Collect$$libinit$$0000000E  c_w.l(libinit2.o)
    0x0000027a   0x0000027a   0x00000006   Code   RO         5479    .ARM.Collect$$libinit$$0000000F  c_w.l(libinit2.o)
    0x00000280   0x00000280   0x00000000   Code   RO         5481    .ARM.Collect$$libinit$$00000011  c_w.l(libinit2.o)
    0x00000280   0x00000280   0x0000000c   Code   RO         5482    .ARM.Collect$$libinit$$00000012  c_w.l(libinit2.o)
    0x0000028c   0x0000028c   0x00000000   Code   RO         5483    .ARM.Collect$$libinit$$00000013  c_w.l(libinit2.o)
    0x0000028c   0x0000028c   0x00000000   Code   RO         5485    .ARM.Collect$$libinit$$00000015  c_w.l(libinit2.o)
    0x0000028c   0x0000028c   0x00000000   Code   RO         5487    .ARM.Collect$$libinit$$00000017  c_w.l(libinit2.o)
    0x0000028c   0x0000028c   0x00000000   Code   RO         5489    .ARM.Collect$$libinit$$00000019  c_w.l(libinit2.o)
    0x0000028c   0x0000028c   0x00000000   Code   RO         5491    .ARM.Collect$$libinit$$0000001B  c_w.l(libinit2.o)
    0x0000028c   0x0000028c   0x00000000   Code   RO         5493    .ARM.Collect$$libinit$$0000001D  c_w.l(libinit2.o)
    0x0000028c   0x0000028c   0x00000000   Code   RO         5495    .ARM.Collect$$libinit$$0000001F  c_w.l(libinit2.o)
    0x0000028c   0x0000028c   0x00000000   Code   RO         5497    .ARM.Collect$$libinit$$00000021  c_w.l(libinit2.o)
    0x0000028c   0x0000028c   0x00000000   Code   RO         5499    .ARM.Collect$$libinit$$00000023  c_w.l(libinit2.o)
    0x0000028c   0x0000028c   0x00000000   Code   RO         5501    .ARM.Collect$$libinit$$00000025  c_w.l(libinit2.o)
    0x0000028c   0x0000028c   0x00000000   Code   RO         5505    .ARM.Collect$$libinit$$0000002C  c_w.l(libinit2.o)
    0x0000028c   0x0000028c   0x00000000   Code   RO         5507    .ARM.Collect$$libinit$$0000002E  c_w.l(libinit2.o)
    0x0000028c   0x0000028c   0x00000000   Code   RO         5509    .ARM.Collect$$libinit$$00000030  c_w.l(libinit2.o)
    0x0000028c   0x0000028c   0x00000000   Code   RO         5511    .ARM.Collect$$libinit$$00000032  c_w.l(libinit2.o)
    0x0000028c   0x0000028c   0x00000002   Code   RO         5512    .ARM.Collect$$libinit$$00000033  c_w.l(libinit2.o)
    0x0000028e   0x0000028e   0x00000002   Code   RO         5561    .ARM.Collect$$libshutdown$$00000000  c_w.l(libshutdown.o)
    0x00000290   0x00000290   0x00000000   Code   RO         5567    .ARM.Collect$$libshutdown$$00000002  c_w.l(libshutdown2.o)
    0x00000290   0x00000290   0x00000000   Code   RO         5569    .ARM.Collect$$libshutdown$$00000004  c_w.l(libshutdown2.o)
    0x00000290   0x00000290   0x00000000   Code   RO         5571    .ARM.Collect$$libshutdown$$00000006  c_w.l(libshutdown2.o)
    0x00000290   0x00000290   0x00000000   Code   RO         5574    .ARM.Collect$$libshutdown$$00000009  c_w.l(libshutdown2.o)
    0x00000290   0x00000290   0x00000000   Code   RO         5577    .ARM.Collect$$libshutdown$$0000000C  c_w.l(libshutdown2.o)
    0x00000290   0x00000290   0x00000000   Code   RO         5579    .ARM.Collect$$libshutdown$$0000000E  c_w.l(libshutdown2.o)
    0x00000290   0x00000290   0x00000000   Code   RO         5582    .ARM.Collect$$libshutdown$$00000011  c_w.l(libshutdown2.o)
    0x00000290   0x00000290   0x00000002   Code   RO         5583    .ARM.Collect$$libshutdown$$00000012  c_w.l(libshutdown2.o)
    0x00000292   0x00000292   0x00000000   Code   RO         5439    .ARM.Collect$$rtentry$$00000000  c_w.l(__rtentry.o)
    0x00000292   0x00000292   0x00000000   Code   RO         5452    .ARM.Collect$$rtentry$$00000002  c_w.l(__rtentry2.o)
    0x00000292   0x00000292   0x00000006   Code   RO         5464    .ARM.Collect$$rtentry$$00000004  c_w.l(__rtentry4.o)
    0x00000298   0x00000298   0x00000000   Code   RO         5454    .ARM.Collect$$rtentry$$00000009  c_w.l(__rtentry2.o)
    0x00000298   0x00000298   0x00000004   Code   RO         5455    .ARM.Collect$$rtentry$$0000000A  c_w.l(__rtentry2.o)
    0x0000029c   0x0000029c   0x00000000   Code   RO         5457    .ARM.Collect$$rtentry$$0000000C  c_w.l(__rtentry2.o)
    0x0000029c   0x0000029c   0x00000008   Code   RO         5458    .ARM.Collect$$rtentry$$0000000D  c_w.l(__rtentry2.o)
    0x000002a4   0x000002a4   0x00000002   Code   RO         5527    .ARM.Collect$$rtexit$$00000000  c_w.l(rtexit.o)
    0x000002a6   0x000002a6   0x00000000   Code   RO         5536    .ARM.Collect$$rtexit$$00000002  c_w.l(rtexit2.o)
    0x000002a6   0x000002a6   0x00000004   Code   RO         5537    .ARM.Collect$$rtexit$$00000003  c_w.l(rtexit2.o)
    0x000002aa   0x000002aa   0x00000006   Code   RO         5538    .ARM.Collect$$rtexit$$00000004  c_w.l(rtexit2.o)
    0x000002b0   0x000002b0   0x000000e2   Code   RO         2615    .emb_text           nrf_atomic.o
    0x00000392   0x00000392   0x00000002   PAD
    0x00000394   0x00000394   0x00000040   Code   RO         5357    .text               arm_startup_nrf52.o
    0x000003d4   0x000003d4   0x00000010   Code   RO         5415    .text               c_w.l(rt_ctype_table.o)
    0x000003e4   0x000003e4   0x00000026   Code   RO         5419    .text               c_w.l(llushr.o)
    0x0000040a   0x0000040a   0x00000048   Code   RO         5423    .text               c_w.l(strcpy.o)
    0x00000452   0x00000452   0x0000003e   Code   RO         5425    .text               c_w.l(strlen.o)
    0x00000490   0x00000490   0x0000008a   Code   RO         5427    .text               c_w.l(rt_memcpy_v6.o)
    0x0000051a   0x0000051a   0x00000064   Code   RO         5429    .text               c_w.l(rt_memcpy_w.o)
    0x0000057e   0x0000057e   0x0000004e   Code   RO         5433    .text               c_w.l(rt_memclr_w.o)
    0x000005cc   0x000005cc   0x00000006   Code   RO         5435    .text               c_w.l(heapauxi.o)
    0x000005d2   0x000005d2   0x00000002   PAD
    0x000005d4   0x000005d4   0x00000008   Code   RO         5443    .text               c_w.l(rt_locale_intlibspace.o)
    0x000005dc   0x000005dc   0x00000008   Code   RO         5448    .text               c_w.l(libspace.o)
    0x000005e4   0x000005e4   0x00000080   Code   RO         5466    .text               c_w.l(strcmpv7m.o)
    0x00000664   0x00000664   0x0000004a   Code   RO         5513    .text               c_w.l(sys_stackheap_outer.o)
    0x000006ae   0x000006ae   0x00000012   Code   RO         5515    .text               c_w.l(exit.o)
    0x000006c0   0x000006c0   0x0000000c   Code   RO         5548    .text               c_w.l(sys_exit.o)
    0x000006cc   0x000006cc   0x00000002   Code   RO         5550    .text               c_w.l(use_no_semi.o)
    0x000006ce   0x000006ce   0x00000000   Code   RO         5552    .text               c_w.l(indicate_semi.o)
    0x000006ce   0x000006ce   0x00000002   PAD
    0x000006d0   0x000006d0   0x00000064   Code   RO         4590    i.BMA400Tap         bma400.o
    0x00000734   0x00000734   0x000000a4   Code   RO          674    i.GPIOTE_IRQHandler  nrfx_gpiote.o
    0x000007d8   0x000007d8   0x00000014   Code   RO         4748    i.HandlerI2C        i2c.o
    0x000007ec   0x000007ec   0x00000010   Code   RO         3697    i.RTC1_IRQHandler   drv_rtc.o
    0x000007fc   0x000007fc   0x00000148   Code   RO         1984    i.SAADC_IRQHandler  nrfx_saadc.o
    0x00000944   0x00000944   0x00000004   Code   RO         4339    i.SEGGER_RTT_Init   segger_rtt.o
    0x00000948   0x00000948   0x0000005c   Code   RO         4353    i.SEGGER_RTT_WriteNoLock  segger_rtt.o
    0x000009a4   0x000009a4   0x00000010   Code   RO         1428    i.SPIM0_SPIS0_TWIM0_TWIS0_SPI0_TWI0_IRQHandler  nrfx_twim.o
    0x000009b4   0x000009b4   0x00000054   Code   RO         2265    i.SPIM1_SPIS1_TWIM1_TWIS1_SPI1_TWI1_IRQHandler  nrfx_spim.o
    0x00000a08   0x00000a08   0x000002d8   Code   RO         5365    i.SystemInit        system_nrf52.o
    0x00000ce0   0x00000ce0   0x00000014   Code   RO         1134    i.TIMER1_IRQHandler  nrfx_timer.o
    0x00000cf4   0x00000cf4   0x00000014   Code   RO         1135    i.TIMER2_IRQHandler  nrfx_timer.o
    0x00000d08   0x00000d08   0x00000014   Code   RO         1136    i.TIMER3_IRQHandler  nrfx_timer.o
    0x00000d1c   0x00000d1c   0x00000014   Code   RO         1137    i.TIMER4_IRQHandler  nrfx_timer.o
    0x00000d30   0x00000d30   0x0000000c   Code   RO         1930    i.UARTE0_UART0_IRQHandler  nrfx_prs.o
    0x00000d3c   0x00000d3c   0x00000068   Code   RO         4357    i._DoInit           segger_rtt.o
    0x00000da4   0x00000da4   0x00000016   Code   RO         4358    i._GetAvailWriteSpace  segger_rtt.o
    0x00000dba   0x00000dba   0x0000001a   Code   RO         1429    i._NRFX_IRQ_PENDING_CLEAR  nrfx_twim.o
    0x00000dd4   0x00000dd4   0x0000005a   Code   RO         4360    i._WriteBlocking    segger_rtt.o
    0x00000e2e   0x00000e2e   0x00000042   Code   RO         4361    i._WriteNoCheck     segger_rtt.o
    0x00000e70   0x00000e70   0x00000084   Code   RO         2498    i.app_error_fault_handler  app_error_weak.o
    0x00000ef4   0x00000ef4   0x00000016   Code   RO         2426    i.app_error_handler_bare  app_error.o
    0x00000f0a   0x00000f0a   0x00000016   Code   RO         3156    i.app_fifo_get      app_fifo.o
    0x00000f20   0x00000f20   0x00000020   Code   RO         3157    i.app_fifo_init     app_fifo.o
    0x00000f40   0x00000f40   0x0000001a   Code   RO         3159    i.app_fifo_put      app_fifo.o
    0x00000f5a   0x00000f5a   0x00000002   PAD
    0x00000f5c   0x00000f5c   0x000000a4   Code   RO         3231    i.app_uart_init     app_uart_fifo.o
    0x00001000   0x00001000   0x00000004   Code   RO         2526    i.app_util_critical_region_enter  app_util_platform.o
    0x00001004   0x00001004   0x00000004   Code   RO         2527    i.app_util_critical_region_exit  app_util_platform.o
    0x00001008   0x00001008   0x00000010   Code   RO         2528    i.app_util_disable_irq  app_util_platform.o
    0x00001018   0x00001018   0x00000014   Code   RO         2529    i.app_util_enable_irq  app_util_platform.o
    0x0000102c   0x0000102c   0x00000088   Code   RO         1591    i.apply_config      nrfx_uarte.o
    0x000010b4   0x000010b4   0x00000088   Code   RO         1751    i.apply_config      nrfx_uart.o
    0x0000113c   0x0000113c   0x0000008c   Code   RO         4087    i.buf_prealloc      nrf_log_frontend.o
    0x000011c8   0x000011c8   0x0000002e   Code   RO         2830    i.buffer_add        nrf_fprintf_format.o
    0x000011f6   0x000011f6   0x00000002   PAD
    0x000011f8   0x000011f8   0x00000018   Code   RO         4088    i.buffer_is_empty   nrf_log_frontend.o
    0x00001210   0x00001210   0x0000001c   Code   RO          675    i.channel_free      nrfx_gpiote.o
    0x0000122c   0x0000122c   0x00000048   Code   RO          676    i.channel_port_alloc  nrfx_gpiote.o
    0x00001274   0x00001274   0x00000010   Code   RO          677    i.channel_port_get  nrfx_gpiote.o
    0x00001284   0x00001284   0x0000000c   Code   RO         5141    i.disableBMA400Tap  pinchangeinterrupt.o
    0x00001290   0x00001290   0x00000014   Code   RO         4089    i.dropped_sat16_get  nrf_log_frontend.o
    0x000012a4   0x000012a4   0x00000014   Code   RO         3162    i.fifo_get          app_fifo.o
    0x000012b8   0x000012b8   0x00000012   Code   RO         3163    i.fifo_put          app_fifo.o
    0x000012ca   0x000012ca   0x00000002   PAD
    0x000012cc   0x000012cc   0x00000018   Code   RO            4    i.handerLowPowerConsumption  main.o
    0x000012e4   0x000012e4   0x00000024   Code   RO         5146    i.handlerBMA400Tap  pinchangeinterrupt.o
    0x00001308   0x00001308   0x00000002   Code   RO         4937    i.handlerTimer2     adc.o
    0x0000130a   0x0000130a   0x00000002   PAD
    0x0000130c   0x0000130c   0x0000004c   Code   RO         4938    i.initADC           adc.o
    0x00001358   0x00001358   0x00000050   Code   RO         4593    i.initBMA400Tap     bma400.o
    0x000013a8   0x000013a8   0x00000028   Code   RO         5004    i.initComoPort      port.o
    0x000013d0   0x000013d0   0x00000034   Code   RO         4749    i.initI2C           i2c.o
    0x00001404   0x00001404   0x00000046   Code   RO         5005    i.initNRF52Port     port.o
    0x0000144a   0x0000144a   0x00000002   PAD
    0x0000144c   0x0000144c   0x00000080   Code   RO            5    i.initPeripherals   main.o
    0x000014cc   0x000014cc   0x00000014   Code   RO         5148    i.initPinChangeInterrupt  pinchangeinterrupt.o
    0x000014e0   0x000014e0   0x00000018   Code   RO         5008    i.initPortOutSet    port.o
    0x000014f8   0x000014f8   0x00000024   Code   RO         5010    i.initPowerHold     port.o
    0x0000151c   0x0000151c   0x00000030   Code   RO         5151    i.initRDYPinBMA400Tap  pinchangeinterrupt.o
    0x0000154c   0x0000154c   0x00000044   Code   RO         4807    i.initSPI           spi.o
    0x00001590   0x00001590   0x0000001a   Code   RO         4910    i.initSeggerRTT     rtt.o
    0x000015aa   0x000015aa   0x00000002   PAD
    0x000015ac   0x000015ac   0x00000048   Code   RO            6    i.initSensors       main.o
    0x000015f4   0x000015f4   0x00000048   Code   RO         4869    i.initUART          uart.o
    0x0000163c   0x0000163c   0x000000a6   Code   RO         2831    i.int_print         nrf_fprintf_format.o
    0x000016e2   0x000016e2   0x00000002   PAD
    0x000016e4   0x000016e4   0x00000088   Code   RO         1592    i.interrupts_enable  nrfx_uarte.o
    0x0000176c   0x0000176c   0x00000034   Code   RO         4090    i.invalid_packets_omit  nrf_log_frontend.o
    0x000017a0   0x000017a0   0x00000046   Code   RO         1138    i.irq_handler       nrfx_timer.o
    0x000017e6   0x000017e6   0x00000002   PAD
    0x000017e8   0x000017e8   0x0000000c   Code   RO         5154    i.isBMA400Tap       pinchangeinterrupt.o
    0x000017f4   0x000017f4   0x00000018   Code   RO          991    i.is_allocated_channel  nrfx_ppi.o
    0x0000180c   0x0000180c   0x0000000c   Code   RO          994    i.is_programmable_app_channel  nrfx_ppi.o
    0x00001818   0x00001818   0x00000002   Code   RO         4091    i.log_pending_hook  nrf_log_frontend.o
    0x0000181a   0x0000181a   0x00000002   PAD
    0x0000181c   0x0000181c   0x000000a4   Code   RO         4092    i.log_skip          nrf_log_frontend.o
    0x000018c0   0x000018c0   0x00000058   Code   RO            7    i.main              main.o
    0x00001918   0x00001918   0x0000007e   Code   RO         2870    i.memobj_op         nrf_memobj.o
    0x00001996   0x00001996   0x00000002   PAD
    0x00001998   0x00001998   0x00000030   Code   RO         4093    i.module_idx_get    nrf_log_frontend.o
    0x000019c8   0x000019c8   0x00000006   Code   RO         2617    i.nrf_atomic_flag_clear_fetch  nrf_atomic.o
    0x000019ce   0x000019ce   0x00000006   Code   RO         2618    i.nrf_atomic_flag_set  nrf_atomic.o
    0x000019d4   0x000019d4   0x0000000c   Code   RO         2620    i.nrf_atomic_u32_add  nrf_atomic.o
    0x000019e0   0x000019e0   0x0000000a   Code   RO         2624    i.nrf_atomic_u32_fetch_and  nrf_atomic.o
    0x000019ea   0x000019ea   0x0000000a   Code   RO         2626    i.nrf_atomic_u32_fetch_store  nrf_atomic.o
    0x000019f4   0x000019f4   0x0000000c   Code   RO         2630    i.nrf_atomic_u32_or  nrf_atomic.o
    0x00001a00   0x00001a00   0x0000000c   Code   RO         2632    i.nrf_atomic_u32_sub  nrf_atomic.o
    0x00001a0c   0x00001a0c   0x0000003e   Code   RO         2754    i.nrf_balloc_alloc  nrf_balloc.o
    0x00001a4a   0x00001a4a   0x0000002a   Code   RO         2755    i.nrf_balloc_free   nrf_balloc.o
    0x00001a74   0x00001a74   0x00000030   Code   RO         2756    i.nrf_balloc_init   nrf_balloc.o
    0x00001aa4   0x00001aa4   0x00000010   Code   RO          678    i.nrf_bitmask_bit_is_set  nrfx_gpiote.o
    0x00001ab4   0x00001ab4   0x00000016   Code   RO         4594    i.nrf_delay_ms      bma400.o
    0x00001aca   0x00001aca   0x00000002   PAD
    0x00001acc   0x00001acc   0x00000018   Code   RO          500    i.nrf_drv_ppi_init  nrf_drv_ppi.o
    0x00001ae4   0x00001ae4   0x00000070   Code   RO         2382    i.nrf_drv_spi_init  nrf_drv_spi.o
    0x00001b54   0x00001b54   0x00000040   Code   RO         1293    i.nrf_drv_twi_init  nrf_drv_twi.o
    0x00001b94   0x00001b94   0x0000000e   Code   RO         4750    i.nrf_drv_twi_tx    i2c.o
    0x00001ba2   0x00001ba2   0x00000002   PAD
    0x00001ba4   0x00001ba4   0x00000068   Code   RO         1358    i.nrf_drv_uart_init  nrf_drv_uart.o
    0x00001c0c   0x00001c0c   0x00000020   Code   RO         3233    i.nrf_drv_uart_rx   app_uart_fifo.o
    0x00001c2c   0x00001c2c   0x00000020   Code   RO         3234    i.nrf_drv_uart_tx   app_uart_fifo.o
    0x00001c4c   0x00001c4c   0x0000001a   Code   RO         2791    i.nrf_fprintf       nrf_fprintf.o
    0x00001c66   0x00001c66   0x00000018   Code   RO         2792    i.nrf_fprintf_buffer_flush  nrf_fprintf.o
    0x00001c7e   0x00001c7e   0x000001da   Code   RO         2832    i.nrf_fprintf_fmt   nrf_fprintf_format.o
    0x00001e58   0x00001e58   0x00000024   Code   RO          679    i.nrf_gpio_cfg      nrfx_gpiote.o
    0x00001e7c   0x00001e7c   0x00000024   Code   RO         1430    i.nrf_gpio_cfg      nrfx_twim.o
    0x00001ea0   0x00001ea0   0x00000024   Code   RO         1593    i.nrf_gpio_cfg      nrfx_uarte.o
    0x00001ec4   0x00001ec4   0x00000024   Code   RO         1752    i.nrf_gpio_cfg      nrfx_uart.o
    0x00001ee8   0x00001ee8   0x00000024   Code   RO         2266    i.nrf_gpio_cfg      nrfx_spim.o
    0x00001f0c   0x00001f0c   0x00000024   Code   RO         5011    i.nrf_gpio_cfg      port.o
    0x00001f30   0x00001f30   0x00000012   Code   RO         1595    i.nrf_gpio_cfg_input  nrfx_uarte.o
    0x00001f42   0x00001f42   0x00000012   Code   RO         1754    i.nrf_gpio_cfg_input  nrfx_uart.o
    0x00001f54   0x00001f54   0x00000012   Code   RO         5012    i.nrf_gpio_cfg_input  port.o
    0x00001f66   0x00001f66   0x00000014   Code   RO         1596    i.nrf_gpio_cfg_output  nrfx_uarte.o
    0x00001f7a   0x00001f7a   0x00000014   Code   RO         1755    i.nrf_gpio_cfg_output  nrfx_uart.o
    0x00001f8e   0x00001f8e   0x00000014   Code   RO         2267    i.nrf_gpio_cfg_output  nrfx_spim.o
    0x00001fa2   0x00001fa2   0x00000022   Code   RO          681    i.nrf_gpio_cfg_sense_set  nrfx_gpiote.o
    0x00001fc4   0x00001fc4   0x0000002c   Code   RO          682    i.nrf_gpio_latches_read_and_clear  nrfx_gpiote.o
    0x00001ff0   0x00001ff0   0x0000000e   Code   RO         2268    i.nrf_gpio_pin_clear  nrfx_spim.o
    0x00001ffe   0x00001ffe   0x00000022   Code   RO         5013    i.nrf_gpio_pin_dir_set  port.o
    0x00002020   0x00002020   0x0000001e   Code   RO          683    i.nrf_gpio_pin_present_check  nrfx_gpiote.o
    0x0000203e   0x0000203e   0x0000000e   Code   RO         1294    i.nrf_gpio_pin_set  nrf_drv_twi.o
    0x0000204c   0x0000204c   0x0000000e   Code   RO         2269    i.nrf_gpio_pin_set  nrfx_spim.o
    0x0000205a   0x0000205a   0x00000002   PAD
    0x0000205c   0x0000205c   0x00000014   Code   RO          684    i.nrf_gpiote_event_clear  nrfx_gpiote.o
    0x00002070   0x00002070   0x00000010   Code   RO          685    i.nrf_gpiote_event_is_set  nrfx_gpiote.o
    0x00002080   0x00002080   0x0000005c   Code   RO         4094    i.nrf_log_backend_add  nrf_log_frontend.o
    0x000020dc   0x000020dc   0x00000002   Code   RO         3933    i.nrf_log_backend_rtt_flush  nrf_log_backend_rtt.o
    0x000020de   0x000020de   0x00000004   Code   RO         3934    i.nrf_log_backend_rtt_init  nrf_log_backend_rtt.o
    0x000020e2   0x000020e2   0x00000002   Code   RO         3935    i.nrf_log_backend_rtt_panic_set  nrf_log_backend_rtt.o
    0x000020e4   0x000020e4   0x00000018   Code   RO         3936    i.nrf_log_backend_rtt_put  nrf_log_backend_rtt.o
    0x000020fc   0x000020fc   0x000000c2   Code   RO         3999    i.nrf_log_backend_serial_put  nrf_log_backend_serial.o
    0x000021be   0x000021be   0x00000002   PAD
    0x000021c0   0x000021c0   0x00000030   Code   RO         4096    i.nrf_log_color_id_get  nrf_log_frontend.o
    0x000021f0   0x000021f0   0x0000001c   Code   RO         4051    i.nrf_log_default_backends_init  nrf_log_default_backends.o
    0x0000220c   0x0000220c   0x00000230   Code   RO         4097    i.nrf_log_frontend_dequeue  nrf_log_frontend.o
    0x0000243c   0x0000243c   0x00000008   Code   RO         4099    i.nrf_log_frontend_std_0  nrf_log_frontend.o
    0x00002444   0x00002444   0x0000000e   Code   RO         4100    i.nrf_log_frontend_std_1  nrf_log_frontend.o
    0x00002452   0x00002452   0x00000002   PAD
    0x00002454   0x00002454   0x000000b0   Code   RO         4280    i.nrf_log_hexdump_entry_process  nrf_log_str_formatter.o
    0x00002504   0x00002504   0x00000028   Code   RO         4106    i.nrf_log_init      nrf_log_frontend.o
    0x0000252c   0x0000252c   0x00000014   Code   RO         4107    i.nrf_log_module_cnt_get  nrf_log_frontend.o
    0x00002540   0x00002540   0x0000001c   Code   RO         4110    i.nrf_log_module_name_get  nrf_log_frontend.o
    0x0000255c   0x0000255c   0x00000028   Code   RO         4111    i.nrf_log_panic     nrf_log_frontend.o
    0x00002584   0x00002584   0x000000b6   Code   RO         4281    i.nrf_log_std_entry_process  nrf_log_str_formatter.o
    0x0000263a   0x0000263a   0x00000060   Code   RO         2871    i.nrf_memobj_alloc  nrf_memobj.o
    0x0000269a   0x0000269a   0x00000032   Code   RO         2872    i.nrf_memobj_free   nrf_memobj.o
    0x000026cc   0x000026cc   0x00000008   Code   RO         2873    i.nrf_memobj_get    nrf_memobj.o
    0x000026d4   0x000026d4   0x00000004   Code   RO         2874    i.nrf_memobj_pool_init  nrf_memobj.o
    0x000026d8   0x000026d8   0x0000001e   Code   RO         2875    i.nrf_memobj_put    nrf_memobj.o
    0x000026f6   0x000026f6   0x00000010   Code   RO         2876    i.nrf_memobj_read   nrf_memobj.o
    0x00002706   0x00002706   0x00000010   Code   RO         2877    i.nrf_memobj_write  nrf_memobj.o
    0x00002716   0x00002716   0x00000002   PAD
    0x00002718   0x00002718   0x00000028   Code   RO         2946    i.nrf_pwr_mgmt_init  nrf_pwr_mgmt.o
    0x00002740   0x00002740   0x00000034   Code   RO         2947    i.nrf_pwr_mgmt_run  nrf_pwr_mgmt.o
    0x00002774   0x00002774   0x0000001c   Code   RO         3029    i.nrf_ringbuf_init  nrf_ringbuf.o
    0x00002790   0x00002790   0x00000010   Code   RO         1985    i.nrf_saadc_buffer_init  nrfx_saadc.o
    0x000027a0   0x000027a0   0x00000014   Code   RO         1986    i.nrf_saadc_channel_input_set  nrfx_saadc.o
    0x000027b4   0x000027b4   0x00000010   Code   RO         1987    i.nrf_saadc_event_check  nrfx_saadc.o
    0x000027c4   0x000027c4   0x00000014   Code   RO         1988    i.nrf_saadc_event_clear  nrfx_saadc.o
    0x000027d8   0x000027d8   0x0000000a   Code   RO         3087    i.nrf_section_iter_init  nrf_section_iter.o
    0x000027e2   0x000027e2   0x00000024   Code   RO         3088    i.nrf_section_iter_item_set  nrf_section_iter.o
    0x00002806   0x00002806   0x0000000a   Code   RO         2270    i.nrf_spim_event_check  nrfx_spim.o
    0x00002810   0x00002810   0x0000000c   Code   RO         1139    i.nrf_timer_event_clear  nrfx_timer.o
    0x0000281c   0x0000281c   0x0000000a   Code   RO         1432    i.nrf_twim_event_check  nrfx_twim.o
    0x00002826   0x00002826   0x0000000c   Code   RO         1433    i.nrf_twim_event_clear  nrfx_twim.o
    0x00002832   0x00002832   0x0000000a   Code   RO         1756    i.nrf_uart_event_check  nrfx_uart.o
    0x0000283c   0x0000283c   0x0000000c   Code   RO         1757    i.nrf_uart_event_clear  nrfx_uart.o
    0x00002848   0x00002848   0x0000000c   Code   RO         1758    i.nrf_uart_int_enable_check  nrfx_uart.o
    0x00002854   0x00002854   0x0000000a   Code   RO         1597    i.nrf_uarte_event_check  nrfx_uarte.o
    0x0000285e   0x0000285e   0x0000000c   Code   RO         1598    i.nrf_uarte_event_clear  nrfx_uarte.o
    0x0000286a   0x0000286a   0x00000002   PAD
    0x0000286c   0x0000286c   0x00000010   Code   RO         1295    i.nrfx_coredep_delay_us  nrf_drv_twi.o
    0x0000287c   0x0000287c   0x00000010   Code   RO         4595    i.nrfx_coredep_delay_us  bma400.o
    0x0000288c   0x0000288c   0x000000a0   Code   RO          691    i.nrfx_gpiote_in_event_enable  nrfx_gpiote.o
    0x0000292c   0x0000292c   0x000000cc   Code   RO          693    i.nrfx_gpiote_in_init  nrfx_gpiote.o
    0x000029f8   0x000029f8   0x00000074   Code   RO          696    i.nrfx_gpiote_init  nrfx_gpiote.o
    0x00002a6c   0x00002a6c   0x00000010   Code   RO         1434    i.nrfx_is_in_ram    nrfx_twim.o
    0x00002a7c   0x00002a7c   0x00000010   Code   RO         1599    i.nrfx_is_in_ram    nrfx_uarte.o
    0x00002a8c   0x00002a8c   0x00000060   Code   RO          995    i.nrfx_ppi_channel_alloc  nrfx_ppi.o
    0x00002aec   0x00002aec   0x00000044   Code   RO          996    i.nrfx_ppi_channel_assign  nrfx_ppi.o
    0x00002b30   0x00002b30   0x00000028   Code   RO          998    i.nrfx_ppi_channel_enable  nrfx_ppi.o
    0x00002b58   0x00002b58   0x00000030   Code   RO         1931    i.nrfx_prs_acquire  nrfx_prs.o
    0x00002b88   0x00002b88   0x000000a4   Code   RO         1992    i.nrfx_saadc_buffer_convert  nrfx_saadc.o
    0x00002c2c   0x00002c2c   0x000000ac   Code   RO         1994    i.nrfx_saadc_channel_init  nrfx_saadc.o
    0x00002cd8   0x00002cd8   0x00000094   Code   RO         1996    i.nrfx_saadc_init   nrfx_saadc.o
    0x00002d6c   0x00002d6c   0x0000001c   Code   RO         2001    i.nrfx_saadc_sample_task_get  nrfx_saadc.o
    0x00002d88   0x00002d88   0x0000016c   Code   RO         2274    i.nrfx_spim_init    nrfx_spim.o
    0x00002ef4   0x00002ef4   0x0000003a   Code   RO         1142    i.nrfx_timer_compare  nrfx_timer.o
    0x00002f2e   0x00002f2e   0x00000002   PAD
    0x00002f30   0x00002f30   0x0000001c   Code   RO         1146    i.nrfx_timer_enable  nrfx_timer.o
    0x00002f4c   0x00002f4c   0x0000002a   Code   RO         1147    i.nrfx_timer_extended_compare  nrfx_timer.o
    0x00002f76   0x00002f76   0x00000002   PAD
    0x00002f78   0x00002f78   0x000000c0   Code   RO         1149    i.nrfx_timer_init   nrfx_timer.o
    0x00003038   0x00003038   0x00000024   Code   RO         1436    i.nrfx_twim_enable  nrfx_twim.o
    0x0000305c   0x0000305c   0x000000e4   Code   RO         1437    i.nrfx_twim_init    nrfx_twim.o
    0x00003140   0x00003140   0x00000030   Code   RO         1439    i.nrfx_twim_rx      nrfx_twim.o
    0x00003170   0x00003170   0x00000036   Code   RO         1442    i.nrfx_twim_tx      nrfx_twim.o
    0x000031a6   0x000031a6   0x00000002   PAD
    0x000031a8   0x000031a8   0x00000028   Code   RO         1444    i.nrfx_twim_xfer    nrfx_twim.o
    0x000031d0   0x000031d0   0x00000010   Code   RO         1759    i.nrfx_uart_0_irq_handler  nrfx_uart.o
    0x000031e0   0x000031e0   0x000000d4   Code   RO         1761    i.nrfx_uart_init    nrfx_uart.o
    0x000032b4   0x000032b4   0x000000ec   Code   RO         1762    i.nrfx_uart_rx      nrfx_uart.o
    0x000033a0   0x000033a0   0x000000a8   Code   RO         1767    i.nrfx_uart_tx      nrfx_uart.o
    0x00003448   0x00003448   0x00000020   Code   RO         1769    i.nrfx_uart_tx_in_progress  nrfx_uart.o
    0x00003468   0x00003468   0x00000010   Code   RO         1600    i.nrfx_uarte_0_irq_handler  nrfx_uarte.o
    0x00003478   0x00003478   0x0000006c   Code   RO         1602    i.nrfx_uarte_init   nrfx_uarte.o
    0x000034e4   0x000034e4   0x00000104   Code   RO         1603    i.nrfx_uarte_rx     nrfx_uarte.o
    0x000035e8   0x000035e8   0x000000ac   Code   RO         1606    i.nrfx_uarte_tx     nrfx_uarte.o
    0x00003694   0x00003694   0x0000001c   Code   RO         1608    i.nrfx_uarte_tx_in_progress  nrfx_uarte.o
    0x000036b0   0x000036b0   0x00000018   Code   RO         5366    i.nvmc_config       system_nrf52.o
    0x000036c8   0x000036c8   0x0000001c   Code   RO          715    i.pin_configured_set  nrfx_gpiote.o
    0x000036e4   0x000036e4   0x00000018   Code   RO          716    i.pin_in_use_by_port  nrfx_gpiote.o
    0x000036fc   0x000036fc   0x00000018   Code   RO          717    i.pin_in_use_by_te  nrfx_gpiote.o
    0x00003714   0x00003714   0x000000b4   Code   RO          718    i.port_event_handle  nrfx_gpiote.o
    0x000037c8   0x000037c8   0x00000010   Code   RO          719    i.port_handler_polarity_get  nrfx_gpiote.o
    0x000037d8   0x000037d8   0x0000003c   Code   RO         4283    i.postfix_process   nrf_log_str_formatter.o
    0x00003814   0x00003814   0x00000098   Code   RO         4284    i.prefix_process    nrf_log_str_formatter.o
    0x000038ac   0x000038ac   0x0000006c   Code   RO         4596    i.printerConectCheckBMA400  bma400.o
    0x00003918   0x00003918   0x00000018   Code   RO         1933    i.prs_box_get       nrfx_prs.o
    0x00003930   0x00003930   0x0000001e   Code   RO         4939    i.readADC           adc.o
    0x0000394e   0x0000394e   0x00000002   PAD
    0x00003950   0x00003950   0x00000020   Code   RO         4598    i.readTapDetection  bma400.o
    0x00003970   0x00003970   0x00000032   Code   RO         1771    i.rx_byte           nrfx_uart.o
    0x000039a2   0x000039a2   0x00000016   Code   RO         1610    i.rx_done_event     nrfx_uarte.o
    0x000039b8   0x000039b8   0x00000016   Code   RO         1772    i.rx_done_event     nrfx_uart.o
    0x000039ce   0x000039ce   0x00000020   Code   RO         1773    i.rx_enable         nrfx_uart.o
    0x000039ee   0x000039ee   0x00000002   PAD
    0x000039f0   0x000039f0   0x0000001c   Code   RO         4940    i.saadc_sampling_event_enable  adc.o
    0x00003a0c   0x00003a0c   0x00000094   Code   RO         4941    i.saadc_sampling_event_init  adc.o
    0x00003aa0   0x00003aa0   0x00000050   Code   RO         3937    i.serial_tx         nrf_log_backend_rtt.o
    0x00003af0   0x00003af0   0x00000018   Code   RO         4599    i.setAccConfig0     bma400.o
    0x00003b08   0x00003b08   0x00000016   Code   RO         4601    i.setAccConfig1Tap  bma400.o
    0x00003b1e   0x00003b1e   0x00000018   Code   RO         4602    i.setInt12Map       bma400.o
    0x00003b36   0x00003b36   0x00000018   Code   RO         4605    i.setIntConfig1     bma400.o
    0x00003b4e   0x00003b4e   0x00000018   Code   RO         4606    i.setSoftResetBMA400  bma400.o
    0x00003b66   0x00003b66   0x00000018   Code   RO         4607    i.setTapConfig0     bma400.o
    0x00003b7e   0x00003b7e   0x00000018   Code   RO         4608    i.setTapConfig1     bma400.o
    0x00003b96   0x00003b96   0x00000002   PAD
    0x00003b98   0x00003b98   0x00000038   Code   RO         2383    i.spim_evt_handler  nrf_drv_spi.o
    0x00003bd0   0x00003bd0   0x00000098   Code   RO         4113    i.std_n             nrf_log_frontend.o
    0x00003c68   0x00003c68   0x000000aa   Code   RO         1296    i.twi_clear_bus     nrf_drv_twi.o
    0x00003d12   0x00003d12   0x00000002   PAD
    0x00003d14   0x00003d14   0x00000040   Code   RO         1297    i.twim_evt_handler  nrf_drv_twi.o
    0x00003d54   0x00003d54   0x00000194   Code   RO         1445    i.twim_irq_handler  nrfx_twim.o
    0x00003ee8   0x00003ee8   0x00000298   Code   RO         1446    i.twim_xfer         nrfx_twim.o
    0x00004180   0x00004180   0x00000020   Code   RO         1774    i.tx_byte           nrfx_uart.o
    0x000041a0   0x000041a0   0x0000001a   Code   RO         1611    i.tx_done_event     nrfx_uarte.o
    0x000041ba   0x000041ba   0x0000001a   Code   RO         1775    i.tx_done_event     nrfx_uart.o
    0x000041d4   0x000041d4   0x00000012   Code   RO         4870    i.uart_error_handle  uart.o
    0x000041e6   0x000041e6   0x00000002   PAD
    0x000041e8   0x000041e8   0x000000a4   Code   RO         3235    i.uart_event_handler  app_uart_fifo.o
    0x0000428c   0x0000428c   0x00000030   Code   RO         1359    i.uart_evt_handler  nrf_drv_uart.o
    0x000042bc   0x000042bc   0x0000012a   Code   RO         1776    i.uart_irq_handler  nrfx_uart.o
    0x000043e6   0x000043e6   0x00000002   PAD
    0x000043e8   0x000043e8   0x00000030   Code   RO         1360    i.uarte_evt_handler  nrf_drv_uart.o
    0x00004418   0x00004418   0x00000112   Code   RO         1612    i.uarte_irq_handler  nrfx_uarte.o
    0x0000452a   0x0000452a   0x00000002   PAD
    0x0000452c   0x0000452c   0x000000b4   Code   RO         2833    i.unsigned_print    nrf_fprintf_format.o
    0x000045e0   0x000045e0   0x0000000a   Code   RO         4609    i.writeBMA400       bma400.o
    0x000045ea   0x000045ea   0x00000002   PAD
    0x000045ec   0x000045ec   0x00000030   Code   RO         4751    i.writeI2C          i2c.o
    0x0000461c   0x0000461c   0x00000016   Code   RO         4610    i.writeReadBMA400   bma400.o
    0x00004632   0x00004632   0x00000002   PAD
    0x00004634   0x00004634   0x0000005c   Code   RO         4752    i.writeReadI2C      i2c.o
    0x00004690   0x00004690   0x00000062   Code   RO         1447    i.xfer_completeness_check  nrfx_twim.o
    0x000046f2   0x000046f2   0x00000002   PAD
    0x000046f4   0x000046f4   0x0000002c   Code   RO         5446    locale$$code        c_w.l(lc_ctype_c.o)
    0x00004720   0x00004720   0x0000000a   Code   RO         5525    x$fpl$fpinit        fz_wm.l(fpinit.o)
    0x0000472a   0x0000472a   0x00000006   PAD
    0x00004730   0x00004730   0x00000006   Data   RO            8    .constdata          main.o
    0x00004736   0x00004736   0x00000002   PAD
    0x00004738   0x00004738   0x00000004   Data   RO          721    .constdata          nrfx_gpiote.o
    0x0000473c   0x0000473c   0x00000004   PAD
    0x00004740   0x00004740   0x00000006   Data   RO         1298    .constdata          nrf_drv_twi.o
    0x00004746   0x00004746   0x00000002   PAD
    0x00004748   0x00004748   0x00000018   Data   RO         1450    .constdata          nrfx_twim.o
    0x00004760   0x00004760   0x00000004   Data   RO         1615    .constdata          nrfx_uarte.o
    0x00004764   0x00004764   0x00000004   Data   RO         1779    .constdata          nrfx_uart.o
    0x00004768   0x00004768   0x00000004   Data   RO         2281    .constdata          nrfx_spim.o
    0x0000476c   0x0000476c   0x00000010   Data   RO         2385    .constdata          nrf_drv_spi.o
    0x0000477c   0x0000477c   0x00000010   Data   RO         2834    .constdata          nrf_fprintf_format.o
    0x0000478c   0x0000478c   0x00000018   Data   RO         2951    .constdata          nrf_pwr_mgmt.o
    0x000047a4   0x000047a4   0x0000000c   Data   RO         2952    .constdata          nrf_pwr_mgmt.o
    0x000047b0   0x000047b0   0x00000020   Data   RO         3237    .constdata          app_uart_fifo.o
    0x000047d0   0x000047d0   0x0000000c   Data   RO         3939    .constdata          nrf_log_backend_rtt.o
    0x000047dc   0x000047dc   0x00000004   PAD
    0x000047e0   0x000047e0   0x00000006   Data   RO         3940    .constdata          nrf_log_backend_rtt.o
    0x000047e6   0x000047e6   0x00000002   PAD
    0x000047e8   0x000047e8   0x0000000c   Data   RO         4118    .constdata          nrf_log_frontend.o
    0x000047f4   0x000047f4   0x0000000c   PAD
    0x00004800   0x00004800   0x00000006   Data   RO         4611    .constdata          bma400.o
    0x00004806   0x00004806   0x00000002   PAD
    0x00004808   0x00004808   0x00000010   Data   RO         4753    .constdata          i2c.o
    0x00004818   0x00004818   0x00000020   Data   RO         4813    .constdata          spi.o
    0x00004838   0x00004838   0x00000018   Data   RO         4872    .constdata          uart.o
    0x00004850   0x00004850   0x0000001d   Data   RO         4942    .constdata          adc.o
    0x0000486d   0x0000486d   0x00000003   PAD
    0x00004870   0x00004870   0x00000006   Data   RO         5014    .constdata          port.o
    0x00004876   0x00004876   0x00000002   PAD
    0x00004878   0x00004878   0x0000000f   Data   RO         5155    .constdata          pinchangeinterrupt.o
    0x00004887   0x00004887   0x00000001   PAD
    0x00004888   0x00004888   0x00000066   Data   RO         4285    .conststring        nrf_log_str_formatter.o
    0x000048ee   0x000048ee   0x00000002   PAD
    0x000048f0   0x000048f0   0x00000007   Data   RO          725    .conststrlit        nrfx_gpiote.o
    0x000048f7   0x000048f7   0x00000001   PAD
    0x000048f8   0x000048f8   0x00000004   Data   RO         1020    .conststrlit        nrfx_ppi.o
    0x000048fc   0x000048fc   0x00000006   Data   RO         1156    .conststrlit        nrfx_timer.o
    0x00004902   0x00004902   0x00000002   PAD
    0x00004904   0x00004904   0x00000005   Data   RO         1453    .conststrlit        nrfx_twim.o
    0x00004909   0x00004909   0x00000003   PAD
    0x0000490c   0x0000490c   0x00000006   Data   RO         1618    .conststrlit        nrfx_uarte.o
    0x00004912   0x00004912   0x00000002   PAD
    0x00004914   0x00004914   0x00000005   Data   RO         1782    .conststrlit        nrfx_uart.o
    0x00004919   0x00004919   0x00000003   PAD
    0x0000491c   0x0000491c   0x00000004   Data   RO         1935    .conststrlit        nrfx_prs.o
    0x00004920   0x00004920   0x00000006   Data   RO         2012    .conststrlit        nrfx_saadc.o
    0x00004926   0x00004926   0x00000002   PAD
    0x00004928   0x00004928   0x00000005   Data   RO         2284    .conststrlit        nrfx_spim.o
    0x0000492d   0x0000492d   0x00000003   PAD
    0x00004930   0x00004930   0x00000009   Data   RO         2953    .conststrlit        nrf_pwr_mgmt.o
    0x00004939   0x00004939   0x00000003   PAD
    0x0000493c   0x0000493c   0x0000000b   Data   RO         3356    .conststrlit        app_button.o
    0x00004947   0x00004947   0x00000001   PAD
    0x00004948   0x00004948   0x00000009   Data   RO         3507    .conststrlit        nrf_sortlist.o
    0x00004951   0x00004951   0x00000003   PAD
    0x00004954   0x00004954   0x0000000a   Data   RO         3579    .conststrlit        app_timer2.o
    0x0000495e   0x0000495e   0x00000002   PAD
    0x00004960   0x00004960   0x00000010   Data   RO         4052    .conststrlit        nrf_log_default_backends.o
    0x00004970   0x00004970   0x00000004   Data   RO         4119    .conststrlit        nrf_log_frontend.o
    0x00004974   0x00004974   0x00000020   Data   RO         5604    Region$$Table       anon$$obj.o
    0x00004994   0x00004994   0x00000110   Data   RO         5445    locale$$data        c_w.l(lc_ctype_c.o)
    0x00004aa4   0x00004aa4   0x00000010   Data   RO         4054    log_backends        nrf_log_default_backends.o
    0x00004ab4   0x00004ab4   0x00000008   Data   RO          726    log_const_data      nrfx_gpiote.o
    0x00004abc   0x00004abc   0x00000008   Data   RO         1022    log_const_data      nrfx_ppi.o
    0x00004ac4   0x00004ac4   0x00000008   Data   RO         1157    log_const_data      nrfx_timer.o
    0x00004acc   0x00004acc   0x00000008   Data   RO         1454    log_const_data      nrfx_twim.o
    0x00004ad4   0x00004ad4   0x00000008   Data   RO         1619    log_const_data      nrfx_uarte.o
    0x00004adc   0x00004adc   0x00000008   Data   RO         1783    log_const_data      nrfx_uart.o
    0x00004ae4   0x00004ae4   0x00000008   Data   RO         1937    log_const_data      nrfx_prs.o
    0x00004aec   0x00004aec   0x00000008   Data   RO         2013    log_const_data      nrfx_saadc.o
    0x00004af4   0x00004af4   0x00000008   Data   RO         2285    log_const_data      nrfx_spim.o
    0x00004afc   0x00004afc   0x00000008   Data   RO         2955    log_const_data      nrf_pwr_mgmt.o
    0x00004b04   0x00004b04   0x00000008   Data   RO         3359    log_const_data      app_button.o
    0x00004b0c   0x00004b0c   0x00000008   Data   RO         3508    log_const_data      nrf_sortlist.o
    0x00004b14   0x00004b14   0x00000008   Data   RO         3582    log_const_data      app_timer2.o
    0x00004b1c   0x00004b1c   0x00000008   Data   RO         4123    log_const_data      nrf_log_frontend.o
    0x00004b24   0x00004b24   0x00000014   Data   RO         4124    nrf_balloc          nrf_log_frontend.o


    Execution Region RW_IRAM1 (Exec base: 0x20000000, Load base: 0x00004b38, Size: 0x00002d40, Max: 0x00010000, ABSOLUTE)

    Exec Addr    Load Addr    Size         Type   Attr      Idx    E Section Name        Object

    0x20000000   0x00004b38   0x00000001   Data   RW          502    .data               nrf_drv_ppi.o
    0x20000001   0x00004b39   0x00000003   PAD
    0x20000004   0x00004b3c   0x00000008   Data   RW         1021    .data               nrfx_ppi.o
    0x2000000c   0x00004b44   0x00000010   Data   RW         1299    .data               nrf_drv_twi.o
    0x2000001c   0x00004b54   0x0000000c   Data   RW         1361    .data               nrf_drv_uart.o
    0x20000028   0x00004b60   0x00000008   Data   RW         1936    .data               nrfx_prs.o
    0x20000030   0x00004b68   0x00000004   Data   RW         2532    .data               app_util_platform.o
    0x20000034   0x00004b6c   0x00000008   Data   RW         2954    .data               nrf_pwr_mgmt.o
    0x2000003c   0x00004b74   0x0000001c   Data   RW         3238    .data               app_uart_fifo.o
    0x20000058   0x00004b90   0x0000000c   Data   RW         3721    .data               drv_rtc.o
    0x20000064   0x00004b9c   0x00000001   Data   RW         3941    .data               nrf_log_backend_rtt.o
    0x20000065   0x00004b9d   0x00000003   PAD
    0x20000068   0x00004ba0   0x00000008   Data   RW         4053    .data               nrf_log_default_backends.o
    0x20000070   0x00004ba8   0x00000004   Data   RW         4120    .data               nrf_log_frontend.o
    0x20000074   0x00004bac   0x00000008   Data   RW         4121    .data               nrf_log_frontend.o
    0x2000007c   0x00004bb4   0x00000008   Data   RW         4122    .data               nrf_log_frontend.o
    0x20000084   0x00004bbc   0x00000040   Data   RW         4286    .data               nrf_log_str_formatter.o
    0x200000c4   0x00004bfc   0x0000000e   Data   RW         4612    .data               bma400.o
    0x200000d2   0x00004c0a   0x00000002   PAD
    0x200000d4   0x00004c0c   0x00000014   Data   RW         4754    .data               i2c.o
    0x200000e8   0x00004c20   0x00000004   Data   RW         4943    .data               adc.o
    0x200000ec   0x00004c24   0x00000002   Data   RW         5156    .data               pinchangeinterrupt.o
    0x200000ee   0x00004c26   0x00000002   PAD
    0x200000f0   0x00004c28   0x00000004   Data   RW         5368    .data               system_nrf52.o
    0x200000f4        -       0x0000005c   Zero   RW          720    .bss                nrfx_gpiote.o
    0x20000150        -       0x00000030   Zero   RW         1154    .bss                nrfx_timer.o
    0x20000180        -       0x00000034   Zero   RW         1448    .bss                nrfx_twim.o
    0x200001b4        -       0x00000024   Zero   RW         1613    .bss                nrfx_uarte.o
    0x200001d8        -       0x0000002c   Zero   RW         1777    .bss                nrfx_uart.o
    0x20000204        -       0x00000030   Zero   RW         2003    .bss                nrfx_saadc.o
    0x20000234        -       0x00000024   Zero   RW         2279    .bss                nrfx_spim.o
    0x20000258        -       0x00000018   Zero   RW         2384    .bss                nrf_drv_spi.o
    0x20000270        -       0x0000000c   Zero   RW         2950    .bss                nrf_pwr_mgmt.o
    0x2000027c        -       0x00000020   Zero   RW         3236    .bss                app_uart_fifo.o
    0x2000029c        -       0x00000040   Zero   RW         3938    .bss                nrf_log_backend_rtt.o
    0x200002dc        -       0x000000c0   Zero   RW         4114    .bss                nrf_log_frontend.o
    0x2000039c        -       0x00000080   Zero   RW         4115    .bss                nrf_log_frontend.o
    0x2000041c        -       0x00000018   Zero   RW         4116    .bss                nrf_log_frontend.o
    0x20000434        -       0x00000420   Zero   RW         4117    .bss                nrf_log_frontend.o
    0x20000854        -       0x00000288   Zero   RW         4362    .bss                segger_rtt.o
    0x20000adc        -       0x00000200   Zero   RW         4871    .bss                uart.o
    0x20000cdc        -       0x00000060   Zero   RW         5449    .bss                c_w.l(libspace.o)
    0x20000d3c   0x00004c2c   0x00000004   PAD
    0x20000d40        -       0x00001000   Zero   RW         5355    HEAP                arm_startup_nrf52.o
    0x20001d40        -       0x00001000   Zero   RW         5354    STACK               arm_startup_nrf52.o


==============================================================================

Image component sizes


      Code (inc. data)   RO Data    RW Data    ZI Data      Debug   Object Name

       284         28         29          4          0      14965   adc.o
         0          0         19          0          0       5707   app_button.o
        22          0          0          0          0       2361   app_error.o
         0          0          0          0          0        416   app_error_handler_keil.o
       132         46          0          0          0      30833   app_error_weak.o
       118          0          0          0          0       4410   app_fifo.o
         0          0         18          0          0       5630   app_timer2.o
       392         36         32         28         32      13508   app_uart_fifo.o
        44         10          0          4          0       2808   app_util_platform.o
        64         26        512          0       8192        920   arm_startup_nrf52.o
       556        102          6         14          0      12820   bma400.o
         0          0          0          0          0        548   boards.o
        16          4          0         12          0       4561   drv_rtc.o
       226         32         16         20          0       7837   i2c.o
       312        102          6          0          0      97836   main.o
       294          0          0          0          0       6963   nrf_atomic.o
       152          0          0          0          0       3200   nrf_balloc.o
        24          6          0          1          0        791   nrf_drv_ppi.o
       168         18         16          0         24      13159   nrf_drv_spi.o
       328         16          6         16          0      21879   nrf_drv_twi.o
       200         26          0         12          0      16908   nrf_drv_uart.o
        50          0          0          0          0       3221   nrf_fprintf.o
       866          4         16          0          0       6114   nrf_fprintf_format.o
       112         18         18          1         64       4881   nrf_log_backend_rtt.o
       194          0          0          0          0      10577   nrf_log_backend_serial.o
        28          4         32          8          0       3073   nrf_log_default_backends.o
      1452        130         44         20       1400      27644   nrf_log_frontend.o
       570        108        102         64          0       5128   nrf_log_str_formatter.o
       346          0          0          0          0       7295   nrf_memobj.o
         0          0          0          0          0       1500   nrf_nvic.o
        92         18         53          8         12      41822   nrf_pwr_mgmt.o
        28          0          0          0          0       2095   nrf_ringbuf.o
        46          0          0          0          0       1780   nrf_section_iter.o
         0          0         17          0          0        869   nrf_sortlist.o
      1228        100         19          0         92      65283   nrfx_gpiote.o
       240         22         12          8          0       9841   nrfx_ppi.o
        84         16         12          8          0       3285   nrfx_prs.o
       912         74         14          0         48      17407   nrfx_saadc.o
       542         14         17          0         36      16937   nrfx_spim.o
       482         48         14          0         48      48979   nrfx_timer.o
      1688         42         37          0         52      62716   nrfx_twim.o
      1368         38         17          0         44      21321   nrfx_uart.o
      1290         36         18          0         36      24871   nrfx_uarte.o
       128         22         15          2          0      12565   pinchangeinterrupt.o
       258          4          6          0          0       8728   port.o
        26          0          0          0          0        808   rtt.o
       378         34          0          0        648       8314   segger_rtt.o
        68          6         32          0          0       4526   spi.o
       752         78          0          4          0      32601   system_nrf52.o
        90         18         24          0        512       1579   uart.o

    ----------------------------------------------------------------------
     16712       1286       1272        244      11240     723820   Object Totals
         0          0         32          0          0          0   (incl. Generated)
        62          0         61         10          0          0   (incl. Padding)

    ----------------------------------------------------------------------

      Code (inc. data)   RO Data    RW Data    ZI Data      Debug   Library Member Name

         8          0          0          0          0         68   __main.o
         0          0          0          0          0          0   __rtentry.o
        12          0          0          0          0          0   __rtentry2.o
         6          0          0          0          0          0   __rtentry4.o
        52          8          0          0          0          0   __scatter.o
        26          0          0          0          0          0   __scatter_copy.o
        28          0          0          0          0          0   __scatter_zi.o
        18          0          0          0          0         80   exit.o
         6          0          0          0          0        152   heapauxi.o
         0          0          0          0          0          0   indicate_semi.o
        44         10        272          0          0         76   lc_ctype_c.o
         2          0          0          0          0          0   libinit.o
        24          0          0          0          0          0   libinit2.o
         2          0          0          0          0          0   libshutdown.o
         2          0          0          0          0          0   libshutdown2.o
         8          4          0          0         96         68   libspace.o
        38          0          0          0          0         68   llushr.o
        16          4          0          0          0         76   rt_ctype_table.o
         8          4          0          0          0         68   rt_locale_intlibspace.o
        78          0          0          0          0         80   rt_memclr_w.o
       138          0          0          0          0         68   rt_memcpy_v6.o
       100          0          0          0          0         80   rt_memcpy_w.o
         2          0          0          0          0          0   rtexit.o
        10          0          0          0          0          0   rtexit2.o
       128          0          0          0          0         68   strcmpv7m.o
        72          0          0          0          0         80   strcpy.o
        62          0          0          0          0         76   strlen.o
        12          4          0          0          0         68   sys_exit.o
        74          0          0          0          0         80   sys_stackheap_outer.o
         2          0          0          0          0         68   use_no_semi.o
        10          0          0          0          0        116   fpinit.o

    ----------------------------------------------------------------------
      1000         34        272          0        100       1440   Library Totals
        12          0          0          0          4          0   (incl. Padding)

    ----------------------------------------------------------------------

      Code (inc. data)   RO Data    RW Data    ZI Data      Debug   Library Name

       978         34        272          0         96       1324   c_w.l
        10          0          0          0          0        116   fz_wm.l

    ----------------------------------------------------------------------
      1000         34        272          0        100       1440   Library Totals

    ----------------------------------------------------------------------

==============================================================================


      Code (inc. data)   RO Data    RW Data    ZI Data      Debug   

     17712       1320       1544        244      11340     701384   Grand Totals
     17712       1320       1544        244      11340     701384   ELF Image Totals
     17712       1320       1544        244          0          0   ROM Totals

==============================================================================

    Total RO  Size (Code + RO Data)                19256 (  18.80kB)
    Total RW  Size (RW Data + ZI Data)             11584 (  11.31kB)
    Total ROM Size (Code + RO Data + RW Data)      19500 (  19.04kB)

==============================================================================

