Component: ARM Compiler 5.06 update 7 (build 960) Tool: armlink [4d3601]

==============================================================================

Section Cross References

    main.o(i.handerLowPowerConsumption) refers to nrf_pwr_mgmt.o(i.nrf_pwr_mgmt_init) for nrf_pwr_mgmt_init
    main.o(i.handerLowPowerConsumption) refers to nrf_pwr_mgmt.o(i.nrf_pwr_mgmt_run) for nrf_pwr_mgmt_run
    main.o(i.initPeripherals) refers to port.o(i.initComoPort) for initComoPort
    main.o(i.initPeripherals) refers to uart.o(i.initUART) for initUART
    main.o(i.initPeripherals) refers to rtt.o(i.initSeggerRTT) for initSeggerRTT
    main.o(i.initPeripherals) refers to i2c.o(i.initI2C) for initI2C
    main.o(i.initPeripherals) refers to adc.o(i.initADC) for initADC
    main.o(i.initPeripherals) refers to pinchangeinterrupt.o(i.initPinChangeInterrupt) for initPinChangeInterrupt
    main.o(i.initPeripherals) refers to nrf_log_frontend.o(i.nrf_log_frontend_std_0) for nrf_log_frontend_std_0
    main.o(i.initPeripherals) refers to nrf_log_frontend.o(i.nrf_log_frontend_dequeue) for nrf_log_frontend_dequeue
    main.o(i.initPeripherals) refers to main.o(.constdata) for .constdata
    main.o(i.initPeripherals) refers to nrf_log_frontend.o(log_const_data) for m_nrf_log_app_logs_data_const
    main.o(i.initSensors) refers to bma400.o(i.initBMA400Tap) for initBMA400Tap
    main.o(i.initSensors) refers to nrf_log_frontend.o(i.nrf_log_frontend_std_0) for nrf_log_frontend_std_0
    main.o(i.initSensors) refers to nrf_log_frontend.o(i.nrf_log_frontend_dequeue) for nrf_log_frontend_dequeue
    main.o(i.initSensors) refers to nrf_log_frontend.o(log_const_data) for m_nrf_log_app_logs_data_const
    main.o(i.main) refers to port.o(i.initPowerHold) for initPowerHold
    main.o(i.main) refers to main.o(i.initPeripherals) for initPeripherals
    main.o(i.main) refers to main.o(i.initSensors) for initSensors
    main.o(i.main) refers to main.o(i.handerLowPowerConsumption) for handerLowPowerConsumption
    main.o(i.main) refers to bma400.o(i.initBMA400Timer) for initBMA400Timer
    main.o(i.main) refers to pinchangeinterrupt.o(i.isBMA400ReadyPin200Hz) for isBMA400ReadyPin200Hz
    main.o(i.main) refers to bma400.o(i.BMA400) for BMA400
    main.o(i.main) refers to pinchangeinterrupt.o(i.disableBMA400ReadyPin200Hz) for disableBMA400ReadyPin200Hz
    main.o(i.main) refers to pinchangeinterrupt.o(i.isBMA400Tap) for isBMA400Tap
    main.o(i.main) refers to bma400.o(i.BMA400Tap) for BMA400Tap
    main.o(i.main) refers to pinchangeinterrupt.o(i.disableBMA400Tap) for disableBMA400Tap
    boards.o(i.bsp_board_button_idx_to_pin) refers to boards.o(.constdata) for .constdata
    boards.o(i.bsp_board_button_state_get) refers to boards.o(.constdata) for .constdata
    boards.o(i.bsp_board_init) refers to boards.o(i.nrf_gpio_cfg) for nrf_gpio_cfg
    boards.o(i.bsp_board_init) refers to boards.o(i.bsp_board_leds_off) for bsp_board_leds_off
    boards.o(i.bsp_board_init) refers to boards.o(.constdata) for .constdata
    boards.o(i.bsp_board_led_idx_to_pin) refers to boards.o(.constdata) for .constdata
    boards.o(i.bsp_board_led_invert) refers to boards.o(.constdata) for .constdata
    boards.o(i.bsp_board_led_off) refers to boards.o(i.nrf_gpio_pin_write) for nrf_gpio_pin_write
    boards.o(i.bsp_board_led_off) refers to boards.o(.constdata) for .constdata
    boards.o(i.bsp_board_led_on) refers to boards.o(i.nrf_gpio_pin_write) for nrf_gpio_pin_write
    boards.o(i.bsp_board_led_on) refers to boards.o(.constdata) for .constdata
    boards.o(i.bsp_board_led_state_get) refers to boards.o(.constdata) for .constdata
    boards.o(i.bsp_board_leds_off) refers to boards.o(i.bsp_board_led_off) for bsp_board_led_off
    boards.o(i.bsp_board_leds_on) refers to boards.o(i.bsp_board_led_on) for bsp_board_led_on
    boards.o(i.bsp_board_pin_to_button_idx) refers to boards.o(.constdata) for .constdata
    boards.o(i.bsp_board_pin_to_led_idx) refers to boards.o(.constdata) for .constdata
    nrf_drv_ppi.o(i.nrf_drv_ppi_init) refers to nrf_drv_ppi.o(.data) for .data
    nrf_drv_ppi.o(i.nrf_drv_ppi_uninit) refers to nrfx_ppi.o(i.nrfx_ppi_free_all) for nrfx_ppi_free_all
    nrf_drv_ppi.o(i.nrf_drv_ppi_uninit) refers to nrf_drv_ppi.o(.data) for .data
    nrfx_atomic.o(i.nrfx_atomic_flag_clear) refers to nrfx_atomic.o(i.nrfx_atomic_u32_and) for nrfx_atomic_u32_and
    nrfx_atomic.o(i.nrfx_atomic_flag_clear_fetch) refers to nrfx_atomic.o(i.nrfx_atomic_u32_fetch_and) for nrfx_atomic_u32_fetch_and
    nrfx_atomic.o(i.nrfx_atomic_flag_set) refers to nrfx_atomic.o(i.nrfx_atomic_u32_or) for nrfx_atomic_u32_or
    nrfx_atomic.o(i.nrfx_atomic_flag_set_fetch) refers to nrfx_atomic.o(i.nrfx_atomic_u32_fetch_or) for nrfx_atomic_u32_fetch_or
    nrfx_atomic.o(i.nrfx_atomic_u32_add) refers to nrfx_atomic.o(.emb_text) for __asm___13_nrfx_atomic_c_3bd32246__nrfx_atomic_internal_add
[...]
    .bss                                     0x200002d4   Section      192  nrf_log_frontend.o(.bss)
    log_mempool_nrf_balloc_pool_mem          0x200002d4   Data         192  nrf_log_frontend.o(.bss)
    .bss                                     0x20000394   Section      128  nrf_log_frontend.o(.bss)
    m_log_push_ringbuf_buf                   0x20000394   Data         128  nrf_log_frontend.o(.bss)
    .bss                                     0x20000414   Section       24  nrf_log_frontend.o(.bss)
    m_log_push_ringbuf_cb                    0x20000414   Data          24  nrf_log_frontend.o(.bss)
    .bss                                     0x2000042c   Section     1056  nrf_log_frontend.o(.bss)
    m_log_data                               0x2000042c   Data        1056  nrf_log_frontend.o(.bss)
    .bss                                     0x2000084c   Section      648  segger_rtt.o(.bss)
    _acUpBuffer                              0x200008c4   Data         512  segger_rtt.o(.bss)
    _acDownBuffer                            0x20000ac4   Data          16  segger_rtt.o(.bss)
    .bss                                     0x20000ad4   Section      512  uart.o(.bss)
    rx_buf                                   0x20000ad4   Data         256  uart.o(.bss)
    tx_buf                                   0x20000bd4   Data         256  uart.o(.bss)
    .bss                                     0x20000cd4   Section       36  printer45byte.o(.bss)
    etcDataRaw                               0x20000cd4   Data          12  printer45byte.o(.bss)
    MAX30101Raw                              0x20000ce0   Data          24  printer45byte.o(.bss)
    .bss                                     0x20000cf8   Section       96  libspace.o(.bss)
    HEAP                                     0x20000d58   Section     4096  arm_startup_nrf52.o(HEAP)
    Heap_Mem                                 0x20000d58   Data        4096  arm_startup_nrf52.o(HEAP)
    STACK                                    0x20001d58   Section     4096  arm_startup_nrf52.o(STACK)
    Stack_Mem                                0x20001d58   Data        4096  arm_startup_nrf52.o(STACK)
    __initial_sp                             0x20002d58   Data           0  arm_startup_nrf52.o(STACK)

    Global Symbols

    Symbol Name                              Value     Ov Type        Size  Object(Section)

    BuildAttributes$$THM_ISAv4$E$P$D$K$B$S$7EM$VFPi3$EXTD16$VFPS$VFMA$PE$A:L22UL41UL21$X:L11$S22US41US21$IEEE1$IW$USESV6$~STKCKD$USESV7$~SHL$OSPACE$ROPI$EBA8$UX$STANDARDLIB$REQ8$EABIv2 0x00000000   Number         0  anon$$obj.o ABSOLUTE
    __ARM_use_no_argv                        0x00000000   Number         0  main.o ABSOLUTE
    __Vectors                                0x00000000   Data           4  arm_startup_nrf52.o(RESET)
    __ARM_exceptions_init                     - Undefined Weak Reference
    __alloca_initialize                       - Undefined Weak Reference
    __arm_fini_                               - Undefined Weak Reference
    __arm_preinit_                            - Undefined Weak Reference
    __cpp_initialize__aeabi_                  - Undefined Weak Reference
    __cxa_finalize                            - Undefined Weak Reference
    __sigvec_lookup                           - Undefined Weak Reference
    _atexit_init                              - Undefined Weak Reference
    _call_atexit_fns                          - Undefined Weak Reference
    _clock_init                               - Undefined Weak Reference
    _fp_trap_init                             - Undefined Weak Reference
    _fp_trap_shutdown                         - Undefined Weak Reference
    _get_lc_collate                           - Undefined Weak Reference
    _get_lc_monetary                          - Undefined Weak Reference
    _get_lc_numeric                           - Undefined Weak Reference
    _get_lc_time                              - Undefined Weak Reference
    _getenv_init                              - Undefined Weak Reference
    _handle_redirection                       - Undefined Weak Reference
    _init_alloc                               - Undefined Weak Reference
    _init_user_alloc                          - Undefined Weak Reference
    _initio                                   - Undefined Weak Reference
    _rand_init                                - Undefined Weak Reference
    _signal_finish                            - Undefined Weak Reference
    _signal_init                              - Undefined Weak Reference
    _terminate_alloc                          - Undefined Weak Reference
    _terminate_user_alloc                     - Undefined Weak Reference
    _terminateio                              - Undefined Weak Reference
    log_dynamic_data$$Base                    - Undefined Reference
    pwr_mgmt_data0$$Base                      - Undefined Reference
    pwr_mgmt_data0$$Limit                     - Undefined Reference
    pwr_mgmt_data1$$Base                      - Undefined Reference
    pwr_mgmt_data1$$Limit                     - Undefined Reference
    pwr_mgmt_data2$$Base                      - Undefined Reference
    pwr_mgmt_data2$$Limit                     - Undefined Reference
    __Vectors_End                            0x00000200   Data           0  arm_startup_nrf52.o(RESET)
    __Vectors_Size                           0x00000200   Number         0  arm_startup_nrf52.o ABSOLUTE
    __main                                   0x00000201   Thumb Code     8  __main.o(!!!main)
    __scatterload                            0x00000209   Thumb Code     0  __scatter.o(!!!scatter)
    __scatterload_rt2                        0x00000209   Thumb Code    44  __scatter.o(!!!scatter)
    __scatterload_rt2_thumb_only             0x00000209   Thumb Code     0  __scatter.o(!!!scatter)
    __scatterload_null                       0x00000217   Thumb Code     0  __scatter.o(!!!scatter)
    __scatterload_copy                       0x0000023d   Thumb Code    26  __scatter_copy.o(!!handler_copy)
    __scatterload_zeroinit                   0x00000259   Thumb Code    28  __scatter_zi.o(!!handler_zi)
    __rt_lib_init                            0x00000275   Thumb Code     0  libinit.o(.ARM.Collect$$libinit$$00000000)
    __rt_lib_init_fp_1                       0x00000277   Thumb Code     0  libinit2.o(.ARM.Collect$$libinit$$00000001)
    __rt_lib_init_heap_1                     0x0000027b   Thumb Code     0  libinit2.o(.ARM.Collect$$libinit$$0000000A)
    __rt_lib_init_lc_common                  0x0000027b   Thumb Code     0  libinit2.o(.ARM.Collect$$libinit$$0000000F)
    __rt_lib_init_preinit_1                  0x0000027b   Thumb Code     0  libinit2.o(.ARM.Collect$$libinit$$00000004)
    __rt_lib_init_rand_1                     0x0000027b   Thumb Code     0  libinit2.o(.ARM.Collect$$libinit$$0000000E)
    __rt_lib_init_user_alloc_1               0x0000027b   Thumb Code     0  libinit2.o(.ARM.Collect$$libinit$$0000000C)
    __rt_lib_init_lc_collate_1               0x00000281   Thumb Code     0  libinit2.o(.ARM.Collect$$libinit$$00000011)
    __rt_lib_init_lc_ctype_2                 0x00000281   Thumb Code     0  libinit2.o(.ARM.Collect$$libinit$$00000012)
    __rt_lib_init_alloca_1                   0x0000028d   Thumb Code     0  libinit2.o(.ARM.Collect$$libinit$$0000002E)
    __rt_lib_init_argv_1                     0x0000028d   Thumb Code     0  libinit2.o(.ARM.Collect$$libinit$$0000002C)
    __rt_lib_init_atexit_1                   0x0000028d   Thumb Code     0  libinit2.o(.ARM.Collect$$libinit$$0000001B)
    __rt_lib_init_clock_1                    0x0000028d   Thumb Code     0  libinit2.o(.ARM.Collect$$libinit$$00000021)
    __rt_lib_init_cpp_1                      0x0000028d   Thumb Code     0  libinit2.o(.ARM.Collect$$libinit$$00000032)
    __rt_lib_init_exceptions_1               0x0000028d   Thumb Code     0  libinit2.o(.ARM.Collect$$libinit$$00000030)
    __rt_lib_init_fp_trap_1                  0x0000028d   Thumb Code     0  libinit2.o(.ARM.Collect$$libinit$$0000001F)
    __rt_lib_init_getenv_1                   0x0000028d   Thumb Code     0  libinit2.o(.ARM.Collect$$libinit$$00000023)
    __rt_lib_init_lc_ctype_1                 0x0000028d   Thumb Code     0  libinit2.o(.ARM.Collect$$libinit$$00000013)
    __rt_lib_init_lc_monetary_1              0x0000028d   Thumb Code     0  libinit2.o(.ARM.Collect$$libinit$$00000015)
    __rt_lib_init_lc_numeric_1               0x0000028d   Thumb Code     0  libinit2.o(.ARM.Collect$$libinit$$00000017)
    __rt_lib_init_lc_time_1                  0x0000028d   Thumb Code     0  libinit2.o(.ARM.Collect$$libinit$$00000019)
    __rt_lib_init_return                     0x0000028d   Thumb Code     0  libinit2.o(.ARM.Collect$$libinit$$00000033)
    __rt_lib_init_signal_1                   0x0000028d   Thumb Code     0  libinit2.o(.ARM.Collect$$libinit$$0000001D)
    __rt_lib_init_stdio_1                    0x0000028d   Thumb Code     0  libinit2.o(.ARM.Collect$$libinit$$00000025)
    __rt_lib_shutdown                        0x0000028f   Thumb Code     0  libshutdown.o(.ARM.Collect$$libshutdown$$00000000)
    __rt_lib_shutdown_cpp_1                  0x00000291   Thumb Code     0  libshutdown2.o(.ARM.Collect$$libshutdown$$00000004)
    __rt_lib_shutdown_fini_1                 0x00000291   Thumb Code     0  libshutdown2.o(.ARM.Collect$$libshutdown$$00000002)
    __rt_lib_shutdown_fp_trap_1              0x00000291   Thumb Code     0  libshutdown2.o(.ARM.Collect$$libshutdown$$00000009)
    __rt_lib_shutdown_heap_1                 0x00000291   Thumb Code     0  libshutdown2.o(.ARM.Collect$$libshutdown$$00000011)
    __rt_lib_shutdown_return                 0x00000291   Thumb Code     0  libshutdown2.o(.ARM.Collect$$libshutdown$$00000012)
    __rt_lib_shutdown_signal_1               0x00000291   Thumb Code     0  libshutdown2.o(.ARM.Collect$$libshutdown$$0000000C)
    __rt_lib_shutdown_stdio_1                0x00000291   Thumb Code     0  libshutdown2.o(.ARM.Collect$$libshutdown$$00000006)
    __rt_lib_shutdown_user_alloc_1           0x00000291   Thumb Code     0  libshutdown2.o(.ARM.Collect$$libshutdown$$0000000E)
    __rt_entry                               0x00000293   Thumb Code     0  __rtentry.o(.ARM.Collect$$rtentry$$00000000)
    __rt_entry_presh_1                       0x00000293   Thumb Code     0  __rtentry2.o(.ARM.Collect$$rtentry$$00000002)
    __rt_entry_sh                            0x00000293   Thumb Code     0  __rtentry4.o(.ARM.Collect$$rtentry$$00000004)
    __rt_entry_li                            0x00000299   Thumb Code     0  __rtentry2.o(.ARM.Collect$$rtentry$$0000000A)
    __rt_entry_postsh_1                      0x00000299   Thumb Code     0  __rtentry2.o(.ARM.Collect$$rtentry$$00000009)
    __rt_entry_main                          0x0000029d   Thumb Code     0  __rtentry2.o(.ARM.Collect$$rtentry$$0000000D)
    __rt_entry_postli_1                      0x0000029d   Thumb Code     0  __rtentry2.o(.ARM.Collect$$rtentry$$0000000C)
    __rt_exit                                0x000002a5   Thumb Code     0  rtexit.o(.ARM.Collect$$rtexit$$00000000)
    __rt_exit_ls                             0x000002a7   Thumb Code     0  rtexit2.o(.ARM.Collect$$rtexit$$00000003)
    __rt_exit_prels_1                        0x000002a7   Thumb Code     0  rtexit2.o(.ARM.Collect$$rtexit$$00000002)
    __rt_exit_exit                           0x000002ab   Thumb Code     0  rtexit2.o(.ARM.Collect$$rtexit$$00000004)
    __asm___12_nrf_atomic_c_85ca2469__nrf_atomic_internal_mov 0x000002b1   Thumb Code    24  nrf_atomic.o(.emb_text)
    __asm___12_nrf_atomic_c_85ca2469__nrf_atomic_internal_orr 0x000002c9   Thumb Code    26  nrf_atomic.o(.emb_text)
    __asm___12_nrf_atomic_c_85ca2469__nrf_atomic_internal_and 0x000002e3   Thumb Code    26  nrf_atomic.o(.emb_text)
    __asm___12_nrf_atomic_c_85ca2469__nrf_atomic_internal_eor 0x000002fd   Thumb Code    26  nrf_atomic.o(.emb_text)
    __asm___12_nrf_atomic_c_85ca2469__nrf_atomic_internal_add 0x00000317   Thumb Code    26  nrf_atomic.o(.emb_text)
    __asm___12_nrf_atomic_c_85ca2469__nrf_atomic_internal_sub 0x00000331   Thumb Code    26  nrf_atomic.o(.emb_text)
    __asm___12_nrf_atomic_c_85ca2469__nrf_atomic_internal_cmp_exch 0x0000034b   Thumb Code    42  nrf_atomic.o(.emb_text)
    __asm___12_nrf_atomic_c_85ca2469__nrf_atomic_internal_sub_hs 0x00000375   Thumb Code    30  nrf_atomic.o(.emb_text)
    Reset_Handler                            0x00000395   Thumb Code     8  arm_startup_nrf52.o(.text)
    NMI_Handler                              0x0000039d   Thumb Code     2  arm_startup_nrf52.o(.text)
    HardFault_Handler                        0x0000039f   Thumb Code     2  arm_startup_nrf52.o(.text)
    MemoryManagement_Handler                 0x000003a1   Thumb Code     2  arm_startup_nrf52.o(.text)
    BusFault_Handler                         0x000003a3   Thumb Code     2  arm_startup_nrf52.o(.text)
    UsageFault_Handler                       0x000003a5   Thumb Code     2  arm_startup_nrf52.o(.text)
    SVC_Handler                              0x000003a7   Thumb Code     2  arm_startup_nrf52.o(.text)
    DebugMon_Handler                         0x000003a9   Thumb Code     2  arm_startup_nrf52.o(.text)
    PendSV_Handler                           0x000003ab   Thumb Code     2  arm_startup_nrf52.o(.text)
    SysTick_Handler                          0x000003ad   Thumb Code     2  arm_startup_nrf52.o(.text)
    CCM_AAR_IRQHandler                       0x000003af   Thumb Code     0  arm_startup_nrf52.o(.text)
    COMP_LPCOMP_IRQHandler                   0x000003af   Thumb Code     0  arm_startup_nrf52.o(.text)
    ECB_IRQHandler                           0x000003af   Thumb Code     0  arm_startup_nrf52.o(.text)
    FPU_IRQHandler                           0x000003af   Thumb Code     0  arm_startup_nrf52.o(.text)
    I2S_IRQHandler                           0x000003af   Thumb Code     0  arm_startup_nrf52.o(.text)
    MWU_IRQHandler                           0x000003af   Thumb Code     0  arm_startup_nrf52.o(.text)
    NFCT_IRQHandler                          0x000003af   Thumb Code     0  arm_startup_nrf52.o(.text)
    PDM_IRQHandler                           0x000003af   Thumb Code     0  arm_startup_nrf52.o(.text)
    POWER_CLOCK_IRQHandler                   0x000003af   Thumb Code     0  arm_startup_nrf52.o(.text)
    PWM0_IRQHandler                          0x000003af   Thumb Code     0  arm_startup_nrf52.o(.text)
    PWM1_IRQHandler                          0x000003af   Thumb Code     0  arm_startup_nrf52.o(.text)
    PWM2_IRQHandler                          0x000003af   Thumb Code     0  arm_startup_nrf52.o(.text)
    QDEC_IRQHandler                          0x000003af   Thumb Code     0  arm_startup_nrf52.o(.text)
    RADIO_IRQHandler                         0x000003af   Thumb Code     0  arm_startup_nrf52.o(.text)
    RNG_IRQHandler                           0x000003af   Thumb Code     0  arm_startup_nrf52.o(.text)
    RTC0_IRQHandler                          0x000003af   Thumb Code     0  arm_startup_nrf52.o(.text)
    RTC2_IRQHandler                          0x000003af   Thumb Code     0  arm_startup_nrf52.o(.text)
    SPIM2_SPIS2_SPI2_IRQHandler              0x000003af   Thumb Code     0  arm_startup_nrf52.o(.text)
    SWI0_EGU0_IRQHandler                     0x000003af   Thumb Code     0  arm_startup_nrf52.o(.text)
    SWI1_EGU1_IRQHandler                     0x000003af   Thumb Code     0  arm_startup_nrf52.o(.text)
    SWI2_EGU2_IRQHandler                     0x000003af   Thumb Code     0  arm_startup_nrf52.o(.text)
    SWI3_EGU3_IRQHandler                     0x000003af   Thumb Code     0  arm_startup_nrf52.o(.text)
    SWI4_EGU4_IRQHandler                     0x000003af   Thumb Code     0  arm_startup_nrf52.o(.text)
    SWI5_EGU5_IRQHandler                     0x000003af   Thumb Code     0  arm_startup_nrf52.o(.text)
    TEMP_IRQHandler                          0x000003af   Thumb Code     0  arm_startup_nrf52.o(.text)
    TIMER0_IRQHandler                        0x000003af   Thumb Code     0  arm_startup_nrf52.o(.text)
    WDT_IRQHandler                           0x000003af   Thumb Code     0  arm_startup_nrf52.o(.text)
    __user_initial_stackheap                 0x000003b1   Thumb Code    10  arm_startup_nrf52.o(.text)
    __rt_ctype_table                         0x000003d5   Thumb Code    16  rt_ctype_table.o(.text)
    __aeabi_llsr                             0x000003e5   Thumb Code     0  llushr.o(.text)
    _ll_ushift_r                             0x000003e5   Thumb Code    38  llushr.o(.text)
    strcpy                                   0x0000040b   Thumb Code    72  strcpy.o(.text)
    strlen                                   0x00000453   Thumb Code    62  strlen.o(.text)
    __aeabi_memcpy                           0x00000491   Thumb Code     0  rt_memcpy_v6.o(.text)
    __rt_memcpy                              0x00000491   Thumb Code   138  rt_memcpy_v6.o(.text)
    _memcpy_lastbytes                        0x000004f7   Thumb Code     0  rt_memcpy_v6.o(.text)
    __aeabi_memcpy4                          0x0000051b   Thumb Code     0  rt_memcpy_w.o(.text)
    __aeabi_memcpy8                          0x0000051b   Thumb Code     0  rt_memcpy_w.o(.text)
    __rt_memcpy_w                            0x0000051b   Thumb Code   100  rt_memcpy_w.o(.text)
    _memcpy_lastbytes_aligned                0x00000563   Thumb Code     0  rt_memcpy_w.o(.text)
    __aeabi_memclr4                          0x0000057f   Thumb Code     0  rt_memclr_w.o(.text)
    __aeabi_memclr8                          0x0000057f   Thumb Code     0  rt_memclr_w.o(.text)
    __rt_memclr_w                            0x0000057f   Thumb Code    78  rt_memclr_w.o(.text)
    _memset_w                                0x00000583   Thumb Code     0  rt_memclr_w.o(.text)
    __use_two_region_memory                  0x000005cd   Thumb Code     2  heapauxi.o(.text)
    __rt_heap_escrow$2region                 0x000005cf   Thumb Code     2  heapauxi.o(.text)
    __rt_heap_expand$2region                 0x000005d1   Thumb Code     2  heapauxi.o(.text)
    __rt_locale                              0x000005d5   Thumb Code     8  rt_locale_intlibspace.o(.text)
    __user_libspace                          0x000005dd   Thumb Code     8  libspace.o(.text)
    __user_perproc_libspace                  0x000005dd   Thumb Code     0  libspace.o(.text)
    __user_perthread_libspace                0x000005dd   Thumb Code     0  libspace.o(.text)
    strcmp                                   0x000005e5   Thumb Code   128  strcmpv7m.o(.text)
    __user_setup_stackheap                   0x00000665   Thumb Code    74  sys_stackheap_outer.o(.text)
    exit                                     0x000006af   Thumb Code    18  exit.o(.text)
    _sys_exit                                0x000006c1   Thumb Code     8  sys_exit.o(.text)
    __I$use$semihosting                      0x000006cd   Thumb Code     0  use_no_semi.o(.text)
    __use_no_semihosting_swi                 0x000006cd   Thumb Code     2  use_no_semi.o(.text)
    __semihosting_library_function           0x000006cf   Thumb Code     0  indicate_semi.o(.text)
    BMA400                                   0x000006d1   Thumb Code    76  bma400.o(i.BMA400)
    BMA400Tap                                0x00000739   Thumb Code    38  bma400.o(i.BMA400Tap)
    GPIOTE_IRQHandler                        0x00000769   Thumb Code   154  nrfx_gpiote.o(i.GPIOTE_IRQHandler)
    HandlerI2C                               0x0000080d   Thumb Code    14  i2c.o(i.HandlerI2C)
    RTC1_IRQHandler                          0x00000821   Thumb Code    12  drv_rtc.o(i.RTC1_IRQHandler)
    SAADC_IRQHandler                         0x00000831   Thumb Code   320  nrfx_saadc.o(i.SAADC_IRQHandler)
    SEGGER_RTT_Init                          0x00000979   Thumb Code     4  segger_rtt.o(i.SEGGER_RTT_Init)
    SEGGER_RTT_WriteNoLock                   0x0000097d   Thumb Code    86  segger_rtt.o(i.SEGGER_RTT_WriteNoLock)
    SPIM0_SPIS0_TWIM0_TWIS0_SPI0_TWI0_IRQHandler 0x000009d9   Thumb Code     8  nrfx_twim.o(i.SPIM0_SPIS0_TWIM0_TWIS0_SPI0_TWI0_IRQHandler)
    SPIM1_SPIS1_TWIM1_TWIS1_SPI1_TWI1_IRQHandler 0x000009e9   Thumb Code    78  nrfx_spim.o(i.SPIM1_SPIS1_TWIM1_TWIS1_SPI1_TWI1_IRQHandler)
    SystemInit                               0x00000a3d   Thumb Code   660  system_nrf52.o(i.SystemInit)
    TIMER1_IRQHandler                        0x00000d15   Thumb Code    10  nrfx_timer.o(i.TIMER1_IRQHandler)
    TIMER2_IRQHandler                        0x00000d29   Thumb Code    10  nrfx_timer.o(i.TIMER2_IRQHandler)
    TIMER3_IRQHandler                        0x00000d3d   Thumb Code    10  nrfx_timer.o(i.TIMER3_IRQHandler)
    TIMER4_IRQHandler                        0x00000d51   Thumb Code    10  nrfx_timer.o(i.TIMER4_IRQHandler)
    UARTE0_UART0_IRQHandler                  0x00000d65   Thumb Code     6  nrfx_prs.o(i.UARTE0_UART0_IRQHandler)
    app_error_fault_handler                  0x00000ea5   Thumb Code    86  app_error_weak.o(i.app_error_fault_handler)
    app_error_handler_bare                   0x00000f29   Thumb Code    22  app_error.o(i.app_error_handler_bare)
    app_fifo_get                             0x00000f3f   Thumb Code    22  app_fifo.o(i.app_fifo_get)
    app_fifo_init                            0x00000f55   Thumb Code    32  app_fifo.o(i.app_fifo_init)
    app_fifo_put                             0x00000f75   Thumb Code    26  app_fifo.o(i.app_fifo_put)
    app_uart_init                            0x00000f91   Thumb Code   148  app_uart_fifo.o(i.app_uart_init)
    app_util_critical_region_enter           0x00001035   Thumb Code     4  app_util_platform.o(i.app_util_critical_region_enter)
    app_util_critical_region_exit            0x00001039   Thumb Code     4  app_util_platform.o(i.app_util_critical_region_exit)
    app_util_disable_irq                     0x0000103d   Thumb Code    12  app_util_platform.o(i.app_util_disable_irq)
    app_util_enable_irq                      0x0000104d   Thumb Code    14  app_util_platform.o(i.app_util_enable_irq)
    buffer_is_empty                          0x0000122d   Thumb Code    18  nrf_log_frontend.o(i.buffer_is_empty)
    convAccXYZ                               0x000012b9   Thumb Code    62  bma400.o(i.convAccXYZ)
    disableBMA400ReadyPin200Hz               0x000012fd   Thumb Code     8  pinchangeinterrupt.o(i.disableBMA400ReadyPin200Hz)
    disableBMA400Tap                         0x00001309   Thumb Code     8  pinchangeinterrupt.o(i.disableBMA400Tap)
    handerLowPowerConsumption                0x00001351   Thumb Code    18  main.o(i.handerLowPowerConsumption)
    handlerBMA400                            0x00001369   Thumb Code     8  pinchangeinterrupt.o(i.handlerBMA400)
    handlerBMA400Tap                         0x00001375   Thumb Code     8  pinchangeinterrupt.o(i.handlerBMA400Tap)
    handlerTimer2                            0x00001381   Thumb Code     2  adc.o(i.handlerTimer2)
    handlerTimer3                            0x00001385   Thumb Code   102  bma400.o(i.handlerTimer3)
    initADC                                  0x00001409   Thumb Code    64  adc.o(i.initADC)
    initBMA400Tap                            0x00001455   Thumb Code   100  bma400.o(i.initBMA400Tap)
    initBMA400Timer                          0x000014b9   Thumb Code    70  bma400.o(i.initBMA400Timer)
    initComoPort                             0x0000150d   Thumb Code    40  port.o(i.initComoPort)
    initI2C                                  0x00001535   Thumb Code    38  i2c.o(i.initI2C)
    initPeripherals                          0x00001569   Thumb Code    80  main.o(i.initPeripherals)
    initPinChangeInterrupt                   0x000015e1   Thumb Code    24  pinchangeinterrupt.o(i.initPinChangeInterrupt)
    initPortOutSet                           0x000015f9   Thumb Code    24  port.o(i.initPortOutSet)
    initPowerHold                            0x00001611   Thumb Code    32  port.o(i.initPowerHold)
    initRDYPinBMA400                         0x00001635   Thumb Code    40  pinchangeinterrupt.o(i.initRDYPinBMA400)
    initRDYPinBMA400Tap                      0x00001665   Thumb Code    40  pinchangeinterrupt.o(i.initRDYPinBMA400Tap)
    initSeggerRTT                            0x00001695   Thumb Code    26  rtt.o(i.initSeggerRTT)
    initSensors                              0x000016b1   Thumb Code    38  main.o(i.initSensors)
    initUART                                 0x000016f9   Thumb Code    54  uart.o(i.initUART)
    isBMA400ReadyPin200Hz                    0x000018ed   Thumb Code     6  pinchangeinterrupt.o(i.isBMA400ReadyPin200Hz)
    isBMA400Tap                              0x000018f9   Thumb Code     6  pinchangeinterrupt.o(i.isBMA400Tap)
    log_pending_hook                         0x00001929   Thumb Code     2  nrf_log_frontend.o(i.log_pending_hook)
    main                                     0x000019d1   Thumb Code    80  main.o(i.main)
    nrf_atomic_flag_clear_fetch              0x00001ad1   Thumb Code     6  nrf_atomic.o(i.nrf_atomic_flag_clear_fetch)
    nrf_atomic_flag_set                      0x00001ad7   Thumb Code     6  nrf_atomic.o(i.nrf_atomic_flag_set)
    nrf_atomic_u32_add                       0x00001add   Thumb Code    12  nrf_atomic.o(i.nrf_atomic_u32_add)
    nrf_atomic_u32_fetch_and                 0x00001ae9   Thumb Code    10  nrf_atomic.o(i.nrf_atomic_u32_fetch_and)
    nrf_atomic_u32_fetch_store               0x00001af3   Thumb Code    10  nrf_atomic.o(i.nrf_atomic_u32_fetch_store)
    nrf_atomic_u32_or                        0x00001afd   Thumb Code    12  nrf_atomic.o(i.nrf_atomic_u32_or)
    nrf_atomic_u32_sub                       0x00001b09   Thumb Code    12  nrf_atomic.o(i.nrf_atomic_u32_sub)
    nrf_balloc_alloc                         0x00001b15   Thumb Code    62  nrf_balloc.o(i.nrf_balloc_alloc)
    nrf_balloc_free                          0x00001b53   Thumb Code    42  nrf_balloc.o(i.nrf_balloc_free)
    nrf_balloc_init                          0x00001b7d   Thumb Code    48  nrf_balloc.o(i.nrf_balloc_init)
    nrf_drv_ppi_init                         0x00001bd5   Thumb Code    18  nrf_drv_ppi.o(i.nrf_drv_ppi_init)
    nrf_drv_twi_init                         0x00001bed   Thumb Code    56  nrf_drv_twi.o(i.nrf_drv_twi_init)
    nrf_drv_uart_init                        0x00001c3d   Thumb Code    90  nrf_drv_uart.o(i.nrf_drv_uart_init)
    nrf_fprintf                              0x00001ce5   Thumb Code    26  nrf_fprintf.o(i.nrf_fprintf)
    nrf_fprintf_buffer_flush                 0x00001cff   Thumb Code    24  nrf_fprintf.o(i.nrf_fprintf_buffer_flush)
    nrf_fprintf_fmt                          0x00001d17   Thumb Code   474  nrf_fprintf_format.o(i.nrf_fprintf_fmt)
    nrf_log_backend_add                      0x000020fd   Thumb Code    86  nrf_log_frontend.o(i.nrf_log_backend_add)
    nrf_log_backend_rtt_init                 0x0000215b   Thumb Code     4  nrf_log_backend_rtt.o(i.nrf_log_backend_rtt_init)
    nrf_log_backend_serial_put               0x00002179   Thumb Code   194  nrf_log_backend_serial.o(i.nrf_log_backend_serial_put)
    nrf_log_color_id_get                     0x0000223d   Thumb Code    42  nrf_log_frontend.o(i.nrf_log_color_id_get)
    nrf_log_default_backends_init            0x0000226d   Thumb Code    24  nrf_log_default_backends.o(i.nrf_log_default_backends_init)
    nrf_log_frontend_dequeue                 0x00002289   Thumb Code   518  nrf_log_frontend.o(i.nrf_log_frontend_dequeue)
    nrf_log_frontend_std_0                   0x000024b9   Thumb Code     8  nrf_log_frontend.o(i.nrf_log_frontend_std_0)
    nrf_log_frontend_std_3                   0x000024c1   Thumb Code    18  nrf_log_frontend.o(i.nrf_log_frontend_std_3)
    nrf_log_hexdump_entry_process            0x000024d5   Thumb Code   150  nrf_log_str_formatter.o(i.nrf_log_hexdump_entry_process)
    nrf_log_init                             0x00002585   Thumb Code    28  nrf_log_frontend.o(i.nrf_log_init)
    nrf_log_module_cnt_get                   0x000025ad   Thumb Code    10  nrf_log_frontend.o(i.nrf_log_module_cnt_get)
    nrf_log_module_name_get                  0x000025c1   Thumb Code    24  nrf_log_frontend.o(i.nrf_log_module_name_get)
    nrf_log_panic                            0x000025dd   Thumb Code    36  nrf_log_frontend.o(i.nrf_log_panic)
    nrf_log_std_entry_process                0x00002605   Thumb Code   182  nrf_log_str_formatter.o(i.nrf_log_std_entry_process)
    nrf_memobj_alloc                         0x000026bb   Thumb Code    96  nrf_memobj.o(i.nrf_memobj_alloc)
    nrf_memobj_free                          0x0000271b   Thumb Code    50  nrf_memobj.o(i.nrf_memobj_free)
    nrf_memobj_get                           0x0000274d   Thumb Code     8  nrf_memobj.o(i.nrf_memobj_get)
    nrf_memobj_pool_init                     0x00002755   Thumb Code     4  nrf_memobj.o(i.nrf_memobj_pool_init)
    nrf_memobj_put                           0x00002759   Thumb Code    30  nrf_memobj.o(i.nrf_memobj_put)
    nrf_memobj_read                          0x00002777   Thumb Code    16  nrf_memobj.o(i.nrf_memobj_read)
    nrf_memobj_write                         0x00002787   Thumb Code    16  nrf_memobj.o(i.nrf_memobj_write)
    nrf_pwr_mgmt_init                        0x00002799   Thumb Code    28  nrf_pwr_mgmt.o(i.nrf_pwr_mgmt_init)
    nrf_pwr_mgmt_run                         0x000027c1   Thumb Code    46  nrf_pwr_mgmt.o(i.nrf_pwr_mgmt_run)
    nrf_ringbuf_init                         0x000027f5   Thumb Code    28  nrf_ringbuf.o(i.nrf_ringbuf_init)
    nrf_section_iter_init                    0x00002859   Thumb Code    10  nrf_section_iter.o(i.nrf_section_iter_init)
    nrfx_gpiote_in_event_enable              0x0000290d   Thumb Code   152  nrfx_gpiote.o(i.nrfx_gpiote_in_event_enable)
    nrfx_gpiote_in_init                      0x000029ad   Thumb Code   190  nrfx_gpiote.o(i.nrfx_gpiote_in_init)
    nrfx_gpiote_init                         0x00002a79   Thumb Code   102  nrfx_gpiote.o(i.nrfx_gpiote_init)
    nrfx_ppi_channel_alloc                   0x00002b0d   Thumb Code    88  nrfx_ppi.o(i.nrfx_ppi_channel_alloc)
    nrfx_ppi_channel_assign                  0x00002b6d   Thumb Code    62  nrfx_ppi.o(i.nrfx_ppi_channel_assign)
    nrfx_ppi_channel_enable                  0x00002bb1   Thumb Code    36  nrfx_ppi.o(i.nrfx_ppi_channel_enable)
    nrfx_prs_acquire                         0x00002bd9   Thumb Code    48  nrfx_prs.o(i.nrfx_prs_acquire)
    nrfx_saadc_buffer_convert                0x00002c09   Thumb Code   154  nrfx_saadc.o(i.nrfx_saadc_buffer_convert)
    nrfx_saadc_channel_init                  0x00002cad   Thumb Code   160  nrfx_saadc.o(i.nrfx_saadc_channel_init)
    nrfx_saadc_init                          0x00002d59   Thumb Code   130  nrfx_saadc.o(i.nrfx_saadc_init)
    nrfx_saadc_sample_task_get               0x00002ded   Thumb Code    20  nrfx_saadc.o(i.nrfx_saadc_sample_task_get)
    nrfx_timer_compare                       0x00002e09   Thumb Code    58  nrfx_timer.o(i.nrfx_timer_compare)
    nrfx_timer_disable                       0x00002e45   Thumb Code    22  nrfx_timer.o(i.nrfx_timer_disable)
    nrfx_timer_enable                        0x00002e61   Thumb Code    24  nrfx_timer.o(i.nrfx_timer_enable)
    nrfx_timer_extended_compare              0x00002e7d   Thumb Code    42  nrfx_timer.o(i.nrfx_timer_extended_compare)
    nrfx_timer_init                          0x00002ea9   Thumb Code   188  nrfx_timer.o(i.nrfx_timer_init)
    nrfx_timer_is_enabled                    0x00002f69   Thumb Code    26  nrfx_timer.o(i.nrfx_timer_is_enabled)
    nrfx_twim_enable                         0x00002f89   Thumb Code    32  nrfx_twim.o(i.nrfx_twim_enable)
    nrfx_twim_init                           0x00002fad   Thumb Code   218  nrfx_twim.o(i.nrfx_twim_init)
    nrfx_twim_rx                             0x00003091   Thumb Code    44  nrfx_twim.o(i.nrfx_twim_rx)
    nrfx_twim_tx                             0x000030c1   Thumb Code    54  nrfx_twim.o(i.nrfx_twim_tx)
    nrfx_twim_xfer                           0x000030f9   Thumb Code    34  nrfx_twim.o(i.nrfx_twim_xfer)
    nrfx_uart_0_irq_handler                  0x00003121   Thumb Code     8  nrfx_uart.o(i.nrfx_uart_0_irq_handler)
    nrfx_uart_init                           0x00003131   Thumb Code   200  nrfx_uart.o(i.nrfx_uart_init)
    nrfx_uart_rx                             0x00003205   Thumb Code   230  nrfx_uart.o(i.nrfx_uart_rx)
    nrfx_uart_tx                             0x000032f1   Thumb Code   162  nrfx_uart.o(i.nrfx_uart_tx)
    nrfx_uart_tx_in_progress                 0x00003399   Thumb Code    26  nrfx_uart.o(i.nrfx_uart_tx_in_progress)
    nrfx_uarte_0_irq_handler                 0x000033b9   Thumb Code     8  nrfx_uarte.o(i.nrfx_uarte_0_irq_handler)
    nrfx_uarte_init                          0x000033c9   Thumb Code   100  nrfx_uarte.o(i.nrfx_uarte_init)
    nrfx_uarte_rx                            0x00003435   Thumb Code   256  nrfx_uarte.o(i.nrfx_uarte_rx)
    nrfx_uarte_tx                            0x00003539   Thumb Code   166  nrfx_uarte.o(i.nrfx_uarte_tx)
    nrfx_uarte_tx_in_progress                0x000035e5   Thumb Code    22  nrfx_uarte.o(i.nrfx_uarte_tx_in_progress)
    nvmc_config                              0x00003601   Thumb Code    14  system_nrf52.o(i.nvmc_config)
    printerConectCheckBMA400                 0x000037fd   Thumb Code    58  bma400.o(i.printerConectCheckBMA400)
    readADC                                  0x00003881   Thumb Code    30  adc.o(i.readADC)
    readAccXYZ                               0x000038a1   Thumb Code    22  bma400.o(i.readAccXYZ)
    saadc_sampling_event_enable              0x00003941   Thumb Code    24  adc.o(i.saadc_sampling_event_enable)
    saadc_sampling_event_init                0x0000395d   Thumb Code   136  adc.o(i.saadc_sampling_event_init)
    saveBMA400                               0x000039f1   Thumb Code    38  printer45byte.o(i.saveBMA400)
    setAccConfig0                            0x00003a71   Thumb Code    24  bma400.o(i.setAccConfig0)
    setAccConfig1Tap                         0x00003a89   Thumb Code    24  bma400.o(i.setAccConfig1Tap)
    setInt12Map                              0x00003aa1   Thumb Code    24  bma400.o(i.setInt12Map)
    setInt1Map                               0x00003ab9   Thumb Code    24  bma400.o(i.setInt1Map)
    setIntConfig0                            0x00003ad1   Thumb Code    24  bma400.o(i.setIntConfig0)
    setIntConfig1                            0x00003ae9   Thumb Code    24  bma400.o(i.setIntConfig1)
    setSoftResetBMA400                       0x00003b01   Thumb Code    24  bma400.o(i.setSoftResetBMA400)
    setTapConfig0                            0x00003b19   Thumb Code    24  bma400.o(i.setTapConfig0)
    setTapConfig1                            0x00003b31   Thumb Code    24  bma400.o(i.setTapConfig1)
    uart_error_handle                        0x0000414d   Thumb Code    18  uart.o(i.uart_error_handle)
    writeBMA400                              0x00004559   Thumb Code    10  bma400.o(i.writeBMA400)
    writeI2C                                 0x00004565   Thumb Code    42  i2c.o(i.writeI2C)
    writeReadBMA400                          0x00004595   Thumb Code    22  bma400.o(i.writeReadBMA400)
    writeReadI2C                             0x000045ad   Thumb Code    86  i2c.o(i.writeReadI2C)
    _get_lc_ctype                            0x0000466d   Thumb Code    44  lc_ctype_c.o(locale$$code)
    _fp_init                                 0x00004699   Thumb Code    10  fpinit.o(x$fpl$fpinit)
    __fplib_config_fpu_vfp                   0x000046a1   Thumb Code     0  fpinit.o(x$fpl$fpinit)
    __fplib_config_pureend_doubles           0x000046a1   Thumb Code     0  fpinit.o(x$fpl$fpinit)
    nrf_log_backend_rtt_api                  0x0000473c   Data          12  nrf_log_backend_rtt.o(.constdata)
    timerSelect3                             0x00004778   Data           8  bma400.o(.constdata)
    timerSelect2                             0x000047b4   Data           8  adc.o(.constdata)
    Region$$Table$$Base                      0x000049fc   Number         0  anon$$obj.o(Region$$Table)
    Region$$Table$$Limit                     0x00004a1c   Number         0  anon$$obj.o(Region$$Table)
    __ctype                                  0x00004a29   Data           0  lc_ctype_c.o(locale$$data)
    log_const_data$$Base                     0x00004b3c   Number         0  nrfx_gpiote.o(log_const_data)
    m_nrf_log_GPIOTE_logs_data_const         0x00004b3c   Data           8  nrfx_gpiote.o(log_const_data)
    m_nrf_log_PPI_logs_data_const            0x00004b44   Data           8  nrfx_ppi.o(log_const_data)
    m_nrf_log_TIMER_logs_data_const          0x00004b4c   Data           8  nrfx_timer.o(log_const_data)
    m_nrf_log_TWIM_logs_data_const           0x00004b54   Data           8  nrfx_twim.o(log_const_data)
    m_nrf_log_UARTE_logs_data_const          0x00004b5c   Data           8  nrfx_uarte.o(log_const_data)
    m_nrf_log_UART_logs_data_const           0x00004b64   Data           8  nrfx_uart.o(log_const_data)
    m_nrf_log_PRS_logs_data_const            0x00004b6c   Data           8  nrfx_prs.o(log_const_data)
    m_nrf_log_SAADC_logs_data_const          0x00004b74   Data           8  nrfx_saadc.o(log_const_data)
    m_nrf_log_SPIM_logs_data_const           0x00004b7c   Data           8  nrfx_spim.o(log_const_data)
    m_nrf_log_pwr_mgmt_logs_data_const       0x00004b84   Data           8  nrf_pwr_mgmt.o(log_const_data)
    m_nrf_log_app_button_logs_data_const     0x00004b8c   Data           8  app_button.o(log_const_data)
    m_nrf_log_sortlist_logs_data_const       0x00004b94   Data           8  nrf_sortlist.o(log_const_data)
    m_nrf_log_app_timer_logs_data_const      0x00004b9c   Data           8  app_timer2.o(log_const_data)
    m_nrf_log_app_logs_data_const            0x00004ba4   Data           8  nrf_log_frontend.o(log_const_data)
    log_const_data$$Limit                    0x00004bac   Number         0  nrf_log_frontend.o(log_const_data)
    log_mempool                              0x00004bac   Data          20  nrf_log_frontend.o(nrf_balloc)
    nrf_drv_uart_use_easy_dma                0x2000001c   Data           1  nrf_drv_uart.o(.data)
    flag50HzBMA400                           0x200000ec   Data           1  pinchangeinterrupt.o(.data)
    flagBMA400Tap                            0x200000ed   Data           1  pinchangeinterrupt.o(.data)
    flag45byteLabViewPrinter                 0x200000ee   Data           1  printer45byte.o(.data)
    SystemCoreClock                          0x20000100   Data           4  system_nrf52.o(.data)
    _SEGGER_RTT                              0x2000084c   Data         120  segger_rtt.o(.bss)
    __libspace_start                         0x20000cf8   Data          96  libspace.o(.bss)
    __temporary_stack_top$libspace           0x20000d58   Data           0  libspace.o(.bss)



==============================================================================

Memory Map of the image

  Image Entry point : 0x00000201

  Load Region LR_IROM1 (Base: 0x00000000, Size: 0x00004cc4, Max: 0x00080000, ABSOLUTE)

    Execution Region ER_IROM1 (Exec base: 0x00000000, Load base: 0x00000000, Size: 0x00004bc0, Max: 0x00080000, ABSOLUTE)

    Exec Addr    Load Addr    Size         Type   Attr      Idx    E Section Name        Object

    0x00000000   0x00000000   0x00000200   Data   RO         5394    RESET               arm_startup_nrf52.o
    0x00000200   0x00000200   0x00000008   Code   RO         5475  * !!!main             c_w.l(__main.o)
    0x00000208   0x00000208   0x00000034   Code   RO         5644    !!!scatter          c_w.l(__scatter.o)
    0x0000023c   0x0000023c   0x0000001a   Code   RO         5646    !!handler_copy      c_w.l(__scatter_copy.o)
    0x00000256   0x00000256   0x00000002   PAD
    0x00000258   0x00000258   0x0000001c   Code   RO         5648    !!handler_zi        c_w.l(__scatter_zi.o)
    0x00000274   0x00000274   0x00000002   Code   RO         5562    .ARM.Collect$$libinit$$00000000  c_w.l(libinit.o)
    0x00000276   0x00000276   0x00000004   Code   RO         5506    .ARM.Collect$$libinit$$00000001  c_w.l(libinit2.o)
    0x0000027a   0x0000027a   0x00000000   Code   RO         5509    .ARM.Collect$$libinit$$00000004  c_w.l(libinit2.o)
    0x0000027a   0x0000027a   0x00000000   Code   RO         5512    .ARM.Collect$$libinit$$0000000A  c_w.l(libinit2.o)
    0x0000027a   0x0000027a   0x00000000   Code   RO         5514    .ARM.Collect$$libinit$$0000000C  c_w.l(libinit2.o)
    0x0000027a   0x0000027a   0x00000000   Code   RO         5516    .ARM.Collect$$libinit$$0000000E  c_w.l(libinit2.o)
    0x0000027a   0x0000027a   0x00000006   Code   RO         5517    .ARM.Collect$$libinit$$0000000F  c_w.l(libinit2.o)
    0x00000280   0x00000280   0x00000000   Code   RO         5519    .ARM.Collect$$libinit$$00000011  c_w.l(libinit2.o)
    0x00000280   0x00000280   0x0000000c   Code   RO         5520    .ARM.Collect$$libinit$$00000012  c_w.l(libinit2.o)
    0x0000028c   0x0000028c   0x00000000   Code   RO         5521    .ARM.Collect$$libinit$$00000013  c_w.l(libinit2.o)
    0x0000028c   0x0000028c   0x00000000   Code   RO         5523    .ARM.Collect$$libinit$$00000015  c_w.l(libinit2.o)
    0x0000028c   0x0000028c   0x00000000   Code   RO         5525    .ARM.Collect$$libinit$$00000017  c_w.l(libinit2.o)
    0x0000028c   0x0000028c   0x00000000   Code   RO         5527    .ARM.Collect$$libinit$$00000019  c_w.l(libinit2.o)
    0x0000028c   0x0000028c   0x00000000   Code   RO         5529    .ARM.Collect$$libinit$$0000001B  c_w.l(libinit2.o)
    0x0000028c   0x0000028c   0x00000000   Code   RO         5531    .ARM.Collect$$libinit$$0000001D  c_w.l(libinit2.o)
    0x0000028c   0x0000028c   0x00000000   Code   RO         5533    .ARM.Collect$$libinit$$0000001F  c_w.l(libinit2.o)
    0x0000028c   0x0000028c   0x00000000   Code   RO         5535    .ARM.Collect$$libinit$$00000021  c_w.l(libinit2.o)
    0x0000028c   0x0000028c   0x00000000   Code   RO         5537    .ARM.Collect$$libinit$$00000023  c_w.l(libinit2.o)
    0x0000028c   0x0000028c   0x00000000   Code   RO         5539    .ARM.Collect$$libinit$$00000025  c_w.l(libinit2.o)
    0x0000028c   0x0000028c   0x00000000   Code   RO         5543    .ARM.Collect$$libinit$$0000002C  c_w.l(libinit2.o)
    0x0000028c   0x0000028c   0x00000000   Code   RO         5545    .ARM.Collect$$libinit$$0000002E  c_w.l(libinit2.o)
    0x0000028c   0x0000028c   0x00000000   Code   RO         5547    .ARM.Collect$$libinit$$00000030  c_w.l(libinit2.o)
    0x0000028c   0x0000028c   0x00000000   Code   RO         5549    .ARM.Collect$$libinit$$00000032  c_w.l(libinit2.o)
    0x0000028c   0x0000028c   0x00000002   Code   RO         5550    .ARM.Collect$$libinit$$00000033  c_w.l(libinit2.o)
    0x0000028e   0x0000028e   0x00000002   Code   RO         5599    .ARM.Collect$$libshutdown$$00000000  c_w.l(libshutdown.o)
    0x00000290   0x00000290   0x00000000   Code   RO         5605    .ARM.Collect$$libshutdown$$00000002  c_w.l(libshutdown2.o)
    0x00000290   0x00000290   0x00000000   Code   RO         5607    .ARM.Collect$$libshutdown$$00000004  c_w.l(libshutdown2.o)
    0x00000290   0x00000290   0x00000000   Code   RO         5609    .ARM.Collect$$libshutdown$$00000006  c_w.l(libshutdown2.o)
    0x00000290   0x00000290   0x00000000   Code   RO         5612    .ARM.Collect$$libshutdown$$00000009  c_w.l(libshutdown2.o)
    0x00000290   0x00000290   0x00000000   Code   RO         5615    .ARM.Collect$$libshutdown$$0000000C  c_w.l(libshutdown2.o)
    0x00000290   0x00000290   0x00000000   Code   RO         5617    .ARM.Collect$$libshutdown$$0000000E  c_w.l(libshutdown2.o)
    0x00000290   0x00000290   0x00000000   Code   RO         5620    .ARM.Collect$$libshutdown$$00000011  c_w.l(libshutdown2.o)
    0x00000290   0x00000290   0x00000002   Code   RO         5621    .ARM.Collect$$libshutdown$$00000012  c_w.l(libshutdown2.o)
    0x00000292   0x00000292   0x00000000   Code   RO         5477    .ARM.Collect$$rtentry$$00000000  c_w.l(__rtentry.o)
    0x00000292   0x00000292   0x00000000   Code   RO         5490    .ARM.Collect$$rtentry$$00000002  c_w.l(__rtentry2.o)
    0x00000292   0x00000292   0x00000006   Code   RO         5502    .ARM.Collect$$rtentry$$00000004  c_w.l(__rtentry4.o)
    0x00000298   0x00000298   0x00000000   Code   RO         5492    .ARM.Collect$$rtentry$$00000009  c_w.l(__rtentry2.o)
    0x00000298   0x00000298   0x00000004   Code   RO         5493    .ARM.Collect$$rtentry$$0000000A  c_w.l(__rtentry2.o)
    0x0000029c   0x0000029c   0x00000000   Code   RO         5495    .ARM.Collect$$rtentry$$0000000C  c_w.l(__rtentry2.o)
    0x0000029c   0x0000029c   0x00000008   Code   RO         5496    .ARM.Collect$$rtentry$$0000000D  c_w.l(__rtentry2.o)
    0x000002a4   0x000002a4   0x00000002   Code   RO         5565    .ARM.Collect$$rtexit$$00000000  c_w.l(rtexit.o)
    0x000002a6   0x000002a6   0x00000000   Code   RO         5574    .ARM.Collect$$rtexit$$00000002  c_w.l(rtexit2.o)
    0x000002a6   0x000002a6   0x00000004   Code   RO         5575    .ARM.Collect$$rtexit$$00000003  c_w.l(rtexit2.o)
    0x000002aa   0x000002aa   0x00000006   Code   RO         5576    .ARM.Collect$$rtexit$$00000004  c_w.l(rtexit2.o)
    0x000002b0   0x000002b0   0x000000e2   Code   RO         2627    .emb_text           nrf_atomic.o
    0x00000392   0x00000392   0x00000002   PAD
    0x00000394   0x00000394   0x00000040   Code   RO         5395    .text               arm_startup_nrf52.o
    0x000003d4   0x000003d4   0x00000010   Code   RO         5453    .text               c_w.l(rt_ctype_table.o)
    0x000003e4   0x000003e4   0x00000026   Code   RO         5457    .text               c_w.l(llushr.o)
    0x0000040a   0x0000040a   0x00000048   Code   RO         5461    .text               c_w.l(strcpy.o)
    0x00000452   0x00000452   0x0000003e   Code   RO         5463    .text               c_w.l(strlen.o)
    0x00000490   0x00000490   0x0000008a   Code   RO         5465    .text               c_w.l(rt_memcpy_v6.o)
    0x0000051a   0x0000051a   0x00000064   Code   RO         5467    .text               c_w.l(rt_memcpy_w.o)
    0x0000057e   0x0000057e   0x0000004e   Code   RO         5471    .text               c_w.l(rt_memclr_w.o)
    0x000005cc   0x000005cc   0x00000006   Code   RO         5473    .text               c_w.l(heapauxi.o)
    0x000005d2   0x000005d2   0x00000002   PAD
    0x000005d4   0x000005d4   0x00000008   Code   RO         5481    .text               c_w.l(rt_locale_intlibspace.o)
    0x000005dc   0x000005dc   0x00000008   Code   RO         5486    .text               c_w.l(libspace.o)
    0x000005e4   0x000005e4   0x00000080   Code   RO         5504    .text               c_w.l(strcmpv7m.o)
    0x00000664   0x00000664   0x0000004a   Code   RO         5551    .text               c_w.l(sys_stackheap_outer.o)
    0x000006ae   0x000006ae   0x00000012   Code   RO         5553    .text               c_w.l(exit.o)
    0x000006c0   0x000006c0   0x0000000c   Code   RO         5586    .text               c_w.l(sys_exit.o)
    0x000006cc   0x000006cc   0x00000002   Code   RO         5588    .text               c_w.l(use_no_semi.o)
    0x000006ce   0x000006ce   0x00000000   Code   RO         5590    .text               c_w.l(indicate_semi.o)
    0x000006ce   0x000006ce   0x00000002   PAD
    0x000006d0   0x000006d0   0x00000068   Code   RO         4604    i.BMA400            bma400.o
    0x00000738   0x00000738   0x00000030   Code   RO         4605    i.BMA400Tap         bma400.o
    0x00000768   0x00000768   0x000000a4   Code   RO          686    i.GPIOTE_IRQHandler  nrfx_gpiote.o
    0x0000080c   0x0000080c   0x00000014   Code   RO         4789    i.HandlerI2C        i2c.o
    0x00000820   0x00000820   0x00000010   Code   RO         3712    i.RTC1_IRQHandler   drv_rtc.o
    0x00000830   0x00000830   0x00000148   Code   RO         1996    i.SAADC_IRQHandler  nrfx_saadc.o
    0x00000978   0x00000978   0x00000004   Code   RO         4354    i.SEGGER_RTT_Init   segger_rtt.o
    0x0000097c   0x0000097c   0x0000005c   Code   RO         4368    i.SEGGER_RTT_WriteNoLock  segger_rtt.o
    0x000009d8   0x000009d8   0x00000010   Code   RO         1440    i.SPIM0_SPIS0_TWIM0_TWIS0_SPI0_TWI0_IRQHandler  nrfx_twim.o
    0x000009e8   0x000009e8   0x00000054   Code   RO         2277    i.SPIM1_SPIS1_TWIM1_TWIS1_SPI1_TWI1_IRQHandler  nrfx_spim.o
    0x00000a3c   0x00000a3c   0x000002d8   Code   RO         5403    i.SystemInit        system_nrf52.o
    0x00000d14   0x00000d14   0x00000014   Code   RO         1146    i.TIMER1_IRQHandler  nrfx_timer.o
    0x00000d28   0x00000d28   0x00000014   Code   RO         1147    i.TIMER2_IRQHandler  nrfx_timer.o
    0x00000d3c   0x00000d3c   0x00000014   Code   RO         1148    i.TIMER3_IRQHandler  nrfx_timer.o
    0x00000d50   0x00000d50   0x00000014   Code   RO         1149    i.TIMER4_IRQHandler  nrfx_timer.o
    0x00000d64   0x00000d64   0x0000000c   Code   RO         1942    i.UARTE0_UART0_IRQHandler  nrfx_prs.o
    0x00000d70   0x00000d70   0x00000068   Code   RO         4372    i._DoInit           segger_rtt.o
    0x00000dd8   0x00000dd8   0x00000016   Code   RO         4373    i._GetAvailWriteSpace  segger_rtt.o
    0x00000dee   0x00000dee   0x0000001a   Code   RO         1441    i._NRFX_IRQ_PENDING_CLEAR  nrfx_twim.o
    0x00000e08   0x00000e08   0x0000005a   Code   RO         4375    i._WriteBlocking    segger_rtt.o
    0x00000e62   0x00000e62   0x00000042   Code   RO         4376    i._WriteNoCheck     segger_rtt.o
    0x00000ea4   0x00000ea4   0x00000084   Code   RO         2510    i.app_error_fault_handler  app_error_weak.o
    0x00000f28   0x00000f28   0x00000016   Code   RO         2438    i.app_error_handler_bare  app_error.o
    0x00000f3e   0x00000f3e   0x00000016   Code   RO         3168    i.app_fifo_get      app_fifo.o
    0x00000f54   0x00000f54   0x00000020   Code   RO         3169    i.app_fifo_init     app_fifo.o
    0x00000f74   0x00000f74   0x0000001a   Code   RO         3171    i.app_fifo_put      app_fifo.o
    0x00000f8e   0x00000f8e   0x00000002   PAD
    0x00000f90   0x00000f90   0x000000a4   Code   RO         3243    i.app_uart_init     app_uart_fifo.o
    0x00001034   0x00001034   0x00000004   Code   RO         2538    i.app_util_critical_region_enter  app_util_platform.o
    0x00001038   0x00001038   0x00000004   Code   RO         2539    i.app_util_critical_region_exit  app_util_platform.o
    0x0000103c   0x0000103c   0x00000010   Code   RO         2540    i.app_util_disable_irq  app_util_platform.o
    0x0000104c   0x0000104c   0x00000014   Code   RO         2541    i.app_util_enable_irq  app_util_platform.o
    0x00001060   0x00001060   0x00000088   Code   RO         1603    i.apply_config      nrfx_uarte.o
    0x000010e8   0x000010e8   0x00000088   Code   RO         1763    i.apply_config      nrfx_uart.o
    0x00001170   0x00001170   0x0000008c   Code   RO         4102    i.buf_prealloc      nrf_log_frontend.o
    0x000011fc   0x000011fc   0x0000002e   Code   RO         2842    i.buffer_add        nrf_fprintf_format.o
    0x0000122a   0x0000122a   0x00000002   PAD
    0x0000122c   0x0000122c   0x00000018   Code   RO         4103    i.buffer_is_empty   nrf_log_frontend.o
    0x00001244   0x00001244   0x0000001c   Code   RO          687    i.channel_free      nrfx_gpiote.o
    0x00001260   0x00001260   0x00000048   Code   RO          688    i.channel_port_alloc  nrfx_gpiote.o
    0x000012a8   0x000012a8   0x00000010   Code   RO          689    i.channel_port_get  nrfx_gpiote.o
    0x000012b8   0x000012b8   0x00000044   Code   RO         4606    i.convAccXYZ        bma400.o
    0x000012fc   0x000012fc   0x0000000c   Code   RO         5187    i.disableBMA400ReadyPin200Hz  pinchangeinterrupt.o
    0x00001308   0x00001308   0x0000000c   Code   RO         5188    i.disableBMA400Tap  pinchangeinterrupt.o
    0x00001314   0x00001314   0x00000014   Code   RO         4104    i.dropped_sat16_get  nrf_log_frontend.o
    0x00001328   0x00001328   0x00000014   Code   RO         3174    i.fifo_get          app_fifo.o
    0x0000133c   0x0000133c   0x00000012   Code   RO         3175    i.fifo_put          app_fifo.o
    0x0000134e   0x0000134e   0x00000002   PAD
    0x00001350   0x00001350   0x00000018   Code   RO            4    i.handerLowPowerConsumption  main.o
    0x00001368   0x00001368   0x0000000c   Code   RO         5192    i.handlerBMA400     pinchangeinterrupt.o
    0x00001374   0x00001374   0x0000000c   Code   RO         5193    i.handlerBMA400Tap  pinchangeinterrupt.o
    0x00001380   0x00001380   0x00000002   Code   RO         4984    i.handlerTimer2     adc.o
    0x00001382   0x00001382   0x00000002   PAD
    0x00001384   0x00001384   0x00000084   Code   RO         4607    i.handlerTimer3     bma400.o
    0x00001408   0x00001408   0x0000004c   Code   RO         4985    i.initADC           adc.o
    0x00001454   0x00001454   0x00000064   Code   RO         4609    i.initBMA400Tap     bma400.o
    0x000014b8   0x000014b8   0x00000054   Code   RO         4610    i.initBMA400Timer   bma400.o
    0x0000150c   0x0000150c   0x00000028   Code   RO         5051    i.initComoPort      port.o
    0x00001534   0x00001534   0x00000034   Code   RO         4790    i.initI2C           i2c.o
    0x00001568   0x00001568   0x00000078   Code   RO            5    i.initPeripherals   main.o
    0x000015e0   0x000015e0   0x00000018   Code   RO         5195    i.initPinChangeInterrupt  pinchangeinterrupt.o
    0x000015f8   0x000015f8   0x00000018   Code   RO         5055    i.initPortOutSet    port.o
    0x00001610   0x00001610   0x00000024   Code   RO         5057    i.initPowerHold     port.o
    0x00001634   0x00001634   0x00000030   Code   RO         5197    i.initRDYPinBMA400  pinchangeinterrupt.o
    0x00001664   0x00001664   0x00000030   Code   RO         5198    i.initRDYPinBMA400Tap  pinchangeinterrupt.o
    0x00001694   0x00001694   0x0000001a   Code   RO         4957    i.initSeggerRTT     rtt.o
    0x000016ae   0x000016ae   0x00000002   PAD
    0x000016b0   0x000016b0   0x00000048   Code   RO            6    i.initSensors       main.o
    0x000016f8   0x000016f8   0x00000048   Code   RO         4916    i.initUART          uart.o
    0x00001740   0x00001740   0x000000a6   Code   RO         2843    i.int_print         nrf_fprintf_format.o
    0x000017e6   0x000017e6   0x00000002   PAD
    0x000017e8   0x000017e8   0x00000088   Code   RO         1604    i.interrupts_enable  nrfx_uarte.o
    0x00001870   0x00001870   0x00000034   Code   RO         4105    i.invalid_packets_omit  nrf_log_frontend.o
    0x000018a4   0x000018a4   0x00000046   Code   RO         1150    i.irq_handler       nrfx_timer.o
    0x000018ea   0x000018ea   0x00000002   PAD
    0x000018ec   0x000018ec   0x0000000c   Code   RO         5200    i.isBMA400ReadyPin200Hz  pinchangeinterrupt.o
    0x000018f8   0x000018f8   0x0000000c   Code   RO         5201    i.isBMA400Tap       pinchangeinterrupt.o
    0x00001904   0x00001904   0x00000018   Code   RO         1003    i.is_allocated_channel  nrfx_ppi.o
    0x0000191c   0x0000191c   0x0000000c   Code   RO         1006    i.is_programmable_app_channel  nrfx_ppi.o
    0x00001928   0x00001928   0x00000002   Code   RO         4106    i.log_pending_hook  nrf_log_frontend.o
    0x0000192a   0x0000192a   0x00000002   PAD
    0x0000192c   0x0000192c   0x000000a4   Code   RO         4107    i.log_skip          nrf_log_frontend.o
    0x000019d0   0x000019d0   0x00000050   Code   RO            7    i.main              main.o
    0x00001a20   0x00001a20   0x0000007e   Code   RO         2882    i.memobj_op         nrf_memobj.o
    0x00001a9e   0x00001a9e   0x00000002   PAD
    0x00001aa0   0x00001aa0   0x00000030   Code   RO         4108    i.module_idx_get    nrf_log_frontend.o
    0x00001ad0   0x00001ad0   0x00000006   Code   RO         2629    i.nrf_atomic_flag_clear_fetch  nrf_atomic.o
    0x00001ad6   0x00001ad6   0x00000006   Code   RO         2630    i.nrf_atomic_flag_set  nrf_atomic.o
    0x00001adc   0x00001adc   0x0000000c   Code   RO         2632    i.nrf_atomic_u32_add  nrf_atomic.o
    0x00001ae8   0x00001ae8   0x0000000a   Code   RO         2636    i.nrf_atomic_u32_fetch_and  nrf_atomic.o
    0x00001af2   0x00001af2   0x0000000a   Code   RO         2638    i.nrf_atomic_u32_fetch_store  nrf_atomic.o
    0x00001afc   0x00001afc   0x0000000c   Code   RO         2642    i.nrf_atomic_u32_or  nrf_atomic.o
    0x00001b08   0x00001b08   0x0000000c   Code   RO         2644    i.nrf_atomic_u32_sub  nrf_atomic.o
    0x00001b14   0x00001b14   0x0000003e   Code   RO         2766    i.nrf_balloc_alloc  nrf_balloc.o
    0x00001b52   0x00001b52   0x0000002a   Code   RO         2767    i.nrf_balloc_free   nrf_balloc.o
    0x00001b7c   0x00001b7c   0x00000030   Code   RO         2768    i.nrf_balloc_init   nrf_balloc.o
    0x00001bac   0x00001bac   0x00000010   Code   RO          690    i.nrf_bitmask_bit_is_set  nrfx_gpiote.o
    0x00001bbc   0x00001bbc   0x00000016   Code   RO         4611    i.nrf_delay_ms      bma400.o
    0x00001bd2   0x00001bd2   0x00000002   PAD
    0x00001bd4   0x00001bd4   0x00000018   Code   RO          512    i.nrf_drv_ppi_init  nrf_drv_ppi.o
    0x00001bec   0x00001bec   0x00000040   Code   RO         1305    i.nrf_drv_twi_init  nrf_drv_twi.o
    0x00001c2c   0x00001c2c   0x0000000e   Code   RO         4791    i.nrf_drv_twi_tx    i2c.o
    0x00001c3a   0x00001c3a   0x00000002   PAD
    0x00001c3c   0x00001c3c   0x00000068   Code   RO         1370    i.nrf_drv_uart_init  nrf_drv_uart.o
    0x00001ca4   0x00001ca4   0x00000020   Code   RO         3245    i.nrf_drv_uart_rx   app_uart_fifo.o
    0x00001cc4   0x00001cc4   0x00000020   Code   RO         3246    i.nrf_drv_uart_tx   app_uart_fifo.o
    0x00001ce4   0x00001ce4   0x0000001a   Code   RO         2803    i.nrf_fprintf       nrf_fprintf.o
    0x00001cfe   0x00001cfe   0x00000018   Code   RO         2804    i.nrf_fprintf_buffer_flush  nrf_fprintf.o
    0x00001d16   0x00001d16   0x000001da   Code   RO         2844    i.nrf_fprintf_fmt   nrf_fprintf_format.o
    0x00001ef0   0x00001ef0   0x00000024   Code   RO          691    i.nrf_gpio_cfg      nrfx_gpiote.o
    0x00001f14   0x00001f14   0x00000024   Code   RO         1442    i.nrf_gpio_cfg      nrfx_twim.o
    0x00001f38   0x00001f38   0x00000024   Code   RO         1605    i.nrf_gpio_cfg      nrfx_uarte.o
    0x00001f5c   0x00001f5c   0x00000024   Code   RO         1764    i.nrf_gpio_cfg      nrfx_uart.o
    0x00001f80   0x00001f80   0x00000024   Code   RO         5058    i.nrf_gpio_cfg      port.o
    0x00001fa4   0x00001fa4   0x00000012   Code   RO         1607    i.nrf_gpio_cfg_input  nrfx_uarte.o
    0x00001fb6   0x00001fb6   0x00000012   Code   RO         1766    i.nrf_gpio_cfg_input  nrfx_uart.o
    0x00001fc8   0x00001fc8   0x00000012   Code   RO         5059    i.nrf_gpio_cfg_input  port.o
    0x00001fda   0x00001fda   0x00000014   Code   RO         1608    i.nrf_gpio_cfg_output  nrfx_uarte.o
    0x00001fee   0x00001fee   0x00000014   Code   RO         1767    i.nrf_gpio_cfg_output  nrfx_uart.o
    0x00002002   0x00002002   0x00000022   Code   RO          693    i.nrf_gpio_cfg_sense_set  nrfx_gpiote.o
    0x00002024   0x00002024   0x0000002c   Code   RO          694    i.nrf_gpio_latches_read_and_clear  nrfx_gpiote.o
    0x00002050   0x00002050   0x0000000e   Code   RO         2280    i.nrf_gpio_pin_clear  nrfx_spim.o
    0x0000205e   0x0000205e   0x00000022   Code   RO         5060    i.nrf_gpio_pin_dir_set  port.o
    0x00002080   0x00002080   0x0000001e   Code   RO          695    i.nrf_gpio_pin_present_check  nrfx_gpiote.o
    0x0000209e   0x0000209e   0x0000000e   Code   RO         1306    i.nrf_gpio_pin_set  nrf_drv_twi.o
    0x000020ac   0x000020ac   0x0000000e   Code   RO         2281    i.nrf_gpio_pin_set  nrfx_spim.o
    0x000020ba   0x000020ba   0x0000001c   Code   RO         4612    i.nrf_gpio_pin_toggle  bma400.o
    0x000020d6   0x000020d6   0x00000002   PAD
    0x000020d8   0x000020d8   0x00000014   Code   RO          696    i.nrf_gpiote_event_clear  nrfx_gpiote.o
    0x000020ec   0x000020ec   0x00000010   Code   RO          697    i.nrf_gpiote_event_is_set  nrfx_gpiote.o
    0x000020fc   0x000020fc   0x0000005c   Code   RO         4109    i.nrf_log_backend_add  nrf_log_frontend.o
    0x00002158   0x00002158   0x00000002   Code   RO         3948    i.nrf_log_backend_rtt_flush  nrf_log_backend_rtt.o
    0x0000215a   0x0000215a   0x00000004   Code   RO         3949    i.nrf_log_backend_rtt_init  nrf_log_backend_rtt.o
    0x0000215e   0x0000215e   0x00000002   Code   RO         3950    i.nrf_log_backend_rtt_panic_set  nrf_log_backend_rtt.o
    0x00002160   0x00002160   0x00000018   Code   RO         3951    i.nrf_log_backend_rtt_put  nrf_log_backend_rtt.o
    0x00002178   0x00002178   0x000000c2   Code   RO         4014    i.nrf_log_backend_serial_put  nrf_log_backend_serial.o
    0x0000223a   0x0000223a   0x00000002   PAD
    0x0000223c   0x0000223c   0x00000030   Code   RO         4111    i.nrf_log_color_id_get  nrf_log_frontend.o
    0x0000226c   0x0000226c   0x0000001c   Code   RO         4066    i.nrf_log_default_backends_init  nrf_log_default_backends.o
    0x00002288   0x00002288   0x00000230   Code   RO         4112    i.nrf_log_frontend_dequeue  nrf_log_frontend.o
    0x000024b8   0x000024b8   0x00000008   Code   RO         4114    i.nrf_log_frontend_std_0  nrf_log_frontend.o
    0x000024c0   0x000024c0   0x00000012   Code   RO         4117    i.nrf_log_frontend_std_3  nrf_log_frontend.o
    0x000024d2   0x000024d2   0x00000002   PAD
    0x000024d4   0x000024d4   0x000000b0   Code   RO         4295    i.nrf_log_hexdump_entry_process  nrf_log_str_formatter.o
    0x00002584   0x00002584   0x00000028   Code   RO         4121    i.nrf_log_init      nrf_log_frontend.o
    0x000025ac   0x000025ac   0x00000014   Code   RO         4122    i.nrf_log_module_cnt_get  nrf_log_frontend.o
    0x000025c0   0x000025c0   0x0000001c   Code   RO         4125    i.nrf_log_module_name_get  nrf_log_frontend.o
    0x000025dc   0x000025dc   0x00000028   Code   RO         4126    i.nrf_log_panic     nrf_log_frontend.o
    0x00002604   0x00002604   0x000000b6   Code   RO         4296    i.nrf_log_std_entry_process  nrf_log_str_formatter.o
    0x000026ba   0x000026ba   0x00000060   Code   RO         2883    i.nrf_memobj_alloc  nrf_memobj.o
    0x0000271a   0x0000271a   0x00000032   Code   RO         2884    i.nrf_memobj_free   nrf_memobj.o
    0x0000274c   0x0000274c   0x00000008   Code   RO         2885    i.nrf_memobj_get    nrf_memobj.o
    0x00002754   0x00002754   0x00000004   Code   RO         2886    i.nrf_memobj_pool_init  nrf_memobj.o
    0x00002758   0x00002758   0x0000001e   Code   RO         2887    i.nrf_memobj_put    nrf_memobj.o
    0x00002776   0x00002776   0x00000010   Code   RO         2888    i.nrf_memobj_read   nrf_memobj.o
    0x00002786   0x00002786   0x00000010   Code   RO         2889    i.nrf_memobj_write  nrf_memobj.o
    0x00002796   0x00002796   0x00000002   PAD
    0x00002798   0x00002798   0x00000028   Code   RO         2958    i.nrf_pwr_mgmt_init  nrf_pwr_mgmt.o
    0x000027c0   0x000027c0   0x00000034   Code   RO         2959    i.nrf_pwr_mgmt_run  nrf_pwr_mgmt.o
    0x000027f4   0x000027f4   0x0000001c   Code   RO         3041    i.nrf_ringbuf_init  nrf_ringbuf.o
    0x00002810   0x00002810   0x00000010   Code   RO         1997    i.nrf_saadc_buffer_init  nrfx_saadc.o
    0x00002820   0x00002820   0x00000014   Code   RO         1998    i.nrf_saadc_channel_input_set  nrfx_saadc.o
    0x00002834   0x00002834   0x00000010   Code   RO         1999    i.nrf_saadc_event_check  nrfx_saadc.o
    0x00002844   0x00002844   0x00000014   Code   RO         2000    i.nrf_saadc_event_clear  nrfx_saadc.o
    0x00002858   0x00002858   0x0000000a   Code   RO         3099    i.nrf_section_iter_init  nrf_section_iter.o
    0x00002862   0x00002862   0x00000024   Code   RO         3100    i.nrf_section_iter_item_set  nrf_section_iter.o
    0x00002886   0x00002886   0x0000000a   Code   RO         2282    i.nrf_spim_event_check  nrfx_spim.o
    0x00002890   0x00002890   0x0000000c   Code   RO         1151    i.nrf_timer_event_clear  nrfx_timer.o
    0x0000289c   0x0000289c   0x0000000a   Code   RO         1444    i.nrf_twim_event_check  nrfx_twim.o
    0x000028a6   0x000028a6   0x0000000c   Code   RO         1445    i.nrf_twim_event_clear  nrfx_twim.o
    0x000028b2   0x000028b2   0x0000000a   Code   RO         1768    i.nrf_uart_event_check  nrfx_uart.o
    0x000028bc   0x000028bc   0x0000000c   Code   RO         1769    i.nrf_uart_event_clear  nrfx_uart.o
    0x000028c8   0x000028c8   0x0000000c   Code   RO         1770    i.nrf_uart_int_enable_check  nrfx_uart.o
    0x000028d4   0x000028d4   0x0000000a   Code   RO         1609    i.nrf_uarte_event_check  nrfx_uarte.o
    0x000028de   0x000028de   0x0000000c   Code   RO         1610    i.nrf_uarte_event_clear  nrfx_uarte.o
    0x000028ea   0x000028ea   0x00000002   PAD
    0x000028ec   0x000028ec   0x00000010   Code   RO         1307    i.nrfx_coredep_delay_us  nrf_drv_twi.o
    0x000028fc   0x000028fc   0x00000010   Code   RO         4613    i.nrfx_coredep_delay_us  bma400.o
    0x0000290c   0x0000290c   0x000000a0   Code   RO          703    i.nrfx_gpiote_in_event_enable  nrfx_gpiote.o
    0x000029ac   0x000029ac   0x000000cc   Code   RO          705    i.nrfx_gpiote_in_init  nrfx_gpiote.o
    0x00002a78   0x00002a78   0x00000074   Code   RO          708    i.nrfx_gpiote_init  nrfx_gpiote.o
    0x00002aec   0x00002aec   0x00000010   Code   RO         1446    i.nrfx_is_in_ram    nrfx_twim.o
    0x00002afc   0x00002afc   0x00000010   Code   RO         1611    i.nrfx_is_in_ram    nrfx_uarte.o
    0x00002b0c   0x00002b0c   0x00000060   Code   RO         1007    i.nrfx_ppi_channel_alloc  nrfx_ppi.o
    0x00002b6c   0x00002b6c   0x00000044   Code   RO         1008    i.nrfx_ppi_channel_assign  nrfx_ppi.o
    0x00002bb0   0x00002bb0   0x00000028   Code   RO         1010    i.nrfx_ppi_channel_enable  nrfx_ppi.o
    0x00002bd8   0x00002bd8   0x00000030   Code   RO         1943    i.nrfx_prs_acquire  nrfx_prs.o
    0x00002c08   0x00002c08   0x000000a4   Code   RO         2004    i.nrfx_saadc_buffer_convert  nrfx_saadc.o
    0x00002cac   0x00002cac   0x000000ac   Code   RO         2006    i.nrfx_saadc_channel_init  nrfx_saadc.o
    0x00002d58   0x00002d58   0x00000094   Code   RO         2008    i.nrfx_saadc_init   nrfx_saadc.o
    0x00002dec   0x00002dec   0x0000001c   Code   RO         2013    i.nrfx_saadc_sample_task_get  nrfx_saadc.o
    0x00002e08   0x00002e08   0x0000003a   Code   RO         1154    i.nrfx_timer_compare  nrfx_timer.o
    0x00002e42   0x00002e42   0x00000002   PAD
    0x00002e44   0x00002e44   0x0000001c   Code   RO         1157    i.nrfx_timer_disable  nrfx_timer.o
    0x00002e60   0x00002e60   0x0000001c   Code   RO         1158    i.nrfx_timer_enable  nrfx_timer.o
    0x00002e7c   0x00002e7c   0x0000002a   Code   RO         1159    i.nrfx_timer_extended_compare  nrfx_timer.o
    0x00002ea6   0x00002ea6   0x00000002   PAD
    0x00002ea8   0x00002ea8   0x000000c0   Code   RO         1161    i.nrfx_timer_init   nrfx_timer.o
    0x00002f68   0x00002f68   0x00000020   Code   RO         1162    i.nrfx_timer_is_enabled  nrfx_timer.o
    0x00002f88   0x00002f88   0x00000024   Code   RO         1448    i.nrfx_twim_enable  nrfx_twim.o
    0x00002fac   0x00002fac   0x000000e4   Code   RO         1449    i.nrfx_twim_init    nrfx_twim.o
    0x00003090   0x00003090   0x00000030   Code   RO         1451    i.nrfx_twim_rx      nrfx_twim.o
    0x000030c0   0x000030c0   0x00000036   Code   RO         1454    i.nrfx_twim_tx      nrfx_twim.o
    0x000030f6   0x000030f6   0x00000002   PAD
    0x000030f8   0x000030f8   0x00000028   Code   RO         1456    i.nrfx_twim_xfer    nrfx_twim.o
    0x00003120   0x00003120   0x00000010   Code   RO         1771    i.nrfx_uart_0_irq_handler  nrfx_uart.o
    0x00003130   0x00003130   0x000000d4   Code   RO         1773    i.nrfx_uart_init    nrfx_uart.o
    0x00003204   0x00003204   0x000000ec   Code   RO         1774    i.nrfx_uart_rx      nrfx_uart.o
    0x000032f0   0x000032f0   0x000000a8   Code   RO         1779    i.nrfx_uart_tx      nrfx_uart.o
    0x00003398   0x00003398   0x00000020   Code   RO         1781    i.nrfx_uart_tx_in_progress  nrfx_uart.o
    0x000033b8   0x000033b8   0x00000010   Code   RO         1612    i.nrfx_uarte_0_irq_handler  nrfx_uarte.o
    0x000033c8   0x000033c8   0x0000006c   Code   RO         1614    i.nrfx_uarte_init   nrfx_uarte.o
    0x00003434   0x00003434   0x00000104   Code   RO         1615    i.nrfx_uarte_rx     nrfx_uarte.o
    0x00003538   0x00003538   0x000000ac   Code   RO         1618    i.nrfx_uarte_tx     nrfx_uarte.o
    0x000035e4   0x000035e4   0x0000001c   Code   RO         1620    i.nrfx_uarte_tx_in_progress  nrfx_uarte.o
    0x00003600   0x00003600   0x00000018   Code   RO         5404    i.nvmc_config       system_nrf52.o
    0x00003618   0x00003618   0x0000001c   Code   RO          727    i.pin_configured_set  nrfx_gpiote.o
    0x00003634   0x00003634   0x00000018   Code   RO          728    i.pin_in_use_by_port  nrfx_gpiote.o
    0x0000364c   0x0000364c   0x00000018   Code   RO          729    i.pin_in_use_by_te  nrfx_gpiote.o
    0x00003664   0x00003664   0x000000b4   Code   RO          730    i.port_event_handle  nrfx_gpiote.o
    0x00003718   0x00003718   0x00000010   Code   RO          731    i.port_handler_polarity_get  nrfx_gpiote.o
    0x00003728   0x00003728   0x0000003c   Code   RO         4298    i.postfix_process   nrf_log_str_formatter.o
    0x00003764   0x00003764   0x00000098   Code   RO         4299    i.prefix_process    nrf_log_str_formatter.o
    0x000037fc   0x000037fc   0x0000006c   Code   RO         4614    i.printerConectCheckBMA400  bma400.o
    0x00003868   0x00003868   0x00000018   Code   RO         1945    i.prs_box_get       nrfx_prs.o
    0x00003880   0x00003880   0x0000001e   Code   RO         4986    i.readADC           adc.o
    0x0000389e   0x0000389e   0x00000002   PAD
    0x000038a0   0x000038a0   0x00000020   Code   RO         4615    i.readAccXYZ        bma400.o
    0x000038c0   0x000038c0   0x00000032   Code   RO         1783    i.rx_byte           nrfx_uart.o
    0x000038f2   0x000038f2   0x00000016   Code   RO         1622    i.rx_done_event     nrfx_uarte.o
    0x00003908   0x00003908   0x00000016   Code   RO         1784    i.rx_done_event     nrfx_uart.o
    0x0000391e   0x0000391e   0x00000020   Code   RO         1785    i.rx_enable         nrfx_uart.o
    0x0000393e   0x0000393e   0x00000002   PAD
    0x00003940   0x00003940   0x0000001c   Code   RO         4987    i.saadc_sampling_event_enable  adc.o
    0x0000395c   0x0000395c   0x00000094   Code   RO         4988    i.saadc_sampling_event_init  adc.o
    0x000039f0   0x000039f0   0x00000030   Code   RO         5304    i.saveBMA400        printer45byte.o
    0x00003a20   0x00003a20   0x00000050   Code   RO         3952    i.serial_tx         nrf_log_backend_rtt.o
    0x00003a70   0x00003a70   0x00000018   Code   RO         4617    i.setAccConfig0     bma400.o
    0x00003a88   0x00003a88   0x00000018   Code   RO         4619    i.setAccConfig1Tap  bma400.o
    0x00003aa0   0x00003aa0   0x00000018   Code   RO         4620    i.setInt12Map       bma400.o
    0x00003ab8   0x00003ab8   0x00000018   Code   RO         4621    i.setInt1Map        bma400.o
    0x00003ad0   0x00003ad0   0x00000018   Code   RO         4622    i.setIntConfig0     bma400.o
    0x00003ae8   0x00003ae8   0x00000018   Code   RO         4623    i.setIntConfig1     bma400.o
    0x00003b00   0x00003b00   0x00000018   Code   RO         4624    i.setSoftResetBMA400  bma400.o
    0x00003b18   0x00003b18   0x00000018   Code   RO         4625    i.setTapConfig0     bma400.o
    0x00003b30   0x00003b30   0x00000018   Code   RO         4626    i.setTapConfig1     bma400.o
    0x00003b48   0x00003b48   0x00000098   Code   RO         4128    i.std_n             nrf_log_frontend.o
    0x00003be0   0x00003be0   0x000000aa   Code   RO         1308    i.twi_clear_bus     nrf_drv_twi.o
    0x00003c8a   0x00003c8a   0x00000002   PAD
    0x00003c8c   0x00003c8c   0x00000040   Code   RO         1309    i.twim_evt_handler  nrf_drv_twi.o
    0x00003ccc   0x00003ccc   0x00000194   Code   RO         1457    i.twim_irq_handler  nrfx_twim.o
    0x00003e60   0x00003e60   0x00000298   Code   RO         1458    i.twim_xfer         nrfx_twim.o
    0x000040f8   0x000040f8   0x00000020   Code   RO         1786    i.tx_byte           nrfx_uart.o
    0x00004118   0x00004118   0x0000001a   Code   RO         1623    i.tx_done_event     nrfx_uarte.o
    0x00004132   0x00004132   0x0000001a   Code   RO         1787    i.tx_done_event     nrfx_uart.o
    0x0000414c   0x0000414c   0x00000012   Code   RO         4917    i.uart_error_handle  uart.o
    0x0000415e   0x0000415e   0x00000002   PAD
    0x00004160   0x00004160   0x000000a4   Code   RO         3247    i.uart_event_handler  app_uart_fifo.o
    0x00004204   0x00004204   0x00000030   Code   RO         1371    i.uart_evt_handler  nrf_drv_uart.o
    0x00004234   0x00004234   0x0000012a   Code   RO         1788    i.uart_irq_handler  nrfx_uart.o
    0x0000435e   0x0000435e   0x00000002   PAD
    0x00004360   0x00004360   0x00000030   Code   RO         1372    i.uarte_evt_handler  nrf_drv_uart.o
    0x00004390   0x00004390   0x00000112   Code   RO         1624    i.uarte_irq_handler  nrfx_uarte.o
    0x000044a2   0x000044a2   0x00000002   PAD
    0x000044a4   0x000044a4   0x000000b4   Code   RO         2845    i.unsigned_print    nrf_fprintf_format.o
    0x00004558   0x00004558   0x0000000a   Code   RO         4627    i.writeBMA400       bma400.o
    0x00004562   0x00004562   0x00000002   PAD
    0x00004564   0x00004564   0x00000030   Code   RO         4792    i.writeI2C          i2c.o
    0x00004594   0x00004594   0x00000016   Code   RO         4628    i.writeReadBMA400   bma400.o
    0x000045aa   0x000045aa   0x00000002   PAD
    0x000045ac   0x000045ac   0x0000005c   Code   RO         4793    i.writeReadI2C      i2c.o
    0x00004608   0x00004608   0x00000062   Code   RO         1459    i.xfer_completeness_check  nrfx_twim.o
    0x0000466a   0x0000466a   0x00000002   PAD
    0x0000466c   0x0000466c   0x0000002c   Code   RO         5484    locale$$code        c_w.l(lc_ctype_c.o)
    0x00004698   0x00004698   0x0000000a   Code   RO         5563    x$fpl$fpinit        fz_wm.l(fpinit.o)
    0x000046a2   0x000046a2   0x0000000e   PAD
    0x000046b0   0x000046b0   0x00000006   Data   RO            8    .constdata          main.o
    0x000046b6   0x000046b6   0x00000002   PAD
    0x000046b8   0x000046b8   0x00000004   Data   RO          733    .constdata          nrfx_gpiote.o
    0x000046bc   0x000046bc   0x00000004   PAD
    0x000046c0   0x000046c0   0x00000006   Data   RO         1310    .constdata          nrf_drv_twi.o
    0x000046c6   0x000046c6   0x00000002   PAD
    0x000046c8   0x000046c8   0x00000018   Data   RO         1462    .constdata          nrfx_twim.o
    0x000046e0   0x000046e0   0x00000004   Data   RO         1627    .constdata          nrfx_uarte.o
    0x000046e4   0x000046e4   0x00000004   Data   RO         1791    .constdata          nrfx_uart.o
    0x000046e8   0x000046e8   0x00000010   Data   RO         2846    .constdata          nrf_fprintf_format.o
    0x000046f8   0x000046f8   0x00000018   Data   RO         2963    .constdata          nrf_pwr_mgmt.o
    0x00004710   0x00004710   0x0000000c   Data   RO         2964    .constdata          nrf_pwr_mgmt.o
    0x0000471c   0x0000471c   0x00000020   Data   RO         3249    .constdata          app_uart_fifo.o
    0x0000473c   0x0000473c   0x0000000c   Data   RO         3954    .constdata          nrf_log_backend_rtt.o
    0x00004748   0x00004748   0x00000008   PAD
    0x00004750   0x00004750   0x00000006   Data   RO         3955    .constdata          nrf_log_backend_rtt.o
    0x00004756   0x00004756   0x00000002   PAD
    0x00004758   0x00004758   0x0000000c   Data   RO         4133    .constdata          nrf_log_frontend.o
    0x00004764   0x00004764   0x0000000c   PAD
    0x00004770   0x00004770   0x00000018   Data   RO         4629    .constdata          bma400.o
    0x00004788   0x00004788   0x00000010   Data   RO         4794    .constdata          i2c.o
    0x00004798   0x00004798   0x00000018   Data   RO         4919    .constdata          uart.o
    0x000047b0   0x000047b0   0x0000001d   Data   RO         4989    .constdata          adc.o
    0x000047cd   0x000047cd   0x00000003   PAD
    0x000047d0   0x000047d0   0x00000006   Data   RO         5061    .constdata          port.o
    0x000047d6   0x000047d6   0x00000002   PAD
    0x000047d8   0x000047d8   0x0000000f   Data   RO         5202    .constdata          pinchangeinterrupt.o
    0x000047e7   0x000047e7   0x00000001   PAD
    0x000047e8   0x000047e8   0x00000066   Data   RO         4300    .conststring        nrf_log_str_formatter.o
    0x0000484e   0x0000484e   0x00000002   PAD
    0x00004850   0x00004850   0x00000128   Data   RO         4630    .conststring        bma400.o
    0x00004978   0x00004978   0x00000007   Data   RO          737    .conststrlit        nrfx_gpiote.o
    0x0000497f   0x0000497f   0x00000001   PAD
    0x00004980   0x00004980   0x00000004   Data   RO         1032    .conststrlit        nrfx_ppi.o
    0x00004984   0x00004984   0x00000006   Data   RO         1168    .conststrlit        nrfx_timer.o
    0x0000498a   0x0000498a   0x00000002   PAD
    0x0000498c   0x0000498c   0x00000005   Data   RO         1465    .conststrlit        nrfx_twim.o
    0x00004991   0x00004991   0x00000003   PAD
    0x00004994   0x00004994   0x00000006   Data   RO         1630    .conststrlit        nrfx_uarte.o
    0x0000499a   0x0000499a   0x00000002   PAD
    0x0000499c   0x0000499c   0x00000005   Data   RO         1794    .conststrlit        nrfx_uart.o
    0x000049a1   0x000049a1   0x00000003   PAD
    0x000049a4   0x000049a4   0x00000004   Data   RO         1947    .conststrlit        nrfx_prs.o
    0x000049a8   0x000049a8   0x00000006   Data   RO         2024    .conststrlit        nrfx_saadc.o
    0x000049ae   0x000049ae   0x00000002   PAD
    0x000049b0   0x000049b0   0x00000005   Data   RO         2296    .conststrlit        nrfx_spim.o
    0x000049b5   0x000049b5   0x00000003   PAD
    0x000049b8   0x000049b8   0x00000009   Data   RO         2965    .conststrlit        nrf_pwr_mgmt.o
    0x000049c1   0x000049c1   0x00000003   PAD
    0x000049c4   0x000049c4   0x0000000b   Data   RO         3368    .conststrlit        app_button.o
    0x000049cf   0x000049cf   0x00000001   PAD
    0x000049d0   0x000049d0   0x00000009   Data   RO         3522    .conststrlit        nrf_sortlist.o
    0x000049d9   0x000049d9   0x00000003   PAD
    0x000049dc   0x000049dc   0x0000000a   Data   RO         3594    .conststrlit        app_timer2.o
    0x000049e6   0x000049e6   0x00000002   PAD
    0x000049e8   0x000049e8   0x00000010   Data   RO         4067    .conststrlit        nrf_log_default_backends.o
    0x000049f8   0x000049f8   0x00000004   Data   RO         4134    .conststrlit        nrf_log_frontend.o
    0x000049fc   0x000049fc   0x00000020   Data   RO         5642    Region$$Table       anon$$obj.o
    0x00004a1c   0x00004a1c   0x00000110   Data   RO         5483    locale$$data        c_w.l(lc_ctype_c.o)
    0x00004b2c   0x00004b2c   0x00000010   Data   RO         4069    log_backends        nrf_log_default_backends.o
    0x00004b3c   0x00004b3c   0x00000008   Data   RO          738    log_const_data      nrfx_gpiote.o
    0x00004b44   0x00004b44   0x00000008   Data   RO         1034    log_const_data      nrfx_ppi.o
    0x00004b4c   0x00004b4c   0x00000008   Data   RO         1169    log_const_data      nrfx_timer.o
    0x00004b54   0x00004b54   0x00000008   Data   RO         1466    log_const_data      nrfx_twim.o
    0x00004b5c   0x00004b5c   0x00000008   Data   RO         1631    log_const_data      nrfx_uarte.o
    0x00004b64   0x00004b64   0x00000008   Data   RO         1795    log_const_data      nrfx_uart.o
    0x00004b6c   0x00004b6c   0x00000008   Data   RO         1949    log_const_data      nrfx_prs.o
    0x00004b74   0x00004b74   0x00000008   Data   RO         2025    log_const_data      nrfx_saadc.o
    0x00004b7c   0x00004b7c   0x00000008   Data   RO         2297    log_const_data      nrfx_spim.o
    0x00004b84   0x00004b84   0x00000008   Data   RO         2967    log_const_data      nrf_pwr_mgmt.o
    0x00004b8c   0x00004b8c   0x00000008   Data   RO         3371    log_const_data      app_button.o
    0x00004b94   0x00004b94   0x00000008   Data   RO         3523    log_const_data      nrf_sortlist.o
    0x00004b9c   0x00004b9c   0x00000008   Data   RO         3597    log_const_data      app_timer2.o
    0x00004ba4   0x00004ba4   0x00000008   Data   RO         4138    log_const_data      nrf_log_frontend.o
    0x00004bac   0x00004bac   0x00000014   Data   RO         4139    nrf_balloc          nrf_log_frontend.o


    Execution Region RW_IRAM1 (Exec base: 0x20000000, Load base: 0x00004bc0, Size: 0x00002d58, Max: 0x00010000, ABSOLUTE)

    Exec Addr    Load Addr    Size         Type   Attr      Idx    E Section Name        Object

    0x20000000   0x00004bc0   0x00000001   Data   RW          514    .data               nrf_drv_ppi.o
    0x20000001   0x00004bc1   0x00000003   PAD
    0x20000004   0x00004bc4   0x00000008   Data   RW         1033    .data               nrfx_ppi.o
    0x2000000c   0x00004bcc   0x00000010   Data   RW         1311    .data               nrf_drv_twi.o
    0x2000001c   0x00004bdc   0x0000000c   Data   RW         1373    .data               nrf_drv_uart.o
    0x20000028   0x00004be8   0x00000008   Data   RW         1948    .data               nrfx_prs.o
    0x20000030   0x00004bf0   0x00000004   Data   RW         2544    .data               app_util_platform.o
    0x20000034   0x00004bf4   0x00000008   Data   RW         2966    .data               nrf_pwr_mgmt.o
    0x2000003c   0x00004bfc   0x0000001c   Data   RW         3250    .data               app_uart_fifo.o
    0x20000058   0x00004c18   0x0000000c   Data   RW         3736    .data               drv_rtc.o
    0x20000064   0x00004c24   0x00000001   Data   RW         3956    .data               nrf_log_backend_rtt.o
    0x20000065   0x00004c25   0x00000003   PAD
    0x20000068   0x00004c28   0x00000008   Data   RW         4068    .data               nrf_log_default_backends.o
    0x20000070   0x00004c30   0x00000004   Data   RW         4135    .data               nrf_log_frontend.o
    0x20000074   0x00004c34   0x00000008   Data   RW         4136    .data               nrf_log_frontend.o
    0x2000007c   0x00004c3c   0x00000008   Data   RW         4137    .data               nrf_log_frontend.o
    0x20000084   0x00004c44   0x00000040   Data   RW         4301    .data               nrf_log_str_formatter.o
    0x200000c4   0x00004c84   0x0000000e   Data   RW         4631    .data               bma400.o
    0x200000d2   0x00004c92   0x00000002   PAD
    0x200000d4   0x00004c94   0x00000014   Data   RW         4795    .data               i2c.o
    0x200000e8   0x00004ca8   0x00000004   Data   RW         4990    .data               adc.o
    0x200000ec   0x00004cac   0x00000002   Data   RW         5203    .data               pinchangeinterrupt.o
    0x200000ee   0x00004cae   0x00000012   Data   RW         5314    .data               printer45byte.o
    0x20000100   0x00004cc0   0x00000004   Data   RW         5406    .data               system_nrf52.o
    0x20000104        -       0x0000005c   Zero   RW          732    .bss                nrfx_gpiote.o
    0x20000160        -       0x00000030   Zero   RW         1166    .bss                nrfx_timer.o
    0x20000190        -       0x00000034   Zero   RW         1460    .bss                nrfx_twim.o
    0x200001c4        -       0x00000024   Zero   RW         1625    .bss                nrfx_uarte.o
    0x200001e8        -       0x0000002c   Zero   RW         1789    .bss                nrfx_uart.o
    0x20000214        -       0x00000030   Zero   RW         2015    .bss                nrfx_saadc.o
    0x20000244        -       0x00000024   Zero   RW         2291    .bss                nrfx_spim.o
    0x20000268        -       0x0000000c   Zero   RW         2962    .bss                nrf_pwr_mgmt.o
    0x20000274        -       0x00000020   Zero   RW         3248    .bss                app_uart_fifo.o
    0x20000294        -       0x00000040   Zero   RW         3953    .bss                nrf_log_backend_rtt.o
    0x200002d4        -       0x000000c0   Zero   RW         4129    .bss                nrf_log_frontend.o
    0x20000394        -       0x00000080   Zero   RW         4130    .bss                nrf_log_frontend.o
    0x20000414        -       0x00000018   Zero   RW         4131    .bss                nrf_log_frontend.o
    0x2000042c        -       0x00000420   Zero   RW         4132    .bss                nrf_log_frontend.o
    0x2000084c        -       0x00000288   Zero   RW         4377    .bss                segger_rtt.o
    0x20000ad4        -       0x00000200   Zero   RW         4918    .bss                uart.o
    0x20000cd4        -       0x00000024   Zero   RW         5313    .bss                printer45byte.o
    0x20000cf8        -       0x00000060   Zero   RW         5487    .bss                c_w.l(libspace.o)
    0x20000d58        -       0x00001000   Zero   RW         5393    HEAP                arm_startup_nrf52.o
    0x20001d58        -       0x00001000   Zero   RW         5392    STACK               arm_startup_nrf52.o


==============================================================================

Image component sizes


      Code (inc. data)   RO Data    RW Data    ZI Data      Debug   Object Name

       284         28         29          4          0      14953   adc.o
         0          0         19          0          0       9411   app_button.o
        22          0          0          0          0       2361   app_error.o
         0          0          0          0          0        416   app_error_handler_keil.o
       132         46          0          0          0      30833   app_error_weak.o
       118          0          0          0          0       4410   app_fifo.o
         0          0         18          0          0       5630   app_timer2.o
       392         36         32         28         32      13508   app_uart_fifo.o
        44         10          0          4          0       2808   app_util_platform.o
        64         26        512          0       8192        908   arm_startup_nrf52.o
       990        152        320         14          0      21850   bma400.o
         0          0          0          0          0        548   boards.o
        16          4          0         12          0       4561   drv_rtc.o
       226         32         16         20          0      12801   i2c.o
       296         80          6          0          0      89200   main.o
       294          0          0          0          0       6963   nrf_atomic.o
       152          0          0          0          0       3200   nrf_balloc.o
        24          6          0          1          0        791   nrf_drv_ppi.o
       328         16          6         16          0      21879   nrf_drv_twi.o
       200         26          0         12          0      16908   nrf_drv_uart.o
        50          0          0          0          0       3221   nrf_fprintf.o
       866          4         16          0          0       6114   nrf_fprintf_format.o
       112         18         18          1         64       4881   nrf_log_backend_rtt.o
       194          0          0          0          0      10577   nrf_log_backend_serial.o
        28          4         32          8          0       3073   nrf_log_default_backends.o
      1456        130         44         20       1400      27688   nrf_log_frontend.o
       570        108        102         64          0       5128   nrf_log_str_formatter.o
       346          0          0          0          0       7295   nrf_memobj.o
         0          0          0          0          0       1500   nrf_nvic.o
        92         18         53          8         12      41822   nrf_pwr_mgmt.o
        28          0          0          0          0       2095   nrf_ringbuf.o
        46          0          0          0          0       1780   nrf_section_iter.o
         0          0         17          0          0        869   nrf_sortlist.o
      1228        100         19          0         92      65283   nrfx_gpiote.o
       240         22         12          8          0       9841   nrfx_ppi.o
        84         16         12          8          0       3285   nrfx_prs.o
       912         74         14          0         48      17407   nrfx_saadc.o
       122          6         13          0         36      13408   nrfx_spim.o
       542         60         14          0         48      50191   nrfx_timer.o
      1688         42         37          0         52      62716   nrfx_twim.o
      1368         38         17          0         44      21321   nrfx_uart.o
      1290         36         18          0         36      24871   nrfx_uarte.o
       192         44         15          2          0       6042   pinchangeinterrupt.o
       188          4          6          0          0       8220   port.o
        48         10          0         18         36       2160   printer45byte.o
        26          0          0          0          0        808   rtt.o
       378         34          0          0        648       8314   segger_rtt.o
       752         78          0          4          0      32561   system_nrf52.o
        90         18         24          0        512       1575   uart.o

    ----------------------------------------------------------------------
     16576       1326       1536        260      11252     707985   Object Totals
         0          0         32          0          0          0   (incl. Generated)
        58          0         63          8          0          0   (incl. Padding)

    ----------------------------------------------------------------------

      Code (inc. data)   RO Data    RW Data    ZI Data      Debug   Library Member Name

         8          0          0          0          0         68   __main.o
         0          0          0          0          0          0   __rtentry.o
        12          0          0          0          0          0   __rtentry2.o
         6          0          0          0          0          0   __rtentry4.o
        52          8          0          0          0          0   __scatter.o
        26          0          0          0          0          0   __scatter_copy.o
        28          0          0          0          0          0   __scatter_zi.o
        18          0          0          0          0         80   exit.o
         6          0          0          0          0        152   heapauxi.o
         0          0          0          0          0          0   indicate_semi.o
        44         10        272          0          0         76   lc_ctype_c.o
         2          0          0          0          0          0   libinit.o
        24          0          0          0          0          0   libinit2.o
         2          0          0          0          0          0   libshutdown.o
         2          0          0          0          0          0   libshutdown2.o
         8          4          0          0         96         68   libspace.o
        38          0          0          0          0         68   llushr.o
        16          4          0          0          0         76   rt_ctype_table.o
         8          4          0          0          0         68   rt_locale_intlibspace.o
        78          0          0          0          0         80   rt_memclr_w.o
       138          0          0          0          0         68   rt_memcpy_v6.o
       100          0          0          0          0         80   rt_memcpy_w.o
         2          0          0          0          0          0   rtexit.o
        10          0          0          0          0          0   rtexit2.o
       128          0          0          0          0         68   strcmpv7m.o
        72          0          0          0          0         80   strcpy.o
        62          0          0          0          0         76   strlen.o
        12          4          0          0          0         68   sys_exit.o
        74          0          0          0          0         80   sys_stackheap_outer.o
         2          0          0          0          0         68   use_no_semi.o
        10          0          0          0          0        116   fpinit.o

    ----------------------------------------------------------------------
      1008         34        272          0         96       1440   Library Totals
        20          0          0          0          0          0   (incl. Padding)

    ----------------------------------------------------------------------

      Code (inc. data)   RO Data    RW Data    ZI Data      Debug   Library Name

       978         34        272          0         96       1324   c_w.l
        10          0          0          0          0        116   fz_wm.l

    ----------------------------------------------------------------------
      1008         34        272          0         96       1440   Library Totals

    ----------------------------------------------------------------------

==============================================================================


      Code (inc. data)   RO Data    RW Data    ZI Data      Debug   

     17584       1360       1808        260      11348     684849   Grand Totals
     17584       1360       1808        260      11348     684849   ELF Image Totals
     17584       1360       1808        260          0          0   ROM Totals

==============================================================================

    Total RO  Size (Code + RO Data)                19392 (  18.94kB)
    Total RW  Size (RW Data + ZI Data)             11608 (  11.34kB)
    Total ROM Size (Code + RO Data + RW Data)      19652 (  19.19kB)

==============================================================================

